<html>
<body>
<pre>
<h1>µVision Build Log</h1>
<h2>Tool Versions:</h2>
IDE-Version: ¦ÌVision V5.23.0.0
Copyright (C) 2017 ARM Ltd and ARM Germany GmbH. All rights reserved.
License Information: kang hu, zju, LIC=FQQGK-ZGPEP-16ZQV-PX41N-5XIRW-MGU25
 
Tool Versions:
Toolchain:       MDK-ARM Professional  Version: 5.23
Toolchain Path:  C:\Keil_v5\ARM\ARMCC\Bin
C Compiler:      Armcc.exe V5.06 update 4 (build 422)
Assembler:       Armasm.exe V5.06 update 4 (build 422)
Linker/Locator:  ArmLink.exe V5.06 update 4 (build 422)
Library Manager: ArmAr.exe V5.06 update 4 (build 422)
Hex Converter:   FromElf.exe V5.06 update 4 (build 422)
CPU DLL:         SARMCM3.DLL V5.23
Dialog DLL:      DARMSTM.DLL V1.68.0.0
Target DLL:      Segger\JL2CM3.dll V2.99.23.0
Dialog DLL:      TARMSTM.DLL V1.66.0.0
 
<h2>Project:</h2>
D:\GitHub\Charge2\Firmware\App_hal\user\RTC.uvprojx
Project File Date:  04/06/2018

<h2>Output:</h2>
*** Using Compiler 'V5.06 update 4 (build 422)', folder: 'C:\Keil_v5\ARM\ARMCC\Bin'
Rebuild target 'RTC'
assembling startup_stm32f103xe.s...
compiling stm32f1xx_it.c...
compiling stm32f1xx_hal_can.c...
compiling stm32f1xx_hal.c...
compiling system_stm32f1xx.c...
compiling stm32f1xx_hal_msp.c...
compiling main.c...
..\include\gprs.h(53): warning:  #1-D: last line of file ends without a newline
  extern void deviceConfig(const char *pimei,const char *pimsi,const char * pcsq);
main.c(54): warning:  #223-D: function "memset" declared implicitly
  	memset(buf,0,32);
main.c(128): warning:  #1-D: last line of file ends without a newline
  //}
main.c: 3 warnings, 0 errors
compiling stm32f1xx_hal_adc_ex.c...
compiling stm32f1xx_hal_adc.c...
compiling stm32f1xx_hal_cec.c...
compiling stm32f1xx_hal_cortex.c...
compiling stm32f1xx_hal_crc.c...
compiling stm32f1xx_hal_eth.c...
compiling stm32f1xx_hal_flash.c...
compiling stm32f1xx_hal_dac_ex.c...
compiling stm32f1xx_hal_dac.c...
compiling stm32f1xx_hal_dma.c...
compiling stm32f1xx_hal_gpio_ex.c...
compiling stm32f1xx_hal_flash_ex.c...
compiling stm32f1xx_hal_gpio.c...
compiling stm32f1xx_hal_i2s.c...
compiling stm32f1xx_hal_irda.c...
compiling stm32f1xx_hal_hcd.c...
compiling stm32f1xx_hal_iwdg.c...
compiling stm32f1xx_hal_i2c.c...
compiling stm32f1xx_hal_pcd.c...
compiling stm32f1xx_hal_nand.c...
compiling stm32f1xx_hal_pwr.c...
compiling stm32f1xx_hal_rcc_ex.c...
compiling stm32f1xx_hal_pcd_ex.c...
compiling stm32f1xx_hal_nor.c...
compiling stm32f1xx_hal_pccard.c...
compiling stm32f1xx_hal_rcc.c...
compiling stm32f1xx_hal_spi_ex.c...
compiling stm32f1xx_hal_smartcard.c...
compiling stm32f1xx_hal_rtc.c...
compiling stm32f1xx_hal_sram.c...
compiling stm32f1xx_hal_rtc_ex.c...
compiling stm32f1xx_hal_sd.c...
compiling stm32f1xx_hal_spi.c...
compiling stm32f1xx_hal_tim.c...
compiling stm32f1xx_hal_uart.c...
compiling stm32f1xx_hal_tim_ex.c...
compiling stm32f1xx_ll_fsmc.c...
compiling stm32f1xx_hal_wwdg.c...
compiling stm32f1xx_ll_sdmmc.c...
compiling stm32f1xx_hal_usart.c...
compiling delay.c...
..\sys\delay.c(77): warning:  #1-D: last line of file ends without a newline
  }
..\sys\delay.c: 1 warning, 0 errors
compiling stm32f1xx_ll_usb.c...
compiling sys.c...
compiling croutine.c...
compiling usart.c...
..\sys\usart.c(118): warning:  #223-D: function "MessageReceiveFromISR" declared implicitly
  		MessageReceiveFromISR(usart2RecBuf);
..\sys\usart.c(120): warning:  #223-D: function "memset" declared implicitly
  		memset(usart2RecBuf,0,120);
..\sys\usart.c(108): warning:  #177-D: variable "err"  was declared but never referenced
  	BaseType_t err;
..\sys\usart.c(109): warning:  #177-D: variable "xHighPriorityTaskWoken"  was declared but never referenced
  	BaseType_t xHighPriorityTaskWoken;
..\sys\usart.c(127): warning:  #223-D: function "strlen" declared implicitly
  	int len = strlen(Data);
..\sys\usart.c: 5 warnings, 0 errors
compiling event_groups.c...
compiling list.c...
compiling timers.c...
compiling tasks.c...
compiling queue.c...
compiling message.c...
..\include\gprs.h(53): warning:  #1-D: last line of file ends without a newline
  extern void deviceConfig(const char *pimei,const char *pimsi,const char * pcsq);
..\include\register.h(6): warning:  #1-D: last line of file ends without a newline
  extern int DeviceRegister(void);
..\source\message.c(81): warning:  #940-D: missing return statement at end of non-void function "MessageSendFromISR" 
  }
..\source\message.c(126): warning:  #111-D: statement is unreachable
  	vPortFree(buf);
..\source\message.c(145): warning:  #167-D: argument of type "uint8_t *" is incompatible with parameter of type "const char *"
  		UsartWrite((uint8_t*)cmd);
..\source\message.c(147): warning:  #167-D: argument of type "uint8_t *" is incompatible with parameter of type "const char *"
  		UsartWrite((uint8_t*)Message.payLoad);
..\source\message.c(157): warning:  #167-D: argument of type "uint8_t *" is incompatible with parameter of type "const char *"
  		UsartWrite((uint8_t*)cmd);
..\source\message.c(184): warning:  #940-D: missing return statement at end of non-void function "MessageReceiveFromISR" 
  }
..\source\message.c(172): warning:  #177-D: variable "Res"  was declared but never referenced
  		u8 Res;
..\source\message.c(264): warning:  #111-D: statement is unreachable
  	vPortFree(buf);
..\source\message.c(266): warning:  #1-D: last line of file ends without a newline
  }
..\source\message.c: 11 warnings, 0 errors
compiling para.c...
..\source\para.c(1): warning:  #1-D: last line of file ends without a newline
  #include "para.h"
..\include\para.h(1): warning:  #1-D: last line of file ends without a newline
  #include "sys.h"
..\source\para.c: 2 warnings, 0 errors
compiling active.c...
..\include\active.h(2): warning:  #1-D: last line of file ends without a newline
  #include "sys.h"
..\source\active.c(8): warning:  #1-D: last line of file ends without a newline
  }
..\source\active.c: 2 warnings, 0 errors
compiling heap_4.c...
compiling charge.c...
..\source\charge.c(1): warning:  #1-D: last line of file ends without a newline
  #include "charge.h"
..\include\charge.h(2): warning:  #1-D: last line of file ends without a newline
  #include "sys.h"
..\source\charge.c: 2 warnings, 0 errors
compiling port.c...
compiling gprs.c...
..\include\gprs.h(53): warning:  #1-D: last line of file ends without a newline
  extern void deviceConfig(const char *pimei,const char *pimsi,const char * pcsq);
..\include\register.h(6): warning:  #1-D: last line of file ends without a newline
  extern int DeviceRegister(void);
..\source\gprs.c(262): warning:  #111-D: statement is unreachable
  	return 1;
..\source\gprs.c(294): warning:  #167-D: argument of type "volatile char *" is incompatible with parameter of type "void *restrict"
  								 memcpy(G510.imei,result,15);
..\source\gprs.c(356): warning:  #167-D: argument of type "volatile char *" is incompatible with parameter of type "void *restrict"
  								 memcpy(G510.imsi,result,15);
..\source\gprs.c: 5 warnings, 0 errors
compiling cjson.c...
..\source\cjson.c(31): warning:  #1293-D: assignment in condition
  	if (!(copy = (char*)cJSON_malloc(len))) return 0;
..\source\cjson.c(211): warning:  #1293-D: assignment in condition
  	ptr = str; while ((token = *ptr) && ++len) {if (strchr("\"\\\b\f\n\r\t", token)) len++;
..\source\cjson.c(329): warning:  #1293-D: assignment in condition
  		if (!(new_item = cJSON_New_Item())) return 0; 	/* memory fail */
..\source\cjson.c(420): warning:  #1293-D: assignment in condition
  		if (!(new_item = cJSON_New_Item()))	return 0; /* memory fail */
..\source\cjson.c(600): warning:  #1-D: last line of file ends without a newline
  //}
..\source\cjson.c(11): warning:  #550-D: variable "ep"  was set but never used
  static const char *ep;
..\source\cjson.c: 6 warnings, 0 errors
compiling gpio.c...
..\source\gpio.c(16): warning:  #188-D: enumerated type mixed with another type
  	HAL_GPIO_WritePin(
PIOF, 
PIO_PIN_3, status);
..\source\gpio.c(17): warning:  #1-D: last line of file ends without a newline
  }
..\source\gpio.c: 2 warnings, 0 errors
compiling ota.c...
..\source\ota.c(1): warning:  #1-D: last line of file ends without a newline
  #include "ota.h"
..\include\ota.h(2): warning:  #1-D: last line of file ends without a newline
  #include "sys.h"
..\source\ota.c: 2 warnings, 0 errors
compiling flash.c...
..\source\flash.c(26): warning:  #550-D: variable "FlashStatus"  was set but never used
  	HAL_StatusTypeDef FlashStatus = HAL_OK;
..\source\flash.c(55): warning:  #177-D: variable "FlashStatus"  was declared but never referenced
  	HAL_StatusTypeDef FlashStatus = HAL_OK;	
..\source\flash.c(56): warning:  #550-D: variable "addrx"  was set but never used
  	u32 addrx = 0;
..\source\flash.c: 3 warnings, 0 errors
compiling register.c...
..\include\register.h(6): warning:  #1-D: last line of file ends without a newline
  extern int DeviceRegister(void);
..\include\gprs.h(53): warning:  #1-D: last line of file ends without a newline
  extern void deviceConfig(const char *pimei,const char *pimsi,const char * pcsq);
..\source\register.c(31): warning:  #223-D: function "MessageSend" declared implicitly
  		MessageSend(str,1);
..\source\register.c(49): warning:  #111-D: statement is unreachable
  	return -1;
..\source\register.c(50): warning:  #1-D: last line of file ends without a newline
  }
..\source\register.c: 5 warnings, 0 errors
linking...
Program Size: Code=30272 RO-data=856 RW-data=536 ZI-data=23608  
FromELF: creating hex file...
"..\OBJ\Template.axf" - 0 Error(s), 49 Warning(s).

<h2>Collection of Component include folders:</h2>
  .\RTE\_RTC
  C:\Keil_v5\ARM\PACK\Keil\STM32F1xx_DFP\2.2.0\Device\Include

<h2>Collection of Component Files used:</h2>
Build Time Elapsed:  00:00:44
</pre>
</body>
</html>
