Component: ARM Compiler 5.06 update 4 (build 422) Tool: armlink [4d35d2]

==============================================================================

Section Cross References

    main.o(i.StartTask) refers to port.o(i.vPortEnterCritical) for vPortEnterCritical
    main.o(i.StartTask) refers to timers.o(i.xTimerCreate) for xTimerCreate
    main.o(i.StartTask) refers to message.o(i.MsgInfoConfig) for MsgInfoConfig
    main.o(i.StartTask) refers to tasks.o(i.xTaskCreate) for xTaskCreate
    main.o(i.StartTask) refers to tasks.o(i.xTaskGetTickCount) for xTaskGetTickCount
    main.o(i.StartTask) refers to timers.o(i.xTimerGenericCommand) for xTimerGenericCommand
    main.o(i.StartTask) refers to tasks.o(i.vTaskDelete) for vTaskDelete
    main.o(i.StartTask) refers to port.o(i.vPortExitCritical) for vPortExitCritical
    main.o(i.StartTask) refers to gprs.o(.data) for G510
    main.o(i.StartTask) refers to main.o(.data) for connectTimerHandler
    main.o(i.StartTask) refers to main.o(i.testTask) for testTask
    main.o(i.StartTask) refers to net.o(i.NetCheck) for NetCheck
    main.o(i.StartTask) refers to csq.o(i.DeviceUploadCSQ) for DeviceUploadCSQ
    main.o(i.StartTask) refers to message.o(i.MessageReceiveTask) for MessageReceiveTask
    main.o(i.StartTask) refers to message.o(i.MessageSendTask) for MessageSendTask
    main.o(i.StartTask) refers to devcmd.o(i.DevCmdTask) for DevCmdTask
    main.o(i.StartTask) refers to charge.o(i.ChaCmdTask) for ChaCmdTask
    main.o(i.StartTask) refers to chargerep.o(i.ChaRepCheckTask) for ChaRepCheckTask
    main.o(i.main) refers to _printf_percent.o(.ARM.Collect$$_printf_percent$$00000000) for _printf_percent
    main.o(i.main) refers to _printf_f.o(.ARM.Collect$$_printf_percent$$00000003) for _printf_f
    main.o(i.main) refers to printf1.o(x$fpl$printf1) for _printf_fp_dec
    main.o(i.main) refers to _printf_s.o(.ARM.Collect$$_printf_percent$$00000014) for _printf_s
    main.o(i.main) refers to _printf_str.o(.text) for _printf_str
    main.o(i.main) refers to stm32f1xx_hal.o(i.HAL_Init) for HAL_Init
    main.o(i.main) refers to sys.o(i.Stm32_Clock_Init) for Stm32_Clock_Init
    main.o(i.main) refers to stm32f1xx_hal_cortex.o(i.HAL_NVIC_SetPriorityGrouping) for HAL_NVIC_SetPriorityGrouping
    main.o(i.main) refers to delay.o(i.delay_init) for delay_init
    main.o(i.main) refers to usart.o(i.LogInit) for LogInit
    main.o(i.main) refers to usart.o(i.Usart2Init) for Usart2Init
    main.o(i.main) refers to gpio.o(i.McuPowerInit) for McuPowerInit
    main.o(i.main) refers to gpio.o(i.McuPowerEnable) for McuPowerEnable
    main.o(i.main) refers to delay.o(i.delay_xms) for delay_xms
    main.o(i.main) refers to noretval__2printf.o(.text) for __2printf
    main.o(i.main) refers to atof.o(i.atof) for atof
    main.o(i.main) refers to d2f.o(x$fpl$d2f) for __aeabi_d2f
    main.o(i.main) refers to f2d.o(x$fpl$f2d) for __aeabi_f2d
    main.o(i.main) refers to heap_4.o(i.pvPortMalloc) for pvPortMalloc
    main.o(i.main) refers to rt_memclr.o(.text) for __aeabi_memclr
    main.o(i.main) refers to flash.o(i.STMFLASH_Read) for STMFLASH_Read
    main.o(i.main) refers to tasks.o(i.xTaskCreate) for xTaskCreate
    main.o(i.main) refers to tasks.o(i.vTaskStartScheduler) for vTaskStartScheduler
    main.o(i.main) refers to main.o(.data) for StartTaskHanhler
    main.o(i.main) refers to main.o(i.StartTask) for StartTask
    main.o(i.testTask) refers to message.o(i.MessageSend) for MessageSend
    system_stm32f1xx.o(i.SystemCoreClockUpdate) refers to system_stm32f1xx.o(.data) for SystemCoreClock
    system_stm32f1xx.o(i.SystemCoreClockUpdate) refers to system_stm32f1xx.o(.constdata) for AHBPrescTable
    startup_stm32f103xe.o(STACK) refers (Special) to heapauxi.o(.text) for __use_two_region_memory
    startup_stm32f103xe.o(HEAP) refers (Special) to heapauxi.o(.text) for __use_two_region_memory
    startup_stm32f103xe.o(RESET) refers (Special) to heapauxi.o(.text) for __use_two_region_memory
    startup_stm32f103xe.o(RESET) refers to startup_stm32f103xe.o(STACK) for __initial_sp
    startup_stm32f103xe.o(RESET) refers to startup_stm32f103xe.o(.text) for Reset_Handler
    startup_stm32f103xe.o(RESET) refers to stm32f1xx_it.o(i.NMI_Handler) for NMI_Handler
    startup_stm32f103xe.o(RESET) refers to stm32f1xx_it.o(i.HardFault_Handler) for HardFault_Handler
    startup_stm32f103xe.o(RESET) refers to stm32f1xx_it.o(i.MemManage_Handler) for MemManage_Handler
    startup_stm32f103xe.o(RESET) refers to stm32f1xx_it.o(i.BusFault_Handler) for BusFault_Handler
    startup_stm32f103xe.o(RESET) refers to stm32f1xx_it.o(i.UsageFault_Handler) for UsageFault_Handler
    startup_stm32f103xe.o(RESET) refers to port.o(.emb_text) for SVC_Handler
    startup_stm32f103xe.o(RESET) refers to stm32f1xx_it.o(i.DebugMon_Handler) for DebugMon_Handler
    startup_stm32f103xe.o(RESET) refers to delay.o(i.SysTick_Handler) for SysTick_Handler
[...]
    I2C2_EV_IRQHandler                       0x080002fb   Thumb Code     0  startup_stm32f103xe.o(.text)
    PVD_IRQHandler                           0x080002fb   Thumb Code     0  startup_stm32f103xe.o(.text)
    RCC_IRQHandler                           0x080002fb   Thumb Code     0  startup_stm32f103xe.o(.text)
    RTC_Alarm_IRQHandler                     0x080002fb   Thumb Code     0  startup_stm32f103xe.o(.text)
    RTC_IRQHandler                           0x080002fb   Thumb Code     0  startup_stm32f103xe.o(.text)
    SDIO_IRQHandler                          0x080002fb   Thumb Code     0  startup_stm32f103xe.o(.text)
    SPI1_IRQHandler                          0x080002fb   Thumb Code     0  startup_stm32f103xe.o(.text)
    SPI2_IRQHandler                          0x080002fb   Thumb Code     0  startup_stm32f103xe.o(.text)
    SPI3_IRQHandler                          0x080002fb   Thumb Code     0  startup_stm32f103xe.o(.text)
    TAMPER_IRQHandler                        0x080002fb   Thumb Code     0  startup_stm32f103xe.o(.text)
    TIM1_BRK_IRQHandler                      0x080002fb   Thumb Code     0  startup_stm32f103xe.o(.text)
    TIM1_CC_IRQHandler                       0x080002fb   Thumb Code     0  startup_stm32f103xe.o(.text)
    TIM1_TRG_COM_IRQHandler                  0x080002fb   Thumb Code     0  startup_stm32f103xe.o(.text)
    TIM1_UP_IRQHandler                       0x080002fb   Thumb Code     0  startup_stm32f103xe.o(.text)
    TIM2_IRQHandler                          0x080002fb   Thumb Code     0  startup_stm32f103xe.o(.text)
    TIM3_IRQHandler                          0x080002fb   Thumb Code     0  startup_stm32f103xe.o(.text)
    TIM4_IRQHandler                          0x080002fb   Thumb Code     0  startup_stm32f103xe.o(.text)
    TIM5_IRQHandler                          0x080002fb   Thumb Code     0  startup_stm32f103xe.o(.text)
    TIM6_IRQHandler                          0x080002fb   Thumb Code     0  startup_stm32f103xe.o(.text)
    TIM7_IRQHandler                          0x080002fb   Thumb Code     0  startup_stm32f103xe.o(.text)
    TIM8_BRK_IRQHandler                      0x080002fb   Thumb Code     0  startup_stm32f103xe.o(.text)
    TIM8_CC_IRQHandler                       0x080002fb   Thumb Code     0  startup_stm32f103xe.o(.text)
    TIM8_TRG_COM_IRQHandler                  0x080002fb   Thumb Code     0  startup_stm32f103xe.o(.text)
    TIM8_UP_IRQHandler                       0x080002fb   Thumb Code     0  startup_stm32f103xe.o(.text)
    UART4_IRQHandler                         0x080002fb   Thumb Code     0  startup_stm32f103xe.o(.text)
    UART5_IRQHandler                         0x080002fb   Thumb Code     0  startup_stm32f103xe.o(.text)
    USART3_IRQHandler                        0x080002fb   Thumb Code     0  startup_stm32f103xe.o(.text)
    USBWakeUp_IRQHandler                     0x080002fb   Thumb Code     0  startup_stm32f103xe.o(.text)
    USB_HP_CAN1_TX_IRQHandler                0x080002fb   Thumb Code     0  startup_stm32f103xe.o(.text)
    USB_LP_CAN1_RX0_IRQHandler               0x080002fb   Thumb Code     0  startup_stm32f103xe.o(.text)
    WWDG_IRQHandler                          0x080002fb   Thumb Code     0  startup_stm32f103xe.o(.text)
    __user_initial_stackheap                 0x080002fd   Thumb Code     0  startup_stm32f103xe.o(.text)
    __use_no_semihosting                     0x08000321   Thumb Code     2  use_no_semi_2.o(.text)
    __aeabi_llsr                             0x08000323   Thumb Code     0  llushr.o(.text)
    _ll_ushift_r                             0x08000323   Thumb Code    38  llushr.o(.text)
    __2printf                                0x08000349   Thumb Code    20  noretval__2printf.o(.text)
    __2sprintf                               0x08000361   Thumb Code    34  noretval__2sprintf.o(.text)
    _printf_pre_padding                      0x08000389   Thumb Code    44  _printf_pad.o(.text)
    _printf_post_padding                     0x080003b5   Thumb Code    34  _printf_pad.o(.text)
    _printf_str                              0x080003d7   Thumb Code    82  _printf_str.o(.text)
    _printf_int_dec                          0x08000429   Thumb Code   104  _printf_dec.o(.text)
    _printf_int_hex                          0x080004a1   Thumb Code    84  _printf_hex_int.o(.text)
    _printf_longlong_hex                     0x080004a1   Thumb Code     0  _printf_hex_int.o(.text)
    __printf                                 0x080004f9   Thumb Code   308  __printf_flags_wp.o(.text)
    strchr                                   0x08000631   Thumb Code    20  strchr.o(.text)
    strstr                                   0x08000645   Thumb Code    36  strstr.o(.text)
    strcpy                                   0x08000669   Thumb Code    72  strcpy.o(.text)
    strlen                                   0x080006b1   Thumb Code    62  strlen.o(.text)
    strcat                                   0x080006ef   Thumb Code    24  strcat.o(.text)
    __aeabi_memcpy                           0x08000707   Thumb Code     0  rt_memcpy_v6.o(.text)
    __rt_memcpy                              0x08000707   Thumb Code   138  rt_memcpy_v6.o(.text)
    _memcpy_lastbytes                        0x0800076d   Thumb Code     0  rt_memcpy_v6.o(.text)
    __aeabi_memcpy4                          0x08000791   Thumb Code     0  rt_memcpy_w.o(.text)
    __aeabi_memcpy8                          0x08000791   Thumb Code     0  rt_memcpy_w.o(.text)
    __rt_memcpy_w                            0x08000791   Thumb Code   100  rt_memcpy_w.o(.text)
    _memcpy_lastbytes_aligned                0x080007d9   Thumb Code     0  rt_memcpy_w.o(.text)
    __aeabi_memset                           0x080007f5   Thumb Code    16  aeabi_memset.o(.text)
    __aeabi_memclr                           0x08000805   Thumb Code     0  rt_memclr.o(.text)
    __rt_memclr                              0x08000805   Thumb Code    68  rt_memclr.o(.text)
    _memset                                  0x08000809   Thumb Code     0  rt_memclr.o(.text)
    __aeabi_memclr4                          0x08000849   Thumb Code     0  rt_memclr_w.o(.text)
    __aeabi_memclr8                          0x08000849   Thumb Code     0  rt_memclr_w.o(.text)
    __rt_memclr_w                            0x08000849   Thumb Code    78  rt_memclr_w.o(.text)
    _memset_w                                0x0800084d   Thumb Code     0  rt_memclr_w.o(.text)
    __use_two_region_memory                  0x08000897   Thumb Code     2  heapauxi.o(.text)
    __rt_heap_escrow$2region                 0x08000899   Thumb Code     2  heapauxi.o(.text)
    __rt_heap_expand$2region                 0x0800089b   Thumb Code     2  heapauxi.o(.text)
    __I$use$semihosting                      0x0800089d   Thumb Code     0  use_no_semi.o(.text)
    __use_no_semihosting_swi                 0x0800089d   Thumb Code     2  use_no_semi.o(.text)
    __read_errno                             0x0800089f   Thumb Code    10  _rserrno.o(.text)
    __set_errno                              0x080008a9   Thumb Code    12  _rserrno.o(.text)
    _printf_int_common                       0x080008b5   Thumb Code   178  _printf_intcommon.o(.text)
    __lib_sel_fp_printf                      0x08000967   Thumb Code     2  _printf_fp_dec.o(.text)
    _printf_fp_dec_real                      0x08000b15   Thumb Code   620  _printf_fp_dec.o(.text)
    _printf_char_common                      0x08000d8b   Thumb Code    32  _printf_char_common.o(.text)
    _sputc                                   0x08000db1   Thumb Code    10  _sputc.o(.text)
    _printf_cs_common                        0x08000dbb   Thumb Code    20  _printf_char.o(.text)
    _printf_char                             0x08000dcf   Thumb Code    16  _printf_char.o(.text)
    _printf_string                           0x08000ddf   Thumb Code     8  _printf_char.o(.text)
    _printf_char_file                        0x08000de9   Thumb Code    32  _printf_char_file.o(.text)
    __strtod_int                             0x08000e49   Thumb Code    90  strtod.o(.text)
    __rt_locale                              0x08000eb1   Thumb Code     8  rt_locale_intlibspace.o(.text)
    __aeabi_errno_addr                       0x08000eb9   Thumb Code     8  rt_errno_addr_intlibspace.o(.text)
    __errno$intlibspace                      0x08000eb9   Thumb Code     0  rt_errno_addr_intlibspace.o(.text)
    __rt_errno_addr$intlibspace              0x08000eb9   Thumb Code     0  rt_errno_addr_intlibspace.o(.text)
    _ll_udiv10                               0x08000ec1   Thumb Code   138  lludiv10.o(.text)
    isspace                                  0x08000f4b   Thumb Code    18  isspace.o(.text)
    _printf_fp_infnan                        0x08000f5d   Thumb Code   112  _printf_fp_infnan.o(.text)
    _sgetc                                   0x08000fdd   Thumb Code    30  _sgetc.o(.text)
    _sbackspace                              0x08000ffb   Thumb Code    34  _sgetc.o(.text)
    _btod_etento                             0x0800101d   Thumb Code   216  bigflt0.o(.text)
    ferror                                   0x080010f9   Thumb Code     8  ferror.o(.text)
    __user_libspace                          0x08001101   Thumb Code     8  libspace.o(.text)
    __user_perproc_libspace                  0x08001101   Thumb Code     0  libspace.o(.text)
    __user_perthread_libspace                0x08001101   Thumb Code     0  libspace.o(.text)
    __user_setup_stackheap                   0x08001109   Thumb Code    74  sys_stackheap_outer.o(.text)
    __rt_ctype_table                         0x08001155   Thumb Code    16  rt_ctype_table.o(.text)
    _scanf_really_real                       0x08001361   Thumb Code   668  scanf_fp.o(.text)
    exit                                     0x08001609   Thumb Code    18  exit.o(.text)
    strcmp                                   0x0800161d   Thumb Code   128  strcmpv7m.o(.text)
    _scanf_really_hex_real                   0x0800169d   Thumb Code   786  scanf_hexfp.o(.text)
    _scanf_really_infnan                     0x080019bd   Thumb Code   292  scanf_infnan.o(.text)
    __aeabi_llsl                             0x08001af1   Thumb Code     0  llshl.o(.text)
    _ll_shift_l                              0x08001af1   Thumb Code    38  llshl.o(.text)
    _chval                                   0x08001b17   Thumb Code    28  _chval.o(.text)
    _btod_d2e                                0x08001b33   Thumb Code    62  btod.o(CL$$btod_d2e)
    _d2e_denorm_low                          0x08001b71   Thumb Code    70  btod.o(CL$$btod_d2e_denorm_low)
    _d2e_norm_op1                            0x08001bb7   Thumb Code    96  btod.o(CL$$btod_d2e_norm_op1)
    __btod_div_common                        0x08001c17   Thumb Code   696  btod.o(CL$$btod_div_common)
    _e2d                                     0x08001f51   Thumb Code    80  btod.o(CL$$btod_e2d)
    _e2e                                     0x08001fa5   Thumb Code   198  btod.o(CL$$btod_e2e)
    _btod_ediv                               0x0800206b   Thumb Code    40  btod.o(CL$$btod_ediv)
    _btod_edivd                              0x08002093   Thumb Code    40  btod.o(CL$$btod_edivd)
    _btod_emul                               0x080020bb   Thumb Code    40  btod.o(CL$$btod_emul)
    _btod_emuld                              0x080020e3   Thumb Code    40  btod.o(CL$$btod_emuld)
    __btod_mult_common                       0x0800210b   Thumb Code   580  btod.o(CL$$btod_mult_common)
    ADC_ConversionStop_Disable               0x0800234f   Thumb Code    82  stm32f1xx_hal_adc.o(i.ADC_ConversionStop_Disable)
    ADC_Enable                               0x080023a1   Thumb Code   122  stm32f1xx_hal_adc.o(i.ADC_Enable)
    ActivateDevice                           0x08002425   Thumb Code   272  active.o(i.ActivateDevice)
    BusFault_Handler                         0x080025ad   Thumb Code     4  stm32f1xx_it.o(i.BusFault_Handler)
    ChaCmdConfig                             0x080025b1   Thumb Code    18  charge.o(i.ChaCmdConfig)
    ChaCmdTask                               0x080025c9   Thumb Code   100  charge.o(i.ChaCmdTask)
    ChaRepCheckTask                          0x08002661   Thumb Code   298  chargerep.o(i.ChaRepCheckTask)
    ChaRepConfig                             0x080027ed   Thumb Code    32  chargerep.o(i.ChaRepConfig)
    DebugMon_Handler                         0x08002815   Thumb Code     2  stm32f1xx_it.o(i.DebugMon_Handler)
    DecCmdConfig                             0x08002819   Thumb Code    18  devcmd.o(i.DecCmdConfig)
    DevCmdTask                               0x08002831   Thumb Code    98  devcmd.o(i.DevCmdTask)
    DeviceRegister                           0x080028c1   Thumb Code   352  register.o(i.DeviceRegister)
    DeviceUploadCSQ                          0x08002acd   Thumb Code   238  csq.o(i.DeviceUploadCSQ)
    FLASH_PageErase                          0x08002c49   Thumb Code    32  stm32f1xx_hal_flash_ex.o(i.FLASH_PageErase)
    FLASH_WaitForLastOperation               0x08002cf9   Thumb Code   106  stm32f1xx_hal_flash.o(i.FLASH_WaitForLastOperation)
    GetChargeMoney                           0x08002d69   Thumb Code    72  port_1.o(i.GetChargeMoney)
    GetChargePortNumber                      0x08002dc1   Thumb Code    62  port_1.o(i.GetChargePortNumber)
    GetErrorPortNumber                       0x08002e11   Thumb Code    62  port_1.o(i.GetErrorPortNumber)
    GetRepPort                               0x08002e69   Thumb Code    78  chargerep.o(i.GetRepPort)
    GetStopPortNumber                        0x08002ec1   Thumb Code    62  port_1.o(i.GetStopPortNumber)
    HAL_ADC_ConfigChannel                    0x08002f19   Thumb Code   438  stm32f1xx_hal_adc.o(i.HAL_ADC_ConfigChannel)
    HAL_ADC_GetValue                         0x080030dd   Thumb Code     8  stm32f1xx_hal_adc.o(i.HAL_ADC_GetValue)
    HAL_ADC_Init                             0x080030e5   Thumb Code   374  stm32f1xx_hal_adc.o(i.HAL_ADC_Init)
    HAL_ADC_MspInit                          0x08003269   Thumb Code     2  stm32f1xx_hal_adc.o(i.HAL_ADC_MspInit)
    HAL_ADC_PollForConversion                0x0800326d   Thumb Code   350  stm32f1xx_hal_adc.o(i.HAL_ADC_PollForConversion)
    HAL_ADC_Start                            0x080033dd   Thumb Code   294  stm32f1xx_hal_adc.o(i.HAL_ADC_Start)
    HAL_Delay                                0x0800350d   Thumb Code    26  stm32f1xx_hal.o(i.HAL_Delay)
    HAL_FLASHEx_Erase                        0x08003529   Thumb Code   168  stm32f1xx_hal_flash_ex.o(i.HAL_FLASHEx_Erase)
    HAL_FLASH_Lock                           0x080035d9   Thumb Code    16  stm32f1xx_hal_flash.o(i.HAL_FLASH_Lock)
    HAL_FLASH_Program                        0x080035ed   Thumb Code   168  stm32f1xx_hal_flash.o(i.HAL_FLASH_Program)
    HAL_FLASH_Unlock                         0x0800369d   Thumb Code    30  stm32f1xx_hal_flash.o(i.HAL_FLASH_Unlock)
    HAL_GPIO_Init                            0x080036c9   Thumb Code   790  stm32f1xx_hal_gpio.o(i.HAL_GPIO_Init)
    HAL_GPIO_WritePin                        0x08003a09   Thumb Code    12  stm32f1xx_hal_gpio.o(i.HAL_GPIO_WritePin)
    HAL_GetTick                              0x08003a15   Thumb Code     6  stm32f1xx_hal.o(i.HAL_GetTick)
    HAL_Init                                 0x08003a21   Thumb Code    34  stm32f1xx_hal.o(i.HAL_Init)
    HAL_InitTick                             0x08003a49   Thumb Code    36  stm32f1xx_hal.o(i.HAL_InitTick)
    HAL_MspInit                              0x08003a6d   Thumb Code     2  stm32f1xx_hal_msp.o(i.HAL_MspInit)
    HAL_NVIC_EnableIRQ                       0x08003a6f   Thumb Code    26  stm32f1xx_hal_cortex.o(i.HAL_NVIC_EnableIRQ)
    HAL_NVIC_SetPriority                     0x08003a89   Thumb Code   124  stm32f1xx_hal_cortex.o(i.HAL_NVIC_SetPriority)
    HAL_NVIC_SetPriorityGrouping             0x08003b05   Thumb Code    32  stm32f1xx_hal_cortex.o(i.HAL_NVIC_SetPriorityGrouping)
    HAL_RCCEx_GetPeriphCLKFreq               0x08003b2d   Thumb Code   324  stm32f1xx_hal_rcc_ex.o(i.HAL_RCCEx_GetPeriphCLKFreq)
    HAL_RCC_ClockConfig                      0x08003c91   Thumb Code   648  stm32f1xx_hal_rcc.o(i.HAL_RCC_ClockConfig)
    HAL_RCC_GetHCLKFreq                      0x08003f29   Thumb Code     6  stm32f1xx_hal_rcc.o(i.HAL_RCC_GetHCLKFreq)
    HAL_RCC_GetPCLK1Freq                     0x08003f35   Thumb Code    36  stm32f1xx_hal_rcc.o(i.HAL_RCC_GetPCLK1Freq)
    HAL_RCC_GetPCLK2Freq                     0x08003f61   Thumb Code    36  stm32f1xx_hal_rcc.o(i.HAL_RCC_GetPCLK2Freq)
    HAL_RCC_GetSysClockFreq                  0x08003f8d   Thumb Code   146  stm32f1xx_hal_rcc.o(i.HAL_RCC_GetSysClockFreq)
    HAL_RCC_OscConfig                        0x08004041   Thumb Code  2164  stm32f1xx_hal_rcc.o(i.HAL_RCC_OscConfig)
    HAL_SYSTICK_CLKSourceConfig              0x080048b9   Thumb Code    40  stm32f1xx_hal_cortex.o(i.HAL_SYSTICK_CLKSourceConfig)
    HAL_SYSTICK_Config                       0x080048e1   Thumb Code    52  stm32f1xx_hal_cortex.o(i.HAL_SYSTICK_Config)
    HAL_UART_ErrorCallback                   0x08004915   Thumb Code     2  stm32f1xx_hal_uart.o(i.HAL_UART_ErrorCallback)
    HAL_UART_IRQHandler                      0x08004917   Thumb Code   218  stm32f1xx_hal_uart.o(i.HAL_UART_IRQHandler)
    HAL_UART_Init                            0x080049f1   Thumb Code   110  stm32f1xx_hal_uart.o(i.HAL_UART_Init)
    HAL_UART_MspInit                         0x08004a5f   Thumb Code     2  stm32f1xx_hal_uart.o(i.HAL_UART_MspInit)
    HAL_UART_Receive_IT                      0x08004a61   Thumb Code   134  stm32f1xx_hal_uart.o(i.HAL_UART_Receive_IT)
    HAL_UART_RxCpltCallback                  0x08004ae7   Thumb Code     2  stm32f1xx_hal_uart.o(i.HAL_UART_RxCpltCallback)
    HAL_UART_TxCpltCallback                  0x08004ae9   Thumb Code     2  stm32f1xx_hal_uart.o(i.HAL_UART_TxCpltCallback)
    HardFault_Handler                        0x08004aeb   Thumb Code     4  stm32f1xx_it.o(i.HardFault_Handler)
    LogInit                                  0x08004af1   Thumb Code   130  usart.o(i.LogInit)
    McuPowerEnable                           0x08004b85   Thumb Code    16  gpio.o(i.McuPowerEnable)
    McuPowerInit                             0x08004b99   Thumb Code    60  gpio.o(i.McuPowerInit)
    MemManage_Handler                        0x08004bdd   Thumb Code     4  stm32f1xx_it.o(i.MemManage_Handler)
    MessageReceiveFromISR                    0x08004be1   Thumb Code    58  message.o(i.MessageReceiveFromISR)
    MessageReceiveTask                       0x08004c45   Thumb Code   646  message.o(i.MessageReceiveTask)
    MessageSend                              0x08004f41   Thumb Code   106  message.o(i.MessageSend)
    MessageSendTask                          0x08004fc9   Thumb Code   146  message.o(i.MessageSendTask)
    MsgInfoConfig                            0x08005071   Thumb Code   112  message.o(i.MsgInfoConfig)
    NMI_Handler                              0x080050f1   Thumb Code     2  stm32f1xx_it.o(i.NMI_Handler)
    NetCheck                                 0x0800512d   Thumb Code   170  net.o(i.NetCheck)
    PortClearFinishStatus                    0x08005235   Thumb Code    60  port_1.o(i.PortClearFinishStatus)
    PortClearUseStatus                       0x0800528d   Thumb Code    60  port_1.o(i.PortClearUseStatus)
    PortClearUseTime                         0x080052e5   Thumb Code    60  port_1.o(i.PortClearUseTime)
    PortError                                0x0800533d   Thumb Code    34  port_1.o(i.PortError)
    PortErrorRep                             0x0800537d   Thumb Code    80  port_1.o(i.PortErrorRep)
    PortSetErrorStatus                       0x080053ed   Thumb Code    58  port_1.o(i.PortSetErrorStatus)
    PortSetUseStatus                         0x08005445   Thumb Code    58  port_1.o(i.PortSetUseStatus)
    PortSetUseTime                           0x0800549d   Thumb Code    62  port_1.o(i.PortSetUseTime)
    PortStopCharge                           0x080054f9   Thumb Code    32  port_1.o(i.PortStopCharge)
    PostChaRep                               0x0800552d   Thumb Code   118  chargerep.o(i.PostChaRep)
    ReleaseDevice                            0x080055b1   Thumb Code    92  active.o(i.ReleaseDevice)
    RepActive                                0x08005631   Thumb Code    86  active.o(i.RepActive)
    STMFLASH_Read                            0x08005699   Thumb Code    32  flash.o(i.STMFLASH_Read)
    STMFLASH_ReadWord                        0x080056b9   Thumb Code     6  flash.o(i.STMFLASH_ReadWord)
    STMFLASH_Store                           0x080056bf   Thumb Code    88  flash.o(i.STMFLASH_Store)
    STMFLASH_Write                           0x08005719   Thumb Code   160  flash.o(i.STMFLASH_Write)
    SetFotaIpSocket                          0x080057bd   Thumb Code    62  fota.o(i.SetFotaIpSocket)
    SetFotaPara                              0x08005819   Thumb Code   146  fota.o(i.SetFotaPara)
    SetFotaSoftVision                        0x080058d1   Thumb Code    62  fota.o(i.SetFotaSoftVision)
    StartCharge                              0x0800592d   Thumb Code    62  port_1.o(i.StartCharge)
    StartFota                                0x08005981   Thumb Code    74  fota.o(i.StartFota)
    StartTask                                0x080059e9   Thumb Code   316  main.o(i.StartTask)
    Stm32_Clock_Init                         0x08005c15   Thumb Code    86  sys.o(i.Stm32_Clock_Init)
    StopCharge                               0x08005c6d   Thumb Code    46  port_1.o(i.StopCharge)
    StopChargeRep                            0x08005cb1   Thumb Code    80  port_1.o(i.StopChargeRep)
    SysTick_Handler                          0x08005d19   Thumb Code    16  delay.o(i.SysTick_Handler)
    SystemInit                               0x08005d29   Thumb Code    70  system_stm32f1xx.o(i.SystemInit)
    USART1_IRQHandler                        0x080060a5   Thumb Code    10  usart.o(i.USART1_IRQHandler)
    USART2_IRQHandler                        0x080060b5   Thumb Code    96  usart.o(i.USART2_IRQHandler)
    UsageFault_Handler                       0x08006125   Thumb Code     4  stm32f1xx_it.o(i.UsageFault_Handler)
    Usart2Init                               0x08006129   Thumb Code   196  usart.o(i.Usart2Init)
    UsartWrite                               0x08006201   Thumb Code    46  usart.o(i.UsartWrite)
    __ARM_fpclassify                         0x08006235   Thumb Code    40  fpclassify.o(i.__ARM_fpclassify)
    __mathlib_dbl_overflow                   0x0800625d   Thumb Code    14  dunder.o(i.__mathlib_dbl_overflow)
    __mathlib_dbl_underflow                  0x0800626d   Thumb Code    10  dunder.o(i.__mathlib_dbl_underflow)
    __mathlib_narrow                         0x0800627d   Thumb Code    16  narrow.o(i.__mathlib_narrow)
    __mathlib_tofloat                        0x0800628d   Thumb Code   132  narrow.o(i.__mathlib_tofloat)
    __support_ldexp                          0x08006315   Thumb Code    22  ldexp.o(i.__support_ldexp)
    _is_digit                                0x0800632b   Thumb Code    14  __printf_wp.o(i._is_digit)
    _sys_exit                                0x08006339   Thumb Code     4  usart.o(i._sys_exit)
    atof                                     0x0800633d   Thumb Code    42  atof.o(i.atof)
    cJSON_AddItemToArray                     0x08006367   Thumb Code    42  cjson.o(i.cJSON_AddItemToArray)
    cJSON_AddItemToObject                    0x08006391   Thumb Code    44  cjson.o(i.cJSON_AddItemToObject)
    cJSON_CreateNumber                       0x080063c1   Thumb Code    36  cjson.o(i.cJSON_CreateNumber)
    cJSON_CreateObject                       0x080063e5   Thumb Code    18  cjson.o(i.cJSON_CreateObject)
    cJSON_CreateString                       0x080063f7   Thumb Code    28  cjson.o(i.cJSON_CreateString)
    cJSON_Delete                             0x08006415   Thumb Code    74  cjson.o(i.cJSON_Delete)
    cJSON_Print                              0x08006485   Thumb Code    16  cjson.o(i.cJSON_Print)
    delay_init                               0x080064c1   Thumb Code    74  delay.o(i.delay_init)
    delay_us                                 0x0800651d   Thumb Code    68  delay.o(i.delay_us)
    delay_xms                                0x08006565   Thumb Code    24  delay.o(i.delay_xms)
    deviceClearErrorStatus                   0x0800657d   Thumb Code    88  port_1.o(i.deviceClearErrorStatus)
    deviceClearFinishStatus                  0x080065e9   Thumb Code    88  port_1.o(i.deviceClearFinishStatus)
    deviceClearUseStatus                     0x08006655   Thumb Code    88  port_1.o(i.deviceClearUseStatus)
    deviceClearUseTime                       0x080066c1   Thumb Code   164  port_1.o(i.deviceClearUseTime)
    deviceConfig                             0x080067b1   Thumb Code   394  gprs.o(i.deviceConfig)
    deviceConnect                            0x080069a5   Thumb Code   100  gprs.o(i.deviceConnect)
    deviceGetAdcValue                        0x08006a75   Thumb Code    56  port_1.o(i.deviceGetAdcValue)
    deviceGetErrorStatus                     0x08006aad   Thumb Code     8  port_1.o(i.deviceGetErrorStatus)
    deviceGetFinishStatus                    0x08006ab5   Thumb Code     8  port_1.o(i.deviceGetFinishStatus)
    deviceGetUseStatus                       0x08006abd   Thumb Code     8  port_1.o(i.deviceGetUseStatus)
    deviceGetUseTime                         0x08006ac5   Thumb Code     6  port_1.o(i.deviceGetUseTime)
    devicePortInit                           0x08006acd   Thumb Code  1288  port_1.o(i.devicePortInit)
    deviceSend                               0x08006ff1   Thumb Code   218  message.o(i.deviceSend)
    deviceSetErrorStatus                     0x08007115   Thumb Code    88  port_1.o(i.deviceSetErrorStatus)
    deviceSetFinishStatus                    0x08007181   Thumb Code   162  port_1.o(i.deviceSetFinishStatus)
    deviceSetUseStatus                       0x08007261   Thumb Code   106  port_1.o(i.deviceSetUseStatus)
    deviceSetUseTime                         0x080072f5   Thumb Code   172  port_1.o(i.deviceSetUseTime)
    deviceSubUseTime                         0x080073f9   Thumb Code     2  port_1.o(i.deviceSubUseTime)
    deviceUpdateCSQ                          0x080073fd   Thumb Code    58  gprs.o(i.deviceUpdateCSQ)
    deviceUpdateErrorStatus                  0x0800746d   Thumb Code   154  port_1.o(i.deviceUpdateErrorStatus)
    deviceUpdateFinishStatus                 0x0800752d   Thumb Code   170  port_1.o(i.deviceUpdateFinishStatus)
    deviceUpdateIMEI                         0x080075fd   Thumb Code    58  gprs.o(i.deviceUpdateIMEI)
    deviceUpdateIMSI                         0x0800766d   Thumb Code    58  gprs.o(i.deviceUpdateIMSI)
    deviceUpdateUseStatus                    0x080076dd   Thumb Code   192  port_1.o(i.deviceUpdateUseStatus)
    deviceUpdateUseTime                      0x080077c5   Thumb Code   202  port_1.o(i.deviceUpdateUseTime)
    floor                                    0x080078c1   Thumb Code   204  floor.o(i.floor)
    fputc                                    0x0800799d   Thumb Code    24  usart.o(i.fputc)
    frexp                                    0x080079b9   Thumb Code    80  frexp.o(i.frexp)
    ldexp                                    0x08007a11   Thumb Code   116  ldexp.o(i.ldexp)
    main                                     0x08007a85   Thumb Code   178  main.o(i.main)
    pvPortMalloc                             0x080093b5   Thumb Code   262  heap_4.o(i.pvPortMalloc)
    pvTaskIncrementMutexHeldCount            0x08009509   Thumb Code    26  tasks.o(i.pvTaskIncrementMutexHeldCount)
    pxPortInitialiseStack                    0x08009529   Thumb Code    30  port.o(i.pxPortInitialiseStack)
    testTask                                 0x08009555   Thumb Code    14  main.o(i.testTask)
    uxListRemove                             0x0800956d   Thumb Code    40  list.o(i.uxListRemove)
    vListInitialise                          0x08009595   Thumb Code    26  list.o(i.vListInitialise)
    vListInitialiseItem                      0x080095af   Thumb Code     6  list.o(i.vListInitialiseItem)
    vListInsert                              0x080095b5   Thumb Code    52  list.o(i.vListInsert)
    vListInsertEnd                           0x080095e9   Thumb Code    24  list.o(i.vListInsertEnd)
    vPortEnterCritical                       0x08009601   Thumb Code    68  port.o(i.vPortEnterCritical)
    vPortExitCritical                        0x08009689   Thumb Code    48  port.o(i.vPortExitCritical)
    vPortFree                                0x080096f9   Thumb Code   120  heap_4.o(i.vPortFree)
    vPortSetupTimerInterrupt                 0x080097b1   Thumb Code    26  port.o(i.vPortSetupTimerInterrupt)
    vPortValidateInterruptPriority           0x080097d1   Thumb Code    86  port.o(i.vPortValidateInterruptPriority)
    vQueueAddToRegistry                      0x08009871   Thumb Code    38  queue.o(i.vQueueAddToRegistry)
    vQueueDelete                             0x0800989d   Thumb Code    34  queue.o(i.vQueueDelete)
    vQueueUnregisterQueue                    0x080098e5   Thumb Code    44  queue.o(i.vQueueUnregisterQueue)
    vQueueWaitForMessageRestricted           0x08009915   Thumb Code    74  queue.o(i.vQueueWaitForMessageRestricted)
    vTaskDelay                               0x08009961   Thumb Code    72  tasks.o(i.vTaskDelay)
    vTaskDelete                              0x080099d5   Thumb Code   192  tasks.o(i.vTaskDelete)
    vTaskMissedYield                         0x08009ae1   Thumb Code     8  tasks.o(i.vTaskMissedYield)
    vTaskPlaceOnEventList                    0x08009aed   Thumb Code    42  tasks.o(i.vTaskPlaceOnEventList)
    vTaskPlaceOnEventListRestricted          0x08009b41   Thumb Code    50  tasks.o(i.vTaskPlaceOnEventListRestricted)
    vTaskPriorityInherit                     0x08009b9d   Thumb Code   164  tasks.o(i.vTaskPriorityInherit)
    vTaskSetTimeOutState                     0x08009c4d   Thumb Code    32  tasks.o(i.vTaskSetTimeOutState)
    vTaskStartScheduler                      0x08009c99   Thumb Code   108  tasks.o(i.vTaskStartScheduler)
    vTaskSuspendAll                          0x08009d45   Thumb Code    12  tasks.o(i.vTaskSuspendAll)
    vTaskSwitchContext                       0x08009d55   Thumb Code   110  tasks.o(i.vTaskSwitchContext)
    xPortStartScheduler                      0x08009dfd   Thumb Code   140  port.o(i.xPortStartScheduler)
    xPortSysTickHandler                      0x08009e9d   Thumb Code    46  port.o(i.xPortSysTickHandler)
    xQueueGenericCreate                      0x08009ed1   Thumb Code    78  queue.o(i.xQueueGenericCreate)
    xQueueGenericReceive                     0x08009f45   Thumb Code   416  queue.o(i.xQueueGenericReceive)
    xQueueGenericReset                       0x0800a10d   Thumb Code   136  queue.o(i.xQueueGenericReset)
    xQueueGenericSend                        0x0800a1bd   Thumb Code   412  queue.o(i.xQueueGenericSend)
    xQueueGenericSendFromISR                 0x0800a381   Thumb Code   234  queue.o(i.xQueueGenericSendFromISR)
    xTaskCheckForTimeOut                     0x0800a491   Thumb Code   116  tasks.o(i.xTaskCheckForTimeOut)
    xTaskCreate                              0x0800a531   Thumb Code    96  tasks.o(i.xTaskCreate)
    xTaskGetSchedulerState                   0x0800a591   Thumb Code    24  tasks.o(i.xTaskGetSchedulerState)
    xTaskGetTickCount                        0x0800a5b1   Thumb Code     6  tasks.o(i.xTaskGetTickCount)
    xTaskIncrementTick                       0x0800a5bd   Thumb Code   272  tasks.o(i.xTaskIncrementTick)
    xTaskPriorityDisinherit                  0x0800a71d   Thumb Code   168  tasks.o(i.xTaskPriorityDisinherit)
    xTaskRemoveFromEventList                 0x0800a7f5   Thumb Code   118  tasks.o(i.xTaskRemoveFromEventList)
    xTaskResumeAll                           0x0800a8a9   Thumb Code   214  tasks.o(i.xTaskResumeAll)
    xTimerCreate                             0x0800a9c9   Thumb Code    48  timers.o(i.xTimerCreate)
    xTimerCreateTimerTask                    0x0800a9f9   Thumb Code    56  timers.o(i.xTimerCreateTimerTask)
    xTimerGenericCommand                     0x0800aa6d   Thumb Code   118  timers.o(i.xTimerGenericCommand)
    _get_lc_numeric                          0x0800ab11   Thumb Code    44  lc_numeric_c.o(locale$$code)
    _get_lc_ctype                            0x0800ab3d   Thumb Code    44  lc_ctype_c.o(locale$$code)
    __aeabi_d2f                              0x0800ab69   Thumb Code     0  d2f.o(x$fpl$d2f)
    _d2f                                     0x0800ab69   Thumb Code    98  d2f.o(x$fpl$d2f)
    __aeabi_dadd                             0x0800abcd   Thumb Code     0  daddsub_clz.o(x$fpl$dadd)
    _dadd                                    0x0800abcd   Thumb Code   332  daddsub_clz.o(x$fpl$dadd)
    __fpl_dcheck_NaN1                        0x0800ad1d   Thumb Code    10  dcheck1.o(x$fpl$dcheck1)
    __fpl_dcmp_Inf                           0x0800ad2d   Thumb Code    24  dcmpi.o(x$fpl$dcmpinf)
    __aeabi_cdcmpeq                          0x0800ad45   Thumb Code     0  deqf.o(x$fpl$deqf)
    _dcmpeq                                  0x0800ad45   Thumb Code   120  deqf.o(x$fpl$deqf)
    __aeabi_d2iz                             0x0800adbd   Thumb Code     0  dfix.o(x$fpl$dfix)
    _dfix                                    0x0800adbd   Thumb Code    94  dfix.o(x$fpl$dfix)
    __aeabi_i2d                              0x0800ae1b   Thumb Code     0  dflt_clz.o(x$fpl$dflt)
    _dflt                                    0x0800ae1b   Thumb Code    46  dflt_clz.o(x$fpl$dflt)
    __aeabi_cdcmple                          0x0800ae49   Thumb Code     0  dleqf.o(x$fpl$dleqf)
    _dcmple                                  0x0800ae49   Thumb Code   120  dleqf.o(x$fpl$dleqf)
    __fpl_dcmple_InfNaN                      0x0800aeab   Thumb Code     0  dleqf.o(x$fpl$dleqf)
    __fpl_dnaninf                            0x0800aec1   Thumb Code   156  dnaninf.o(x$fpl$dnaninf)
    __fpl_dretinf                            0x0800af5d   Thumb Code    12  dretinf.o(x$fpl$dretinf)
    __aeabi_cdrcmple                         0x0800af69   Thumb Code     0  drleqf.o(x$fpl$drleqf)
    _drcmple                                 0x0800af69   Thumb Code   108  drleqf.o(x$fpl$drleqf)
    __aeabi_drsub                            0x0800afd5   Thumb Code     0  daddsub_clz.o(x$fpl$drsb)
    _drsb                                    0x0800afd5   Thumb Code    22  daddsub_clz.o(x$fpl$drsb)
    __aeabi_dsub                             0x0800afed   Thumb Code     0  daddsub_clz.o(x$fpl$dsub)
    _dsub                                    0x0800afed   Thumb Code   464  daddsub_clz.o(x$fpl$dsub)
    __aeabi_f2d                              0x0800b1c1   Thumb Code     0  f2d.o(x$fpl$f2d)
    _f2d                                     0x0800b1c1   Thumb Code    86  f2d.o(x$fpl$f2d)
    __aeabi_i2f                              0x0800b219   Thumb Code     0  fflt_clz.o(x$fpl$fflt)
    _fflt                                    0x0800b219   Thumb Code    48  fflt_clz.o(x$fpl$fflt)
    __fpl_fnaninf                            0x0800b249   Thumb Code   140  fnaninf.o(x$fpl$fnaninf)
    __fpl_fretinf                            0x0800b2d5   Thumb Code    10  fretinf.o(x$fpl$fretinf)
    _printf_fp_dec                           0x0800b2df   Thumb Code     4  printf1.o(x$fpl$printf1)
    __fpl_return_NaN                         0x0800b2e3   Thumb Code   100  retnan.o(x$fpl$retnan)
    __ARM_scalbn                             0x0800b347   Thumb Code    92  scalbn.o(x$fpl$scalbn)
    _scanf_real                              0x0800b3a3   Thumb Code     4  scanf1.o(x$fpl$scanf1)
    _scanf_hex_real                          0x0800b3a7   Thumb Code     4  scanf2.o(x$fpl$scanf2)
    _scanf_infnan                            0x0800b3ab   Thumb Code     4  scanf2.o(x$fpl$scanf2)
    __fpl_cmpreturn                          0x0800b3af   Thumb Code    48  trapv.o(x$fpl$trapveneer)
    AHBPrescTable                            0x0800b3de   Data          16  system_stm32f1xx.o(.constdata)
    __I$use$fp                               0x0800b3de   Number         0  usenofp.o(x$fpl$usenofp)
    APBPrescTable                            0x0800b3ee   Data           8  system_stm32f1xx.o(.constdata)
    Region$$Table$$Base                      0x0800b5c8   Number         0  anon$$obj.o(Region$$Table)
    Region$$Table$$Limit                     0x0800b5e8   Number         0  anon$$obj.o(Region$$Table)
    __aeabi_HUGE_VAL                         0x0800b5e8   Data           0  fpconst.o(c$$dinf)
    __aeabi_HUGE_VALL                        0x0800b5e8   Data           0  fpconst.o(c$$dinf)
    __aeabi_INFINITY                         0x0800b5e8   Data           0  fpconst.o(c$$dinf)
    __dInf                                   0x0800b5e8   Data           0  fpconst.o(c$$dinf)
    __huge_val                               0x0800b5e8   Data           0  fpconst.o(c$$dinf)
    __ctype                                  0x0800b619   Data           0  lc_ctype_c.o(locale$$data)
    StartTaskHanhler                         0x20000000   Data           4  main.o(.data)
    MsgRecTaskHanhler                        0x20000004   Data           4  main.o(.data)
    MsgSendTaskHanhler                       0x20000008   Data           4  main.o(.data)
    DeviceCmdTaskHanhler                     0x2000000c   Data           4  main.o(.data)
    ChargeCmdTaskHanhler                     0x20000010   Data           4  main.o(.data)
    ChargeCheckTaskHanhler                   0x20000014   Data           4  main.o(.data)
    connectTimerHandler                      0x20000018   Data           4  main.o(.data)
    testTimerHandler                         0x2000001c   Data           4  main.o(.data)
    CSQTimerHandler                          0x20000020   Data           4  main.o(.data)
    NetTimerHandler                          0x20000024   Data           4  main.o(.data)
    SystemCoreClock                          0x20000028   Data           4  system_stm32f1xx.o(.data)
    __stdout                                 0x20000034   Data           4  usart.o(.data)
    usart2RecLen                             0x20000038   Data           2  usart.o(.data)
    pxCurrentTCB                             0x2000003c   Data           4  tasks.o(.data)
    G510                                     0x200000b0   Data         356  gprs.o(.data)
    UsartRecMsgQueue                         0x20000214   Data           4  message.o(.data)
    ChaCmdQueue                              0x20000228   Data           4  charge.o(.data)
    RigisterBinarySemaphore                  0x2000022c   Data           4  register.o(.data)
    CSQBinarySemaphore                       0x20000230   Data           4  csq.o(.data)
    DevCmdQueue                              0x20000234   Data           4  devcmd.o(.data)
    NetBinarySemaphore                       0x200010ec   Data           4  net.o(.data)
    ChaRepQueue                              0x200010f0   Data           4  chargerep.o(.data)
    ChaRepCheckQueue                         0x200010f4   Data           4  chargerep.o(.data)
    pFlash                                   0x200010f8   Data          32  stm32f1xx_hal_flash.o(.bss)
    UART2_Handler                            0x20001118   Data          64  usart.o(.bss)
    UART1_Handler                            0x20001158   Data          64  usart.o(.bss)
    xQueueRegistry                           0x20001210   Data          64  queue.o(.bss)
    STMFLASH_BUF                             0x200066f0   Data        2048  flash.o(.bss)
    __libspace_start                         0x20006ef0   Data          96  libspace.o(.bss)
    __temporary_stack_top$libspace           0x20006f50   Data           0  libspace.o(.bss)



==============================================================================

Memory Map of the image

  Image Entry point : 0x08000131

  Load Region LR_IROM1 (Base: 0x08000000, Size: 0x0000c814, Max: 0x00080000, ABSOLUTE, COMPRESSED[0x0000ba8c])

    Execution Region ER_IROM1 (Base: 0x08000000, Size: 0x0000b71c, Max: 0x00080000, ABSOLUTE)

    Base Addr    Size         Type   Attr      Idx    E Section Name        Object

    0x08000000   0x00000130   Data   RO          502    RESET               startup_stm32f103xe.o
    0x08000130   0x00000008   Code   RO         9083  * !!!main             c_w.l(__main.o)
    0x08000138   0x00000034   Code   RO         9491    !!!scatter          c_w.l(__scatter.o)
    0x0800016c   0x0000005a   Code   RO         9489    !!dczerorl2         c_w.l(__dczerorl2.o)
    0x080001c6   0x00000002   PAD
    0x080001c8   0x0000001c   Code   RO         9493    !!handler_zi        c_w.l(__scatter_zi.o)
    0x080001e4   0x00000000   Code   RO         9058    .ARM.Collect$$_printf_percent$$00000000  c_w.l(_printf_percent.o)
    0x080001e4   0x00000006   Code   RO         9056    .ARM.Collect$$_printf_percent$$00000003  c_w.l(_printf_f.o)
    0x080001ea   0x00000006   Code   RO         9057    .ARM.Collect$$_printf_percent$$00000004  c_w.l(_printf_e.o)
    0x080001f0   0x00000006   Code   RO         9054    .ARM.Collect$$_printf_percent$$00000009  c_w.l(_printf_d.o)
    0x080001f6   0x00000006   Code   RO         9053    .ARM.Collect$$_printf_percent$$0000000C  c_w.l(_printf_x.o)
    0x080001fc   0x00000006   Code   RO         9052    .ARM.Collect$$_printf_percent$$00000014  c_w.l(_printf_s.o)
    0x08000202   0x00000004   Code   RO         9170    .ARM.Collect$$_printf_percent$$00000017  c_w.l(_printf_percent_end.o)
    0x08000206   0x00000002   Code   RO         9318    .ARM.Collect$$libinit$$00000000  c_w.l(libinit.o)
    0x08000208   0x00000000   Code   RO         9320    .ARM.Collect$$libinit$$00000002  c_w.l(libinit2.o)
    0x08000208   0x00000000   Code   RO         9322    .ARM.Collect$$libinit$$00000004  c_w.l(libinit2.o)
    0x08000208   0x00000000   Code   RO         9325    .ARM.Collect$$libinit$$0000000A  c_w.l(libinit2.o)
    0x08000208   0x00000000   Code   RO         9327    .ARM.Collect$$libinit$$0000000C  c_w.l(libinit2.o)
    0x08000208   0x00000000   Code   RO         9329    .ARM.Collect$$libinit$$0000000E  c_w.l(libinit2.o)
    0x08000208   0x00000006   Code   RO         9330    .ARM.Collect$$libinit$$0000000F  c_w.l(libinit2.o)
    0x0800020e   0x00000000   Code   RO         9332    .ARM.Collect$$libinit$$00000011  c_w.l(libinit2.o)
    0x0800020e   0x0000000c   Code   RO         9333    .ARM.Collect$$libinit$$00000012  c_w.l(libinit2.o)
    0x0800021a   0x00000000   Code   RO         9334    .ARM.Collect$$libinit$$00000013  c_w.l(libinit2.o)
    0x0800021a   0x00000000   Code   RO         9336    .ARM.Collect$$libinit$$00000015  c_w.l(libinit2.o)
    0x0800021a   0x0000000a   Code   RO         9337    .ARM.Collect$$libinit$$00000016  c_w.l(libinit2.o)
    0x08000224   0x00000000   Code   RO         9338    .ARM.Collect$$libinit$$00000017  c_w.l(libinit2.o)
    0x08000224   0x00000000   Code   RO         9340    .ARM.Collect$$libinit$$00000019  c_w.l(libinit2.o)
    0x08000224   0x00000000   Code   RO         9342    .ARM.Collect$$libinit$$0000001B  c_w.l(libinit2.o)
    0x08000224   0x00000000   Code   RO         9344    .ARM.Collect$$libinit$$0000001D  c_w.l(libinit2.o)
    0x08000224   0x00000000   Code   RO         9346    .ARM.Collect$$libinit$$0000001F  c_w.l(libinit2.o)
    0x08000224   0x00000000   Code   RO         9348    .ARM.Collect$$libinit$$00000021  c_w.l(libinit2.o)
    0x08000224   0x00000000   Code   RO         9350    .ARM.Collect$$libinit$$00000023  c_w.l(libinit2.o)
    0x08000224   0x00000000   Code   RO         9352    .ARM.Collect$$libinit$$00000025  c_w.l(libinit2.o)
    0x08000224   0x00000000   Code   RO         9356    .ARM.Collect$$libinit$$0000002C  c_w.l(libinit2.o)
    0x08000224   0x00000000   Code   RO         9358    .ARM.Collect$$libinit$$0000002E  c_w.l(libinit2.o)
    0x08000224   0x00000000   Code   RO         9360    .ARM.Collect$$libinit$$00000030  c_w.l(libinit2.o)
    0x08000224   0x00000000   Code   RO         9362    .ARM.Collect$$libinit$$00000032  c_w.l(libinit2.o)
    0x08000224   0x00000002   Code   RO         9363    .ARM.Collect$$libinit$$00000033  c_w.l(libinit2.o)
    0x08000226   0x00000002   Code   RO         9441    .ARM.Collect$$libshutdown$$00000000  c_w.l(libshutdown.o)
    0x08000228   0x00000000   Code   RO         9472    .ARM.Collect$$libshutdown$$00000002  c_w.l(libshutdown2.o)
    0x08000228   0x00000000   Code   RO         9474    .ARM.Collect$$libshutdown$$00000004  c_w.l(libshutdown2.o)
    0x08000228   0x00000000   Code   RO         9477    .ARM.Collect$$libshutdown$$00000007  c_w.l(libshutdown2.o)
    0x08000228   0x00000000   Code   RO         9480    .ARM.Collect$$libshutdown$$0000000A  c_w.l(libshutdown2.o)
    0x08000228   0x00000000   Code   RO         9482    .ARM.Collect$$libshutdown$$0000000C  c_w.l(libshutdown2.o)
    0x08000228   0x00000000   Code   RO         9485    .ARM.Collect$$libshutdown$$0000000F  c_w.l(libshutdown2.o)
    0x08000228   0x00000002   Code   RO         9486    .ARM.Collect$$libshutdown$$00000010  c_w.l(libshutdown2.o)
    0x0800022a   0x00000000   Code   RO         9151    .ARM.Collect$$rtentry$$00000000  c_w.l(__rtentry.o)
    0x0800022a   0x00000000   Code   RO         9220    .ARM.Collect$$rtentry$$00000002  c_w.l(__rtentry2.o)
    0x0800022a   0x00000006   Code   RO         9232    .ARM.Collect$$rtentry$$00000004  c_w.l(__rtentry4.o)
    0x08000230   0x00000000   Code   RO         9222    .ARM.Collect$$rtentry$$00000009  c_w.l(__rtentry2.o)
    0x08000230   0x00000004   Code   RO         9223    .ARM.Collect$$rtentry$$0000000A  c_w.l(__rtentry2.o)
    0x08000234   0x00000000   Code   RO         9225    .ARM.Collect$$rtentry$$0000000C  c_w.l(__rtentry2.o)
    0x08000234   0x00000008   Code   RO         9226    .ARM.Collect$$rtentry$$0000000D  c_w.l(__rtentry2.o)
    0x0800023c   0x00000002   Code   RO         9366    .ARM.Collect$$rtexit$$00000000  c_w.l(rtexit.o)
    0x0800023e   0x00000000   Code   RO         9399    .ARM.Collect$$rtexit$$00000002  c_w.l(rtexit2.o)
    0x0800023e   0x00000004   Code   RO         9400    .ARM.Collect$$rtexit$$00000003  c_w.l(rtexit2.o)
    0x08000242   0x00000006   Code   RO         9401    .ARM.Collect$$rtexit$$00000004  c_w.l(rtexit2.o)
    0x08000248   0x00000096   Code   RO         7706    .emb_text           port.o
    0x080002de   0x00000002   PAD
    0x080002e0   0x00000040   Code   RO          503    .text               startup_stm32f103xe.o
    0x08000320   0x00000002   Code   RO         8988    .text               c_w.l(use_no_semi_2.o)
    0x08000322   0x00000026   Code   RO         8992    .text               c_w.l(llushr.o)
    0x08000348   0x00000018   Code   RO         8998    .text               c_w.l(noretval__2printf.o)
    0x08000360   0x00000028   Code   RO         9000    .text               c_w.l(noretval__2sprintf.o)
    0x08000388   0x0000004e   Code   RO         9004    .text               c_w.l(_printf_pad.o)
    0x080003d6   0x00000052   Code   RO         9006    .text               c_w.l(_printf_str.o)
    0x08000428   0x00000078   Code   RO         9008    .text               c_w.l(_printf_dec.o)
    0x080004a0   0x00000058   Code   RO         9013    .text               c_w.l(_printf_hex_int.o)
    0x080004f8   0x00000138   Code   RO         9043    .text               c_w.l(__printf_flags_wp.o)
    0x08000630   0x00000014   Code   RO         9059    .text               c_w.l(strchr.o)
    0x08000644   0x00000024   Code   RO         9061    .text               c_w.l(strstr.o)
    0x08000668   0x00000048   Code   RO         9063    .text               c_w.l(strcpy.o)
    0x080006b0   0x0000003e   Code   RO         9065    .text               c_w.l(strlen.o)
    0x080006ee   0x00000018   Code   RO         9069    .text               c_w.l(strcat.o)
    0x08000706   0x0000008a   Code   RO         9071    .text               c_w.l(rt_memcpy_v6.o)
    0x08000790   0x00000064   Code   RO         9073    .text               c_w.l(rt_memcpy_w.o)
    0x080007f4   0x00000010   Code   RO         9075    .text               c_w.l(aeabi_memset.o)
    0x08000804   0x00000044   Code   RO         9077    .text               c_w.l(rt_memclr.o)
    0x08000848   0x0000004e   Code   RO         9079    .text               c_w.l(rt_memclr_w.o)
    0x08000896   0x00000006   Code   RO         9081    .text               c_w.l(heapauxi.o)
    0x0800089c   0x00000002   Code   RO         9149    .text               c_w.l(use_no_semi.o)
    0x0800089e   0x00000016   Code   RO         9156    .text               c_w.l(_rserrno.o)
    0x080008b4   0x000000b2   Code   RO         9158    .text               c_w.l(_printf_intcommon.o)
    0x08000966   0x0000041a   Code   RO         9160    .text               c_w.l(_printf_fp_dec.o)
    0x08000d80   0x00000030   Code   RO         9162    .text               c_w.l(_printf_char_common.o)
    0x08000db0   0x0000000a   Code   RO         9164    .text               c_w.l(_sputc.o)
    0x08000dba   0x0000002c   Code   RO         9166    .text               c_w.l(_printf_char.o)
    0x08000de6   0x00000002   PAD
    0x08000de8   0x00000024   Code   RO         9168    .text               c_w.l(_printf_char_file.o)
    0x08000e0c   0x000000a4   Code   RO         9171    .text               c_w.l(strtod.o)
    0x08000eb0   0x00000008   Code   RO         9239    .text               c_w.l(rt_locale_intlibspace.o)
    0x08000eb8   0x00000008   Code   RO         9244    .text               c_w.l(rt_errno_addr_intlibspace.o)
    0x08000ec0   0x0000008a   Code   RO         9246    .text               c_w.l(lludiv10.o)
    0x08000f4a   0x00000012   Code   RO         9248    .text               c_w.l(isspace.o)
    0x08000f5c   0x00000080   Code   RO         9250    .text               c_w.l(_printf_fp_infnan.o)
    0x08000fdc   0x00000040   Code   RO         9254    .text               c_w.l(_sgetc.o)
    0x0800101c   0x000000dc   Code   RO         9256    .text               c_w.l(bigflt0.o)
    0x080010f8   0x00000008   Code   RO         9281    .text               c_w.l(ferror.o)
    0x08001100   0x00000008   Code   RO         9296    .text               c_w.l(libspace.o)
    0x08001108   0x0000004a   Code   RO         9299    .text               c_w.l(sys_stackheap_outer.o)
    0x08001152   0x00000002   PAD
    0x08001154   0x00000010   Code   RO         9301    .text               c_w.l(rt_ctype_table.o)
    0x08001164   0x000004a4   Code   RO         9303    .text               c_w.l(scanf_fp.o)
    0x08001608   0x00000012   Code   RO         9305    .text               c_w.l(exit.o)
    0x0800161a   0x00000002   PAD
    0x0800161c   0x00000080   Code   RO         9311    .text               c_w.l(strcmpv7m.o)
    0x0800169c   0x00000320   Code   RO         9405    .text               c_w.l(scanf_hexfp.o)
    0x080019bc   0x00000134   Code   RO         9407    .text               c_w.l(scanf_infnan.o)
    0x08001af0   0x00000026   Code   RO         9429    .text               c_w.l(llshl.o)
    0x08001b16   0x0000001c   Code   RO         9431    .text               c_w.l(_chval.o)
    0x08001b32   0x0000003e   Code   RO         9259    CL$$btod_d2e        c_w.l(btod.o)
    0x08001b70   0x00000046   Code   RO         9261    CL$$btod_d2e_denorm_low  c_w.l(btod.o)
    0x08001bb6   0x00000060   Code   RO         9260    CL$$btod_d2e_norm_op1  c_w.l(btod.o)
    0x08001c16   0x00000338   Code   RO         9269    CL$$btod_div_common  c_w.l(btod.o)
    0x08001f4e   0x00000002   PAD
    0x08001f50   0x00000054   Code   RO         9267    CL$$btod_e2d        c_w.l(btod.o)
    0x08001fa4   0x000000c6   Code   RO         9266    CL$$btod_e2e        c_w.l(btod.o)
    0x0800206a   0x00000028   Code   RO         9263    CL$$btod_ediv       c_w.l(btod.o)
    0x08002092   0x00000028   Code   RO         9265    CL$$btod_edivd      c_w.l(btod.o)
    0x080020ba   0x00000028   Code   RO         9262    CL$$btod_emul       c_w.l(btod.o)
    0x080020e2   0x00000028   Code   RO         9264    CL$$btod_emuld      c_w.l(btod.o)
    0x0800210a   0x00000244   Code   RO         9268    CL$$btod_mult_common  c_w.l(btod.o)
    0x0800234e   0x00000052   Code   RO          644    i.ADC_ConversionStop_Disable  stm32f1xx_hal_adc.o
    0x080023a0   0x00000084   Code   RO          648    i.ADC_Enable        stm32f1xx_hal_adc.o
    0x08002424   0x00000188   Code   RO         8140    i.ActivateDevice    active.o
    0x080025ac   0x00000004   Code   RO          300    i.BusFault_Handler  stm32f1xx_it.o
    0x080025b0   0x00000018   Code   RO         8185    i.ChaCmdConfig      charge.o
    0x080025c8   0x00000098   Code   RO         8186    i.ChaCmdTask        charge.o
    0x08002660   0x0000018c   Code   RO         8869    i.ChaRepCheckTask   chargerep.o
    0x080027ec   0x00000028   Code   RO         8870    i.ChaRepConfig      chargerep.o
    0x08002814   0x00000002   Code   RO          301    i.DebugMon_Handler  stm32f1xx_it.o
    0x08002816   0x00000002   PAD
    0x08002818   0x00000018   Code   RO         8389    i.DecCmdConfig      devcmd.o
    0x08002830   0x00000090   Code   RO         8390    i.DevCmdTask        devcmd.o
    0x080028c0   0x0000020c   Code   RO         8329    i.DeviceRegister    register.o
    0x08002acc   0x00000154   Code   RO         8361    i.DeviceUploadCSQ   csq.o
    0x08002c20   0x00000028   Code   RO         1658    i.FLASH_MassErase   stm32f1xx_hal_flash_ex.o
    0x08002c48   0x00000028   Code   RO         1667    i.FLASH_PageErase   stm32f1xx_hal_flash_ex.o
    0x08002c70   0x00000020   Code   RO         1555    i.FLASH_Program_HalfWord  stm32f1xx_hal_flash.o
    0x08002c90   0x00000068   Code   RO         1556    i.FLASH_SetErrorCode  stm32f1xx_hal_flash.o
    0x08002cf8   0x00000070   Code   RO         1557    i.FLASH_WaitForLastOperation  stm32f1xx_hal_flash.o
    0x08002d68   0x00000058   Code   RO         8520    i.GetChargeMoney    port_1.o
    0x08002dc0   0x00000050   Code   RO         8521    i.GetChargePortNumber  port_1.o
    0x08002e10   0x00000058   Code   RO         8522    i.GetErrorPortNumber  port_1.o
    0x08002e68   0x00000058   Code   RO         8871    i.GetRepPort        chargerep.o
    0x08002ec0   0x00000058   Code   RO         8524    i.GetStopPortNumber  port_1.o
    0x08002f18   0x000001c4   Code   RO          650    i.HAL_ADC_ConfigChannel  stm32f1xx_hal_adc.o
    0x080030dc   0x00000008   Code   RO          657    i.HAL_ADC_GetValue  stm32f1xx_hal_adc.o
    0x080030e4   0x00000184   Code   RO          659    i.HAL_ADC_Init      stm32f1xx_hal_adc.o
    0x08003268   0x00000002   Code   RO          662    i.HAL_ADC_MspInit   stm32f1xx_hal_adc.o
    0x0800326a   0x00000002   PAD
    0x0800326c   0x00000170   Code   RO          663    i.HAL_ADC_PollForConversion  stm32f1xx_hal_adc.o
    0x080033dc   0x00000130   Code   RO          665    i.HAL_ADC_Start     stm32f1xx_hal_adc.o
    0x0800350c   0x0000001a   Code   RO          517    i.HAL_Delay         stm32f1xx_hal.o
    0x08003526   0x00000002   PAD
    0x08003528   0x000000b0   Code   RO         1668    i.HAL_FLASHEx_Erase  stm32f1xx_hal_flash_ex.o
    0x080035d8   0x00000014   Code   RO         1561    i.HAL_FLASH_Lock    stm32f1xx_hal_flash.o
    0x080035ec   0x000000b0   Code   RO         1566    i.HAL_FLASH_Program  stm32f1xx_hal_flash.o
    0x0800369c   0x0000002c   Code   RO         1568    i.HAL_FLASH_Unlock  stm32f1xx_hal_flash.o
    0x080036c8   0x00000340   Code   RO         1767    i.HAL_GPIO_Init     stm32f1xx_hal_gpio.o
    0x08003a08   0x0000000c   Code   RO         1771    i.HAL_GPIO_WritePin  stm32f1xx_hal_gpio.o
    0x08003a14   0x0000000c   Code   RO          521    i.HAL_GetTick       stm32f1xx_hal.o
    0x08003a20   0x00000028   Code   RO          523    i.HAL_Init          stm32f1xx_hal.o
    0x08003a48   0x00000024   Code   RO          524    i.HAL_InitTick      stm32f1xx_hal.o
    0x08003a6c   0x00000002   Code   RO          474    i.HAL_MspInit       stm32f1xx_hal_msp.o
    0x08003a6e   0x0000001a   Code   RO         1070    i.HAL_NVIC_EnableIRQ  stm32f1xx_hal_cortex.o
    0x08003a88   0x0000007c   Code   RO         1076    i.HAL_NVIC_SetPriority  stm32f1xx_hal_cortex.o
    0x08003b04   0x00000028   Code   RO         1077    i.HAL_NVIC_SetPriorityGrouping  stm32f1xx_hal_cortex.o
    0x08003b2c   0x00000164   Code   RO         3522    i.HAL_RCCEx_GetPeriphCLKFreq  stm32f1xx_hal_rcc_ex.o
    0x08003c90   0x00000298   Code   RO         3420    i.HAL_RCC_ClockConfig  stm32f1xx_hal_rcc.o
    0x08003f28   0x0000000c   Code   RO         3425    i.HAL_RCC_GetHCLKFreq  stm32f1xx_hal_rcc.o
    0x08003f34   0x0000002c   Code   RO         3427    i.HAL_RCC_GetPCLK1Freq  stm32f1xx_hal_rcc.o
    0x08003f60   0x0000002c   Code   RO         3428    i.HAL_RCC_GetPCLK2Freq  stm32f1xx_hal_rcc.o
    0x08003f8c   0x000000b4   Code   RO         3429    i.HAL_RCC_GetSysClockFreq  stm32f1xx_hal_rcc.o
    0x08004040   0x00000878   Code   RO         3432    i.HAL_RCC_OscConfig  stm32f1xx_hal_rcc.o
    0x080048b8   0x00000028   Code   RO         1079    i.HAL_SYSTICK_CLKSourceConfig  stm32f1xx_hal_cortex.o
    0x080048e0   0x00000034   Code   RO         1081    i.HAL_SYSTICK_Config  stm32f1xx_hal_cortex.o
    0x08004914   0x00000002   Code   RO         5540    i.HAL_UART_ErrorCallback  stm32f1xx_hal_uart.o
    0x08004916   0x000000da   Code   RO         5543    i.HAL_UART_IRQHandler  stm32f1xx_hal_uart.o
    0x080049f0   0x0000006e   Code   RO         5544    i.HAL_UART_Init     stm32f1xx_hal_uart.o
    0x08004a5e   0x00000002   Code   RO         5546    i.HAL_UART_MspInit  stm32f1xx_hal_uart.o
    0x08004a60   0x00000086   Code   RO         5549    i.HAL_UART_Receive_IT  stm32f1xx_hal_uart.o
    0x08004ae6   0x00000002   Code   RO         5550    i.HAL_UART_RxCpltCallback  stm32f1xx_hal_uart.o
    0x08004ae8   0x00000002   Code   RO         5555    i.HAL_UART_TxCpltCallback  stm32f1xx_hal_uart.o
    0x08004aea   0x00000004   Code   RO          302    i.HardFault_Handler  stm32f1xx_it.o
    0x08004aee   0x00000002   PAD
    0x08004af0   0x00000094   Code   RO         6581    i.LogInit           usart.o
    0x08004b84   0x00000014   Code   RO         8959    i.McuPowerEnable    gpio.o
    0x08004b98   0x00000044   Code   RO         8960    i.McuPowerInit      gpio.o
    0x08004bdc   0x00000004   Code   RO          303    i.MemManage_Handler  stm32f1xx_it.o
    0x08004be0   0x00000064   Code   RO         7876    i.MessageReceiveFromISR  message.o
    0x08004c44   0x000002fc   Code   RO         7877    i.MessageReceiveTask  message.o
    0x08004f40   0x00000088   Code   RO         7878    i.MessageSend       message.o
    0x08004fc8   0x000000a8   Code   RO         7880    i.MessageSendTask   message.o
    0x08005070   0x00000080   Code   RO         7881    i.MsgInfoConfig     message.o
    0x080050f0   0x00000002   Code   RO          304    i.NMI_Handler       stm32f1xx_it.o
    0x080050f2   0x00000002   PAD
    0x080050f4   0x00000010   Code   RO         1083    i.NVIC_GetPriorityGrouping  stm32f1xx_hal_cortex.o
    0x08005104   0x00000028   Code   RO         1084    i.NVIC_SetPriority  stm32f1xx_hal_cortex.o
    0x0800512c   0x00000108   Code   RO         8841    i.NetCheck          net.o
    0x08005234   0x00000058   Code   RO         8526    i.PortClearFinishStatus  port_1.o
    0x0800528c   0x00000058   Code   RO         8527    i.PortClearUseStatus  port_1.o
    0x080052e4   0x00000058   Code   RO         8528    i.PortClearUseTime  port_1.o
    0x0800533c   0x00000040   Code   RO         8530    i.PortError         port_1.o
    0x0800537c   0x00000070   Code   RO         8531    i.PortErrorRep      port_1.o
    0x080053ec   0x00000058   Code   RO         8537    i.PortSetErrorStatus  port_1.o
    0x08005444   0x00000058   Code   RO         8539    i.PortSetUseStatus  port_1.o
    0x0800549c   0x0000005c   Code   RO         8540    i.PortSetUseTime    port_1.o
    0x080054f8   0x00000034   Code   RO         8542    i.PortStopCharge    port_1.o
    0x0800552c   0x00000084   Code   RO         8872    i.PostChaRep        chargerep.o
    0x080055b0   0x00000080   Code   RO         8141    i.ReleaseDevice     active.o
    0x08005630   0x00000068   Code   RO         8142    i.RepActive         active.o
    0x08005698   0x00000020   Code   RO         8914    i.STMFLASH_Read     flash.o
    0x080056b8   0x00000006   Code   RO         8915    i.STMFLASH_ReadWord  flash.o
    0x080056be   0x00000058   Code   RO         8916    i.STMFLASH_Store    flash.o
    0x08005716   0x00000002   PAD
    0x08005718   0x000000a4   Code   RO         8917    i.STMFLASH_Write    flash.o
    0x080057bc   0x0000005c   Code   RO         8473    i.SetFotaIpSocket   fota.o
    0x08005818   0x000000b8   Code   RO         8474    i.SetFotaPara       fota.o
    0x080058d0   0x0000005c   Code   RO         8475    i.SetFotaSoftVision  fota.o
    0x0800592c   0x00000054   Code   RO         8548    i.StartCharge       port_1.o
    0x08005980   0x00000068   Code   RO         8476    i.StartFota         fota.o
    0x080059e8   0x0000022c   Code   RO            4    i.StartTask         main.o
    0x08005c14   0x00000056   Code   RO         6538    i.Stm32_Clock_Init  sys.o
    0x08005c6a   0x00000002   PAD
    0x08005c6c   0x00000044   Code   RO         8549    i.StopCharge        port_1.o
    0x08005cb0   0x00000068   Code   RO         8550    i.StopChargeRep     port_1.o
    0x08005d18   0x00000010   Code   RO         6485    i.SysTick_Handler   delay.o
    0x08005d28   0x00000058   Code   RO          361    i.SystemInit        system_stm32f1xx.o
    0x08005d80   0x00000030   Code   RO         5562    i.UART_EndTransmit_IT  stm32f1xx_hal_uart.o
    0x08005db0   0x000000bc   Code   RO         5563    i.UART_Receive_IT   stm32f1xx_hal_uart.o
    0x08005e6c   0x000001c8   Code   RO         5564    i.UART_SetConfig    stm32f1xx_hal_uart.o
    0x08006034   0x00000070   Code   RO         5565    i.UART_Transmit_IT  stm32f1xx_hal_uart.o
    0x080060a4   0x00000010   Code   RO         6582    i.USART1_IRQHandler  usart.o
    0x080060b4   0x00000070   Code   RO         6583    i.USART2_IRQHandler  usart.o
    0x08006124   0x00000004   Code   RO          305    i.UsageFault_Handler  stm32f1xx_it.o
    0x08006128   0x000000d8   Code   RO         6584    i.Usart2Init        usart.o
    0x08006200   0x00000034   Code   RO         6587    i.UsartWrite        usart.o
    0x08006234   0x00000028   Code   RO         9206    i.__ARM_fpclassify  m_ws.l(fpclassify.o)
    0x0800625c   0x0000000e   Code   RO         9196    i.__mathlib_dbl_overflow  m_ws.l(dunder.o)
    0x0800626a   0x00000002   PAD
    0x0800626c   0x00000010   Code   RO         9198    i.__mathlib_dbl_underflow  m_ws.l(dunder.o)
    0x0800627c   0x00000010   Code   RO         9392    i.__mathlib_narrow  m_ws.l(narrow.o)
    0x0800628c   0x00000088   Code   RO         9393    i.__mathlib_tofloat  m_ws.l(narrow.o)
    0x08006314   0x00000016   Code   RO         9443    i.__support_ldexp   m_ws.l(ldexp.o)
    0x0800632a   0x0000000e   Code   RO         9041    i._is_digit         c_w.l(__printf_wp.o)
    0x08006338   0x00000004   Code   RO         6588    i._sys_exit         usart.o
    0x0800633c   0x0000002a   Code   RO         9132    i.atof              m_ws.l(atof.o)
    0x08006366   0x0000002a   Code   RO         7957    i.cJSON_AddItemToArray  cjson.o
    0x08006390   0x00000030   Code   RO         7958    i.cJSON_AddItemToObject  cjson.o
    0x080063c0   0x00000024   Code   RO         7960    i.cJSON_CreateNumber  cjson.o
    0x080063e4   0x00000012   Code   RO         7961    i.cJSON_CreateObject  cjson.o
    0x080063f6   0x0000001c   Code   RO         7962    i.cJSON_CreateString  cjson.o
    0x08006412   0x00000002   PAD
    0x08006414   0x00000050   Code   RO         7963    i.cJSON_Delete      cjson.o
    0x08006464   0x00000020   Code   RO         7964    i.cJSON_New_Item    cjson.o
    0x08006484   0x00000010   Code   RO         7967    i.cJSON_Print       cjson.o
    0x08006494   0x0000002c   Code   RO         7968    i.cJSON_strdup      cjson.o
    0x080064c0   0x0000005c   Code   RO         6486    i.delay_init        delay.o
    0x0800651c   0x00000048   Code   RO         6488    i.delay_us          delay.o
    0x08006564   0x00000018   Code   RO         6489    i.delay_xms         delay.o
    0x0800657c   0x0000006c   Code   RO         8551    i.deviceClearErrorStatus  port_1.o
    0x080065e8   0x0000006c   Code   RO         8552    i.deviceClearFinishStatus  port_1.o
    0x08006654   0x0000006c   Code   RO         8553    i.deviceClearUseStatus  port_1.o
    0x080066c0   0x000000f0   Code   RO         8554    i.deviceClearUseTime  port_1.o
    0x080067b0   0x000001f4   Code   RO         7795    i.deviceConfig      gprs.o
    0x080069a4   0x000000d0   Code   RO         7796    i.deviceConnect     gprs.o
    0x08006a74   0x00000038   Code   RO         8555    i.deviceGetAdcValue  port_1.o
    0x08006aac   0x00000008   Code   RO         8556    i.deviceGetErrorStatus  port_1.o
    0x08006ab4   0x00000008   Code   RO         8557    i.deviceGetFinishStatus  port_1.o
    0x08006abc   0x00000008   Code   RO         8558    i.deviceGetUseStatus  port_1.o
    0x08006ac4   0x00000006   Code   RO         8559    i.deviceGetUseTime  port_1.o
    0x08006aca   0x00000002   PAD
    0x08006acc   0x00000524   Code   RO         8560    i.devicePortInit    port_1.o
    0x08006ff0   0x00000124   Code   RO         7882    i.deviceSend        message.o
    0x08007114   0x0000006c   Code   RO         8561    i.deviceSetErrorStatus  port_1.o
    0x08007180   0x000000e0   Code   RO         8562    i.deviceSetFinishStatus  port_1.o
    0x08007260   0x00000094   Code   RO         8563    i.deviceSetUseStatus  port_1.o
    0x080072f4   0x00000104   Code   RO         8564    i.deviceSetUseTime  port_1.o
    0x080073f8   0x00000002   Code   RO         8565    i.deviceSubUseTime  port_1.o
    0x080073fa   0x00000002   PAD
    0x080073fc   0x00000070   Code   RO         7797    i.deviceUpdateCSQ   gprs.o
    0x0800746c   0x000000c0   Code   RO         8566    i.deviceUpdateErrorStatus  port_1.o
    0x0800752c   0x000000d0   Code   RO         8567    i.deviceUpdateFinishStatus  port_1.o
    0x080075fc   0x00000070   Code   RO         7798    i.deviceUpdateIMEI  gprs.o
    0x0800766c   0x00000070   Code   RO         7799    i.deviceUpdateIMSI  gprs.o
    0x080076dc   0x000000e8   Code   RO         8568    i.deviceUpdateUseStatus  port_1.o
    0x080077c4   0x000000fc   Code   RO         8569    i.deviceUpdateUseTime  port_1.o
    0x080078c0   0x000000dc   Code   RO         9136    i.floor             m_ws.l(floor.o)
    0x0800799c   0x0000001c   Code   RO         6589    i.fputc             usart.o
    0x080079b8   0x00000058   Code   RO         9420    i.frexp             m_ws.l(frexp.o)
    0x08007a10   0x00000074   Code   RO         9444    i.ldexp             m_ws.l(ldexp.o)
    0x08007a84   0x00000104   Code   RO            5    i.main              main.o
    0x08007b88   0x0000016c   Code   RO         7800    i.pdeviceConnect    gprs.o
    0x08007cf4   0x00000194   Code   RO         7801    i.pdeviceUpdateCSQ  gprs.o
    0x08007e88   0x00000178   Code   RO         7802    i.pdeviceUpdateIMEI  gprs.o
    0x08008000   0x00000178   Code   RO         7803    i.pdeviceUpdateIMSI  gprs.o
    0x08008178   0x0000016c   Code   RO         7975    i.print_array       cjson.o
    0x080082e4   0x00000134   Code   RO         7976    i.print_number      cjson.o
    0x08008418   0x00000274   Code   RO         7977    i.print_object      cjson.o
    0x0800868c   0x0000000c   Code   RO         7978    i.print_string      cjson.o
    0x08008698   0x00000128   Code   RO         7979    i.print_string_ptr  cjson.o
    0x080087c0   0x00000094   Code   RO         7980    i.print_value       cjson.o
    0x08008854   0x00000098   Code   RO         6974    i.prvAddCurrentTaskToDelayedList  tasks.o
    0x080088ec   0x000000b8   Code   RO         6975    i.prvAddNewTaskToReadyList  tasks.o
    0x080089a4   0x00000064   Code   RO         7357    i.prvCheckForValidListAndQueue  timers.o
    0x08008a08   0x00000064   Code   RO         6976    i.prvCheckTasksWaitingTermination  tasks.o
    0x08008a6c   0x0000002a   Code   RO         6704    i.prvCopyDataFromQueue  queue.o
    0x08008a96   0x0000007c   Code   RO         6705    i.prvCopyDataToQueue  queue.o
    0x08008b12   0x00000012   Code   RO         6977    i.prvDeleteTCB      tasks.o
    0x08008b24   0x00000028   Code   RO         7358    i.prvGetNextExpireTime  timers.o
    0x08008b4c   0x0000007c   Code   RO         7645    i.prvHeapInit       heap_4.o
    0x08008bc8   0x00000028   Code   RO         6978    i.prvIdleTask       tasks.o
    0x08008bf0   0x0000002e   Code   RO         6707    i.prvInitialiseNewQueue  queue.o
    0x08008c1e   0x00000002   PAD
    0x08008c20   0x000000d0   Code   RO         6979    i.prvInitialiseNewTask  tasks.o
    0x08008cf0   0x0000006c   Code   RO         7359    i.prvInitialiseNewTimer  timers.o
    0x08008d5c   0x00000068   Code   RO         6980    i.prvInitialiseTaskLists  tasks.o
    0x08008dc4   0x00000068   Code   RO         7646    i.prvInsertBlockIntoFreeList  heap_4.o
    0x08008e2c   0x00000058   Code   RO         7360    i.prvInsertTimerInActiveList  timers.o
    0x08008e84   0x0000001a   Code   RO         6708    i.prvIsQueueEmpty   queue.o
    0x08008e9e   0x0000001e   Code   RO         6709    i.prvIsQueueFull    queue.o
    0x08008ebc   0x000000a0   Code   RO         6710    i.prvNotifyQueueSetContainer  queue.o
    0x08008f5c   0x00000080   Code   RO         7361    i.prvProcessExpiredTimer  timers.o
    0x08008fdc   0x0000012c   Code   RO         7362    i.prvProcessReceivedCommands  timers.o
    0x08009108   0x00000074   Code   RO         7363    i.prvProcessTimerOrBlockTask  timers.o
    0x0800917c   0x00000034   Code   RO         6982    i.prvResetNextTaskUnblockTime  tasks.o
    0x080091b0   0x0000002c   Code   RO         7364    i.prvSampleTimeNow  timers.o
    0x080091dc   0x000000bc   Code   RO         7365    i.prvSwitchTimerLists  timers.o
    0x08009298   0x00000070   Code   RO         7707    i.prvTaskExitError  port.o
    0x08009308   0x0000001a   Code   RO         7366    i.prvTimerTask      timers.o
    0x08009322   0x00000092   Code   RO         6711    i.prvUnlockQueue    queue.o
    0x080093b4   0x00000154   Code   RO         7647    i.pvPortMalloc      heap_4.o
    0x08009508   0x00000020   Code   RO         6987    i.pvTaskIncrementMutexHeldCount  tasks.o
    0x08009528   0x00000024   Code   RO         7708    i.pxPortInitialiseStack  port.o
    0x0800954c   0x00000006   Code   RO         7982    i.suffix_object     cjson.o
    0x08009552   0x00000002   PAD
    0x08009554   0x00000018   Code   RO            6    i.testTask          main.o
    0x0800956c   0x00000028   Code   RO         7597    i.uxListRemove      list.o
    0x08009594   0x0000001a   Code   RO         7598    i.vListInitialise   list.o
    0x080095ae   0x00000006   Code   RO         7599    i.vListInitialiseItem  list.o
    0x080095b4   0x00000034   Code   RO         7600    i.vListInsert       list.o
    0x080095e8   0x00000018   Code   RO         7601    i.vListInsertEnd    list.o
    0x08009600   0x00000088   Code   RO         7710    i.vPortEnterCritical  port.o
    0x08009688   0x00000070   Code   RO         7711    i.vPortExitCritical  port.o
    0x080096f8   0x000000b8   Code   RO         7648    i.vPortFree         heap_4.o
    0x080097b0   0x00000020   Code   RO         7712    i.vPortSetupTimerInterrupt  port.o
    0x080097d0   0x000000a0   Code   RO         7713    i.vPortValidateInterruptPriority  port.o
    0x08009870   0x0000002c   Code   RO         6717    i.vQueueAddToRegistry  queue.o
    0x0800989c   0x00000048   Code   RO         6718    i.vQueueDelete      queue.o
    0x080098e4   0x00000030   Code   RO         6720    i.vQueueUnregisterQueue  queue.o
    0x08009914   0x0000004a   Code   RO         6721    i.vQueueWaitForMessageRestricted  queue.o
    0x0800995e   0x00000002   PAD
    0x08009960   0x00000074   Code   RO         6995    i.vTaskDelay        tasks.o
    0x080099d4   0x0000010c   Code   RO         6997    i.vTaskDelete       tasks.o
    0x08009ae0   0x0000000c   Code   RO         7001    i.vTaskMissedYield  tasks.o
    0x08009aec   0x00000054   Code   RO         7003    i.vTaskPlaceOnEventList  tasks.o
    0x08009b40   0x0000005c   Code   RO         7004    i.vTaskPlaceOnEventListRestricted  tasks.o
    0x08009b9c   0x000000b0   Code   RO         7006    i.vTaskPriorityInherit  tasks.o
    0x08009c4c   0x0000004c   Code   RO         7010    i.vTaskSetTimeOutState  tasks.o
    0x08009c98   0x000000ac   Code   RO         7011    i.vTaskStartScheduler  tasks.o
    0x08009d44   0x00000010   Code   RO         7013    i.vTaskSuspendAll   tasks.o
    0x08009d54   0x000000a8   Code   RO         7014    i.vTaskSwitchContext  tasks.o
    0x08009dfc   0x000000a0   Code   RO         7714    i.xPortStartScheduler  port.o
    0x08009e9c   0x00000034   Code   RO         7715    i.xPortSysTickHandler  port.o
    0x08009ed0   0x00000074   Code   RO         6726    i.xQueueGenericCreate  queue.o
    0x08009f44   0x000001c8   Code   RO         6727    i.xQueueGenericReceive  queue.o
    0x0800a10c   0x000000b0   Code   RO         6728    i.xQueueGenericReset  queue.o
    0x0800a1bc   0x000001c4   Code   RO         6729    i.xQueueGenericSend  queue.o
    0x0800a380   0x00000110   Code   RO         6730    i.xQueueGenericSendFromISR  queue.o
    0x0800a490   0x000000a0   Code   RO         7015    i.xTaskCheckForTimeOut  tasks.o
    0x0800a530   0x00000060   Code   RO         7016    i.xTaskCreate       tasks.o
    0x0800a590   0x00000020   Code   RO         7021    i.xTaskGetSchedulerState  tasks.o
    0x0800a5b0   0x0000000c   Code   RO         7022    i.xTaskGetTickCount  tasks.o
    0x0800a5bc   0x00000160   Code   RO         7024    i.xTaskIncrementTick  tasks.o
    0x0800a71c   0x000000d8   Code   RO         7027    i.xTaskPriorityDisinherit  tasks.o
    0x0800a7f4   0x000000b4   Code   RO         7028    i.xTaskRemoveFromEventList  tasks.o
    0x0800a8a8   0x00000120   Code   RO         7030    i.xTaskResumeAll    tasks.o
    0x0800a9c8   0x00000030   Code   RO         7369    i.xTimerCreate      timers.o
    0x0800a9f8   0x00000074   Code   RO         7370    i.xTimerCreateTimerTask  timers.o
    0x0800aa6c   0x000000a4   Code   RO         7371    i.xTimerGenericCommand  timers.o
    0x0800ab10   0x0000002c   Code   RO         9286    locale$$code        c_w.l(lc_numeric_c.o)
    0x0800ab3c   0x0000002c   Code   RO         9371    locale$$code        c_w.l(lc_ctype_c.o)
    0x0800ab68   0x00000062   Code   RO         9085    x$fpl$d2f           fz_ws.l(d2f.o)
    0x0800abca   0x00000002   PAD
    0x0800abcc   0x00000150   Code   RO         9087    x$fpl$dadd          fz_ws.l(daddsub_clz.o)
    0x0800ad1c   0x00000010   Code   RO         9288    x$fpl$dcheck1       fz_ws.l(dcheck1.o)
    0x0800ad2c   0x00000018   Code   RO         9173    x$fpl$dcmpinf       fz_ws.l(dcmpi.o)
    0x0800ad44   0x00000078   Code   RO         9417    x$fpl$deqf          fz_ws.l(deqf.o)
    0x0800adbc   0x0000005e   Code   RO         9093    x$fpl$dfix          fz_ws.l(dfix.o)
    0x0800ae1a   0x0000002e   Code   RO         9098    x$fpl$dflt          fz_ws.l(dflt_clz.o)
    0x0800ae48   0x00000078   Code   RO         9103    x$fpl$dleqf         fz_ws.l(dleqf.o)
    0x0800aec0   0x0000009c   Code   RO         9179    x$fpl$dnaninf       fz_ws.l(dnaninf.o)
    0x0800af5c   0x0000000c   Code   RO         9181    x$fpl$dretinf       fz_ws.l(dretinf.o)
    0x0800af68   0x0000006c   Code   RO         9107    x$fpl$drleqf        fz_ws.l(drleqf.o)
    0x0800afd4   0x00000016   Code   RO         9088    x$fpl$drsb          fz_ws.l(daddsub_clz.o)
    0x0800afea   0x00000002   PAD
    0x0800afec   0x000001d4   Code   RO         9089    x$fpl$dsub          fz_ws.l(daddsub_clz.o)
    0x0800b1c0   0x00000056   Code   RO         9109    x$fpl$f2d           fz_ws.l(f2d.o)
    0x0800b216   0x00000002   PAD
    0x0800b218   0x00000030   Code   RO         9122    x$fpl$fflt          fz_ws.l(fflt_clz.o)
    0x0800b248   0x0000008c   Code   RO         9185    x$fpl$fnaninf       fz_ws.l(fnaninf.o)
    0x0800b2d4   0x0000000a   Code   RO         9187    x$fpl$fretinf       fz_ws.l(fretinf.o)
    0x0800b2de   0x00000004   Code   RO         9129    x$fpl$printf1       fz_ws.l(printf1.o)
    0x0800b2e2   0x00000064   Code   RO         9364    x$fpl$retnan        fz_ws.l(retnan.o)
    0x0800b346   0x0000005c   Code   RO         9189    x$fpl$scalbn        fz_ws.l(scalbn.o)
    0x0800b3a2   0x00000004   Code   RO         9294    x$fpl$scanf1        fz_ws.l(scanf1.o)
    0x0800b3a6   0x00000008   Code   RO         9384    x$fpl$scanf2        fz_ws.l(scanf2.o)
    0x0800b3ae   0x00000030   Code   RO         9390    x$fpl$trapveneer    fz_ws.l(trapv.o)
    0x0800b3de   0x00000000   Code   RO         9191    x$fpl$usenofp       fz_ws.l(usenofp.o)
    0x0800b3de   0x00000018   Data   RO          362    .constdata          system_stm32f1xx.o
    0x0800b3f6   0x00000028   Data   RO         9014    .constdata          c_w.l(_printf_hex_int.o)
    0x0800b41e   0x00000011   Data   RO         9044    .constdata          c_w.l(__printf_flags_wp.o)
    0x0800b42f   0x00000001   PAD
    0x0800b430   0x00000094   Data   RO         9257    .constdata          c_w.l(bigflt0.o)
    0x0800b4c4   0x000000f9   Data   RO         7805    .conststring        gprs.o
    0x0800b5bd   0x00000003   PAD
    0x0800b5c0   0x00000008   Data   RO         7806    .conststrlit        gprs.o
    0x0800b5c8   0x00000020   Data   RO         9487    Region$$Table       anon$$obj.o
    0x0800b5e8   0x00000008   Data   RO         9379    c$$dinf             fz_ws.l(fpconst.o)
    0x0800b5f0   0x0000001c   Data   RO         9285    locale$$data        c_w.l(lc_numeric_c.o)
    0x0800b60c   0x00000110   Data   RO         9370    locale$$data        c_w.l(lc_ctype_c.o)


    Execution Region RW_IRAM1 (Base: 0x20000000, Size: 0x00007550, Max: 0x00010000, ABSOLUTE, COMPRESSED[0x00000370])

    Base Addr    Size         Type   Attr      Idx    E Section Name        Object

    0x20000000   0x00000028   Data   RW            7    .data               main.o
    0x20000028   0x00000004   Data   RW          363    .data               system_stm32f1xx.o
    0x2000002c   0x00000004   Data   RW          529    .data               stm32f1xx_hal.o
    0x20000030   0x00000004   Data   RW         6490    .data               delay.o
    0x20000034   0x00000006   Data   RW         6591    .data               usart.o
    0x2000003a   0x00000002   PAD
    0x2000003c   0x0000003c   Data   RW         7033    .data               tasks.o
    0x20000078   0x00000014   Data   RW         7379    .data               timers.o
    0x2000008c   0x00000018   Data   RW         7653    .data               heap_4.o
    0x200000a4   0x0000000c   Data   RW         7716    .data               port.o
    0x200000b0   0x00000164   Data   RW         7807    .data               gprs.o
    0x20000214   0x00000008   Data   RW         7884    .data               message.o
    0x2000021c   0x0000000c   Data   RW         7984    .data               cjson.o
    0x20000228   0x00000004   Data   RW         8187    .data               charge.o
    0x2000022c   0x00000004   Data   RW         8330    .data               register.o
    0x20000230   0x00000004   Data   RW         8362    .data               csq.o
    0x20000234   0x00000004   Data   RW         8391    .data               devcmd.o
    0x20000238   0x00000eb1   Data   RW         8571    .data               port_1.o
    0x200010e9   0x00000003   PAD
    0x200010ec   0x00000004   Data   RW         8842    .data               net.o
    0x200010f0   0x00000008   Data   RW         8873    .data               chargerep.o
    0x200010f8   0x00000020   Zero   RW         1569    .bss                stm32f1xx_hal_flash.o
    0x20001118   0x000000f8   Zero   RW         6590    .bss                usart.o
    0x20001210   0x00000040   Zero   RW         6741    .bss                queue.o
    0x20001250   0x000002e4   Zero   RW         7032    .bss                tasks.o
    0x20001534   0x00000028   Zero   RW         7378    .bss                timers.o
    0x2000155c   0x00005000   Zero   RW         7652    .bss                heap_4.o
    0x2000655c   0x00000140   Zero   RW         7804    .bss                gprs.o
    0x2000669c   0x00000054   Zero   RW         7883    .bss                message.o
    0x200066f0   0x00000800   Zero   RW         8918    .bss                flash.o
    0x20006ef0   0x00000060   Zero   RW         9297    .bss                c_w.l(libspace.o)
    0x20006f50   0x00000200   Zero   RW          501    HEAP                startup_stm32f103xe.o
    0x20007150   0x00000400   Zero   RW          500    STACK               startup_stm32f103xe.o


==============================================================================

Image component sizes


      Code (inc. data)   RO Data    RW Data    ZI Data      Debug   Object Name

       624        174          0          0          0       3913   active.o
       176         58          0          4          0       2534   charge.o
       656        130          0          8          0       3502   chargerep.o
      2106        162          0         12          0      13111   cjson.o
       340        102          0          4          0       1426   csq.o
       204         22          0          4          0       2122   delay.o
       168         52          0          4          0       1142   devcmd.o
       290          4          0          0       2048       3469   flash.o
       472        128          0          0          0       2904   fota.o
        88         12          0          0          0       1268   gpio.o
      2564        800        257        356        320       6967   gprs.o
       752        176          0         24      20480       3687   heap_4.o
       148          0          0          0          0       2882   list.o
       840        332          0         40          0     515228   main.o
      1588        302          0          8         84       4777   message.o
       264         94          0          4          0        908   net.o
       950        320          0         12          0       9849   port.o
      4952        986          0       3761          0      23005   port_1.o
      2284        280          0          0         64      22796   queue.o
       524        172          0          4          0      23557   register.o
        64         26        304          0       1536        776   startup_stm32f103xe.o
       114         12          0          4          0       2708   stm32f1xx_hal.o
      1736         66          0          0          0       6258   stm32f1xx_hal_adc.o
       338         22          0          0          0      26205   stm32f1xx_hal_cortex.o
       488         52          0          0         32       3662   stm32f1xx_hal_flash.o
       256         26          0          0          0       2307   stm32f1xx_hal_flash_ex.o
       844         42          0          0          0       2616   stm32f1xx_hal_gpio.o
         2          0          0          0          0        386   stm32f1xx_hal_msp.o
      3112        100          0          0          0       5236   stm32f1xx_hal_rcc.o
       356         32          0          0          0       1261   stm32f1xx_hal_rcc_ex.o
      1274          6          0          0          0       6720   stm32f1xx_hal_uart.o
        20          0          0          0          0       2337   stm32f1xx_it.o
        86          0          0          0          0        655   sys.o
        88         18         24          4          0       1011   system_stm32f1xx.o
      3406        878          0         60        740      27739   tasks.o
      1466        352          0         20         40       9666   timers.o
       576         70          0          6        248       5864   usart.o

    ----------------------------------------------------------------------
     34244       6008        620       4344      25592     754454   Object Totals
         0          0         32          0          0          0   (incl. Generated)
        28          0          3          5          0          0   (incl. Padding)

    ----------------------------------------------------------------------

      Code (inc. data)   RO Data    RW Data    ZI Data      Debug   Library Member Name

        90          0          0          0          0          0   __dczerorl2.o
         8          0          0          0          0         68   __main.o
       312          4         17          0          0         92   __printf_flags_wp.o
        14          0          0          0          0         68   __printf_wp.o
         0          0          0          0          0          0   __rtentry.o
        12          0          0          0          0          0   __rtentry2.o
         6          0          0          0          0          0   __rtentry4.o
        52          8          0          0          0          0   __scatter.o
        28          0          0          0          0          0   __scatter_zi.o
        28          0          0          0          0         68   _chval.o
        44          0          0          0          0        108   _printf_char.o
        48          6          0          0          0         96   _printf_char_common.o
        36          4          0          0          0         80   _printf_char_file.o
         6          0          0          0          0          0   _printf_d.o
       120         16          0          0          0         92   _printf_dec.o
         6          0          0          0          0          0   _printf_e.o
         6          0          0          0          0          0   _printf_f.o
      1050          0          0          0          0        216   _printf_fp_dec.o
       128         16          0          0          0         84   _printf_fp_infnan.o
        88          4         40          0          0         88   _printf_hex_int.o
       178          0          0          0          0         88   _printf_intcommon.o
        78          0          0          0          0        108   _printf_pad.o
         0          0          0          0          0          0   _printf_percent.o
         4          0          0          0          0          0   _printf_percent_end.o
         6          0          0          0          0          0   _printf_s.o
        82          0          0          0          0         80   _printf_str.o
         6          0          0          0          0          0   _printf_x.o
        22          0          0          0          0        100   _rserrno.o
        64          0          0          0          0         84   _sgetc.o
        10          0          0          0          0         68   _sputc.o
        16          0          0          0          0         68   aeabi_memset.o
       220          4        148          0          0         96   bigflt0.o
      2074        132          0          0          0        940   btod.o
        18          0          0          0          0         80   exit.o
         8          0          0          0          0         68   ferror.o
         6          0          0          0          0        152   heapauxi.o
        18          0          0          0          0         76   isspace.o
        44         10        272          0          0         76   lc_ctype_c.o
        44         10         28          0          0         76   lc_numeric_c.o
         2          0          0          0          0          0   libinit.o
        30          0          0          0          0          0   libinit2.o
         2          0          0          0          0          0   libshutdown.o
         2          0          0          0          0          0   libshutdown2.o
         8          4          0          0         96         68   libspace.o
        38          0          0          0          0         68   llshl.o
       138          0          0          0          0         80   lludiv10.o
        38          0          0          0          0         68   llushr.o
        24          4          0          0          0         84   noretval__2printf.o
        40          6          0          0          0         84   noretval__2sprintf.o
        16          4          0          0          0         76   rt_ctype_table.o
         8          4          0          0          0         68   rt_errno_addr_intlibspace.o
         8          4          0          0          0         68   rt_locale_intlibspace.o
        68          0          0          0          0         68   rt_memclr.o
        78          0          0          0          0         80   rt_memclr_w.o
       138          0          0          0          0         68   rt_memcpy_v6.o
       100          0          0          0          0         80   rt_memcpy_w.o
         2          0          0          0          0          0   rtexit.o
        10          0          0          0          0          0   rtexit2.o
      1188         12          0          0          0        148   scanf_fp.o
       800         14          0          0          0        100   scanf_hexfp.o
       308         16          0          0          0        100   scanf_infnan.o
        24          0          0          0          0         68   strcat.o
        20          0          0          0          0         68   strchr.o
       128          0          0          0          0         68   strcmpv7m.o
        72          0          0          0          0         80   strcpy.o
        62          0          0          0          0         76   strlen.o
        36          0          0          0          0         80   strstr.o
       164         14          0          0          0        120   strtod.o
        74          0          0          0          0         80   sys_stackheap_outer.o
         2          0          0          0          0         68   use_no_semi.o
         2          0          0          0          0         68   use_no_semi_2.o
        98          4          0          0          0         92   d2f.o
       826         16          0          0          0        348   daddsub_clz.o
        16          4          0          0          0         68   dcheck1.o
        24          0          0          0          0         68   dcmpi.o
       120          4          0          0          0         92   deqf.o
        94          4          0          0          0         92   dfix.o
        46          0          0          0          0         68   dflt_clz.o
       120          4          0          0          0         92   dleqf.o
       156          4          0          0          0         92   dnaninf.o
        12          0          0          0          0         68   dretinf.o
       108          0          0          0          0         80   drleqf.o
        86          4          0          0          0         84   f2d.o
        48          0          0          0          0         68   fflt_clz.o
       140          4          0          0          0         84   fnaninf.o
         0          0          8          0          0          0   fpconst.o
        10          0          0          0          0         68   fretinf.o
         4          0          0          0          0         68   printf1.o
       100          0          0          0          0         68   retnan.o
        92          0          0          0          0         68   scalbn.o
         4          0          0          0          0         68   scanf1.o
         8          0          0          0          0         84   scanf2.o
        48          0          0          0          0         68   trapv.o
         0          0          0          0          0          0   usenofp.o
        42          0          0          0          0         84   atof.o
        30          6          0          0          0        136   dunder.o
       220         16          0          0          0         84   floor.o
        40          0          0          0          0         68   fpclassify.o
        88          8          0          0          0         76   frexp.o
       138          0          0          0          0        160   ldexp.o
       152          4          0          0          0        168   narrow.o

    ----------------------------------------------------------------------
     11498        380        514          0         96       7968   Library Totals
        18          2          1          0          0          0   (incl. Padding)

    ----------------------------------------------------------------------

      Code (inc. data)   RO Data    RW Data    ZI Data      Debug   Library Name

      8610        296        505          0         96       5304   c_w.l
      2160         48          8          0          0       1888   fz_ws.l
       710         34          0          0          0        776   m_ws.l

    ----------------------------------------------------------------------
     11498        380        514          0         96       7968   Library Totals

    ----------------------------------------------------------------------

==============================================================================


      Code (inc. data)   RO Data    RW Data    ZI Data      Debug   

     45742       6388       1134       4344      25688     745674   Grand Totals
     45742       6388       1134        880      25688     745674   ELF Image Totals (compressed)
     45742       6388       1134        880          0          0   ROM Totals

==============================================================================

    Total RO  Size (Code + RO Data)                46876 (  45.78kB)
    Total RW  Size (RW Data + ZI Data)             30032 (  29.33kB)
    Total ROM Size (Code + RO Data + RW Data)      47756 (  46.64kB)

==============================================================================

