<html>
<body>
<pre>
<h1>礦ision Build Log</h1>
<h2>Tool Versions:</h2>
IDE-Version: μVision V5.23.0.0
Copyright (C) 2017 ARM Ltd and ARM Germany GmbH. All rights reserved.
License Information: kang hu, zju, LIC=FQQGK-ZGPEP-16ZQV-PX41N-5XIRW-MGU25
 
Tool Versions:
Toolchain:       MDK-ARM Professional  Version: 5.23
Toolchain Path:  C:\Keil_v5\ARM\ARMCC\Bin
C Compiler:      Armcc.exe V5.06 update 4 (build 422)
Assembler:       Armasm.exe V5.06 update 4 (build 422)
Linker/Locator:  ArmLink.exe V5.06 update 4 (build 422)
Library Manager: ArmAr.exe V5.06 update 4 (build 422)
Hex Converter:   FromElf.exe V5.06 update 4 (build 422)
CPU DLL:         SARMCM3.DLL V5.23
Dialog DLL:      DARMSTM.DLL V1.68.0.0
Target DLL:      Segger\JL2CM3.dll V2.99.23.0
Dialog DLL:      TARMSTM.DLL V1.66.0.0
 
<h2>Project:</h2>
D:\GitHub\Charge2\Firmware\App_hal\user\RTC.uvprojx
Project File Date:  04/07/2018

<h2>Output:</h2>
*** Using Compiler 'V5.06 update 4 (build 422)', folder: 'C:\Keil_v5\ARM\ARMCC\Bin'
Build target 'RTC'
compiling devcmd.c...
..\include\devcmd.h(4): warning:  #1-D: last line of file ends without a newline
  #define DEV_CMD  "devcmd"
..\include\gprs.h(53): warning:  #1-D: last line of file ends without a newline
  extern void deviceConfig(const char *pimei,const char *pimsi,const char * pcsq);
..\include\active.h(9): warning:  #1-D: last line of file ends without a newline
  extern void RepActive(void);
..\source\devcmd.c(20): warning:  #223-D: function "memset" declared implicitly
  		memset(buf,0,100);
..\source\devcmd.c(24): warning:  #223-D: function "strstr" declared implicitly
  		if(
ULL!=strstr(buf,(const char*)ACTIVATE))   /*设备激活*/
..\source\devcmd.c(28): warning:  #223-D: function "strstr" declared implicitly
  		if(
ULL!=strstr(buf,(const char*)RELEASE))   /*设备解绑*/
..\source\devcmd.c(34): warning:  #111-D: statement is unreachable
  	vPortFree(buf);
..\source\devcmd.c(35): warning:  #1-D: last line of file ends without a newline
  }
..\source\devcmd.c: 8 warnings, 0 errors
compiling active.c...
..\include\active.h(9): warning:  #1-D: last line of file ends without a newline
  extern void RepActive(void);
..\source\active.c(66): warning:  #223-D: function "STMFLASH_Write" declared implicitly
  		STMFLASH_Write(CURRENT_MAX_ADDR, (u32*)curflag, 4);
..\source\active.c(91): warning:  #1-D: last line of file ends without a newline
  }
..\source\active.c: 3 warnings, 0 errors
linking...
Program Size: Code=30364 RO-data=856 RW-data=544 ZI-data=23608  
FromELF: creating hex file...
"..\OBJ\Template.axf" - 0 Error(s), 11 Warning(s).

<h2>Collection of Component include folders:</h2>
  .\RTE\_RTC
  C:\Keil_v5\ARM\PACK\Keil\STM32F1xx_DFP\2.2.0\Device\Include

<h2>Collection of Component Files used:</h2>
Build Time Elapsed:  00:00:03
</pre>
</body>
</html>
