Component: ARM Compiler 5.06 update 4 (build 422) Tool: armlink [4d35d2]

==============================================================================

Section Cross References

    main.o(i.StartTask) refers to port.o(i.vPortEnterCritical) for vPortEnterCritical
    main.o(i.StartTask) refers to timers.o(i.xTimerCreate) for xTimerCreate
    main.o(i.StartTask) refers to message.o(i.MsgInfoConfig) for MsgInfoConfig
    main.o(i.StartTask) refers to tasks.o(i.xTaskCreate) for xTaskCreate
    main.o(i.StartTask) refers to tasks.o(i.xTaskGetTickCount) for xTaskGetTickCount
    main.o(i.StartTask) refers to timers.o(i.xTimerGenericCommand) for xTimerGenericCommand
    main.o(i.StartTask) refers to tasks.o(i.vTaskDelete) for vTaskDelete
    main.o(i.StartTask) refers to port.o(i.vPortExitCritical) for vPortExitCritical
    main.o(i.StartTask) refers to gprs.o(.data) for G510
    main.o(i.StartTask) refers to main.o(.data) for connectTimerHandler
    main.o(i.StartTask) refers to main.o(i.testTask) for testTask
    main.o(i.StartTask) refers to net.o(i.NetCheck) for NetCheck
    main.o(i.StartTask) refers to csq.o(i.DeviceUploadCSQ) for DeviceUploadCSQ
    main.o(i.StartTask) refers to message.o(i.MessageReceiveTask) for MessageReceiveTask
    main.o(i.StartTask) refers to message.o(i.MessageSendTask) for MessageSendTask
    main.o(i.StartTask) refers to devcmd.o(i.DevCmdTask) for DevCmdTask
    main.o(i.main) refers to _printf_percent.o(.ARM.Collect$$_printf_percent$$00000000) for _printf_percent
    main.o(i.main) refers to _printf_s.o(.ARM.Collect$$_printf_percent$$00000014) for _printf_s
    main.o(i.main) refers to _printf_str.o(.text) for _printf_str
    main.o(i.main) refers to stm32f1xx_hal.o(i.HAL_Init) for HAL_Init
    main.o(i.main) refers to sys.o(i.Stm32_Clock_Init) for Stm32_Clock_Init
    main.o(i.main) refers to stm32f1xx_hal_cortex.o(i.HAL_NVIC_SetPriorityGrouping) for HAL_NVIC_SetPriorityGrouping
    main.o(i.main) refers to delay.o(i.delay_init) for delay_init
    main.o(i.main) refers to usart.o(i.LogInit) for LogInit
    main.o(i.main) refers to usart.o(i.Usart2Init) for Usart2Init
    main.o(i.main) refers to gpio.o(i.McuPowerInit) for McuPowerInit
    main.o(i.main) refers to gpio.o(i.McuPowerEnable) for McuPowerEnable
    main.o(i.main) refers to delay.o(i.delay_xms) for delay_xms
    main.o(i.main) refers to noretval__2printf.o(.text) for __2printf
    main.o(i.main) refers to heap_4.o(i.pvPortMalloc) for pvPortMalloc
    main.o(i.main) refers to rt_memclr.o(.text) for __aeabi_memclr
    main.o(i.main) refers to flash.o(i.STMFLASH_Read) for STMFLASH_Read
    main.o(i.main) refers to tasks.o(i.xTaskCreate) for xTaskCreate
    main.o(i.main) refers to tasks.o(i.vTaskStartScheduler) for vTaskStartScheduler
    main.o(i.main) refers to main.o(.data) for StartTaskHanhler
    main.o(i.main) refers to main.o(i.StartTask) for StartTask
    main.o(i.testTask) refers to message.o(i.MessageSend) for MessageSend
    system_stm32f1xx.o(i.SystemCoreClockUpdate) refers to system_stm32f1xx.o(.data) for SystemCoreClock
    system_stm32f1xx.o(i.SystemCoreClockUpdate) refers to system_stm32f1xx.o(.constdata) for AHBPrescTable
    startup_stm32f103xe.o(STACK) refers (Special) to heapauxi.o(.text) for __use_two_region_memory
    startup_stm32f103xe.o(HEAP) refers (Special) to heapauxi.o(.text) for __use_two_region_memory
    startup_stm32f103xe.o(RESET) refers (Special) to heapauxi.o(.text) for __use_two_region_memory
    startup_stm32f103xe.o(RESET) refers to startup_stm32f103xe.o(STACK) for __initial_sp
    startup_stm32f103xe.o(RESET) refers to startup_stm32f103xe.o(.text) for Reset_Handler
    startup_stm32f103xe.o(RESET) refers to stm32f1xx_it.o(i.NMI_Handler) for NMI_Handler
    startup_stm32f103xe.o(RESET) refers to stm32f1xx_it.o(i.HardFault_Handler) for HardFault_Handler
    startup_stm32f103xe.o(RESET) refers to stm32f1xx_it.o(i.MemManage_Handler) for MemManage_Handler
    startup_stm32f103xe.o(RESET) refers to stm32f1xx_it.o(i.BusFault_Handler) for BusFault_Handler
    startup_stm32f103xe.o(RESET) refers to stm32f1xx_it.o(i.UsageFault_Handler) for UsageFault_Handler
    startup_stm32f103xe.o(RESET) refers to port.o(.emb_text) for SVC_Handler
    startup_stm32f103xe.o(RESET) refers to stm32f1xx_it.o(i.DebugMon_Handler) for DebugMon_Handler
    startup_stm32f103xe.o(RESET) refers to delay.o(i.SysTick_Handler) for SysTick_Handler
    startup_stm32f103xe.o(RESET) refers to usart.o(i.USART1_IRQHandler) for USART1_IRQHandler
    startup_stm32f103xe.o(RESET) refers to usart.o(i.USART2_IRQHandler) for USART2_IRQHandler
    startup_stm32f103xe.o(.text) refers (Special) to heapauxi.o(.text) for __use_two_region_memory
    startup_stm32f103xe.o(.text) refers to system_stm32f1xx.o(i.SystemInit) for SystemInit
    startup_stm32f103xe.o(.text) refers to __main.o(!!!main) for __main
    startup_stm32f103xe.o(.text) refers to startup_stm32f103xe.o(HEAP) for Heap_Mem
[...]
    tenpwrs_i                                0x080084d0   Data          64  bigflt0.o(.constdata)
    .conststring                             0x08008528   Section      249  gprs.o(.conststring)
    .conststrlit                             0x08008624   Section        8  gprs.o(.conststrlit)
    locale$$data                             0x0800864c   Section       28  lc_numeric_c.o(locale$$data)
    __lcnum_c_name                           0x08008650   Data           2  lc_numeric_c.o(locale$$data)
    __lcnum_c_start                          0x08008658   Data           0  lc_numeric_c.o(locale$$data)
    __lcnum_c_point                          0x08008664   Data           0  lc_numeric_c.o(locale$$data)
    __lcnum_c_thousands                      0x08008666   Data           0  lc_numeric_c.o(locale$$data)
    __lcnum_c_grouping                       0x08008667   Data           0  lc_numeric_c.o(locale$$data)
    __lcnum_c_end                            0x08008668   Data           0  lc_numeric_c.o(locale$$data)
    .data                                    0x20000000   Section       32  main.o(.data)
    .data                                    0x20000020   Section        4  system_stm32f1xx.o(.data)
    .data                                    0x20000024   Section        4  stm32f1xx_hal.o(.data)
    uwTick                                   0x20000024   Data           4  stm32f1xx_hal.o(.data)
    .data                                    0x20000028   Section        4  delay.o(.data)
    fac_us                                   0x20000028   Data           1  delay.o(.data)
    fac_ms                                   0x2000002a   Data           2  delay.o(.data)
    .data                                    0x2000002c   Section        6  usart.o(.data)
    .data                                    0x20000034   Section       60  tasks.o(.data)
    pxDelayedTaskList                        0x20000038   Data           4  tasks.o(.data)
    pxOverflowDelayedTaskList                0x2000003c   Data           4  tasks.o(.data)
    uxDeletedTasksWaitingCleanUp             0x20000040   Data           4  tasks.o(.data)
    uxCurrentNumberOfTasks                   0x20000044   Data           4  tasks.o(.data)
    xTickCount                               0x20000048   Data           4  tasks.o(.data)
    uxTopReadyPriority                       0x2000004c   Data           4  tasks.o(.data)
    xSchedulerRunning                        0x20000050   Data           4  tasks.o(.data)
    uxPendedTicks                            0x20000054   Data           4  tasks.o(.data)
    xYieldPending                            0x20000058   Data           4  tasks.o(.data)
    xNumOfOverflows                          0x2000005c   Data           4  tasks.o(.data)
    uxTaskNumber                             0x20000060   Data           4  tasks.o(.data)
    xNextTaskUnblockTime                     0x20000064   Data           4  tasks.o(.data)
    xIdleTaskHandle                          0x20000068   Data           4  tasks.o(.data)
    uxSchedulerSuspended                     0x2000006c   Data           4  tasks.o(.data)
    .data                                    0x20000070   Section       20  timers.o(.data)
    pxCurrentTimerList                       0x20000070   Data           4  timers.o(.data)
    pxOverflowTimerList                      0x20000074   Data           4  timers.o(.data)
    xTimerQueue                              0x20000078   Data           4  timers.o(.data)
    xTimerTaskHandle                         0x2000007c   Data           4  timers.o(.data)
    xLastTime                                0x20000080   Data           4  timers.o(.data)
    .data                                    0x20000084   Section       24  heap_4.o(.data)
    xStart                                   0x20000084   Data           8  heap_4.o(.data)
    pxEnd                                    0x2000008c   Data           4  heap_4.o(.data)
    xFreeBytesRemaining                      0x20000090   Data           4  heap_4.o(.data)
    xMinimumEverFreeBytesRemaining           0x20000094   Data           4  heap_4.o(.data)
    xBlockAllocatedBit                       0x20000098   Data           4  heap_4.o(.data)
    .data                                    0x2000009c   Section       12  port.o(.data)
    uxCriticalNesting                        0x2000009c   Data           4  port.o(.data)
    ucMaxSysCallPriority                     0x200000a0   Data           1  port.o(.data)
    ulMaxPRIGROUPValue                       0x200000a4   Data           4  port.o(.data)
    .data                                    0x200000a8   Section      356  gprs.o(.data)
    .data                                    0x2000020c   Section        8  message.o(.data)
    UsartSenMsgQueue                         0x20000210   Data           4  message.o(.data)
    .data                                    0x20000214   Section       12  cjson.o(.data)
    ep                                       0x20000214   Data           4  cjson.o(.data)
    cJSON_malloc                             0x20000218   Data           4  cjson.o(.data)
    cJSON_free                               0x2000021c   Data           4  cjson.o(.data)
    .data                                    0x20000220   Section        4  charge.o(.data)
    .data                                    0x20000224   Section        4  register.o(.data)
    .data                                    0x20000228   Section        4  csq.o(.data)
    .data                                    0x2000022c   Section        4  devcmd.o(.data)
    .data                                    0x20000230   Section        4  net.o(.data)
    .bss                                     0x20000238   Section       32  stm32f1xx_hal_flash.o(.bss)
    .bss                                     0x20000258   Section      248  usart.o(.bss)
    usart2RecBuf                             0x200002d8   Data         120  usart.o(.bss)
    .bss                                     0x20000350   Section       64  queue.o(.bss)
    .bss                                     0x20000390   Section      740  tasks.o(.bss)
    pxReadyTasksLists                        0x20000390   Data         640  tasks.o(.bss)
    xDelayedTaskList1                        0x20000610   Data          20  tasks.o(.bss)
    xDelayedTaskList2                        0x20000624   Data          20  tasks.o(.bss)
    xPendingReadyList                        0x20000638   Data          20  tasks.o(.bss)
    xTasksWaitingTermination                 0x2000064c   Data          20  tasks.o(.bss)
    xSuspendedTaskList                       0x20000660   Data          20  tasks.o(.bss)
    .bss                                     0x20000674   Section       40  timers.o(.bss)
    xActiveTimerList1                        0x20000674   Data          20  timers.o(.bss)
    xActiveTimerList2                        0x20000688   Data          20  timers.o(.bss)
    .bss                                     0x2000069c   Section    20480  heap_4.o(.bss)
    ucHeap                                   0x2000069c   Data       20480  heap_4.o(.bss)
    .bss                                     0x2000569c   Section      320  gprs.o(.bss)
    authenticationCode                       0x2000569c   Data         160  gprs.o(.bss)
    subscriptionCode                         0x2000573c   Data         160  gprs.o(.bss)
    .bss                                     0x200057dc   Section       84  message.o(.bss)
    Message                                  0x200057dc   Data          84  message.o(.bss)
    .bss                                     0x20005830   Section     2048  flash.o(.bss)
    .bss                                     0x20006030   Section       96  libspace.o(.bss)
    HEAP                                     0x20006090   Section      512  startup_stm32f103xe.o(HEAP)
    Heap_Mem                                 0x20006090   Data         512  startup_stm32f103xe.o(HEAP)
    STACK                                    0x20006290   Section     1024  startup_stm32f103xe.o(STACK)
    Stack_Mem                                0x20006290   Data        1024  startup_stm32f103xe.o(STACK)
    __initial_sp                             0x20006690   Data           0  startup_stm32f103xe.o(STACK)

    Global Symbols

    Symbol Name                              Value     Ov Type        Size  Object(Section)

    BuildAttributes$$THM_ISAv4$P$D$K$B$S$PE$A:L22UL41UL21$X:L11$S22US41US21$IEEE1$IW$USESV6$~STKCKD$USESV7$~SHL$OTIME$ROPI$IEEEX$EBA8$UX$STANDARDLIB$REQ8$PRES8$EABIv2 0x00000000   Number         0  anon$$obj.o ABSOLUTE
    __ARM_use_no_argv                        0x00000000   Number         0  main.o ABSOLUTE
    _printf_flags                            0x00000000   Number         0  printf_stubs.o ABSOLUTE
    _printf_return_value                     0x00000000   Number         0  printf_stubs.o ABSOLUTE
    _printf_sizespec                         0x00000000   Number         0  printf_stubs.o ABSOLUTE
    _printf_widthprec                        0x00000000   Number         0  printf_stubs.o ABSOLUTE
    __ARM_exceptions_init                     - Undefined Weak Reference
    __alloca_initialize                       - Undefined Weak Reference
    __arm_preinit_                            - Undefined Weak Reference
    __cpp_initialize__aeabi_                  - Undefined Weak Reference
    __cxa_finalize                            - Undefined Weak Reference
    __sigvec_lookup                           - Undefined Weak Reference
    _atexit_init                              - Undefined Weak Reference
    _call_atexit_fns                          - Undefined Weak Reference
    _clock_init                               - Undefined Weak Reference
    _fp_trap_init                             - Undefined Weak Reference
    _fp_trap_shutdown                         - Undefined Weak Reference
    _get_lc_collate                           - Undefined Weak Reference
    _get_lc_monetary                          - Undefined Weak Reference
    _get_lc_time                              - Undefined Weak Reference
    _getenv_init                              - Undefined Weak Reference
    _handle_redirection                       - Undefined Weak Reference
    _init_alloc                               - Undefined Weak Reference
    _init_user_alloc                          - Undefined Weak Reference
    _initio                                   - Undefined Weak Reference
    _mutex_acquire                            - Undefined Weak Reference
    _mutex_release                            - Undefined Weak Reference
    _printf_mbtowc                            - Undefined Weak Reference
    _printf_truncate_signed                   - Undefined Weak Reference
    _printf_truncate_unsigned                 - Undefined Weak Reference
    _rand_init                                - Undefined Weak Reference
    _signal_finish                            - Undefined Weak Reference
    _signal_init                              - Undefined Weak Reference
    _terminate_alloc                          - Undefined Weak Reference
    _terminate_user_alloc                     - Undefined Weak Reference
    _terminateio                              - Undefined Weak Reference
    __Vectors_Size                           0x00000130   Number         0  startup_stm32f103xe.o ABSOLUTE
    __Vectors                                0x08000000   Data           4  startup_stm32f103xe.o(RESET)
    __Vectors_End                            0x08000130   Data           0  startup_stm32f103xe.o(RESET)
    __main                                   0x08000131   Thumb Code     8  __main.o(!!!main)
    __scatterload                            0x08000139   Thumb Code     0  __scatter.o(!!!scatter)
    __scatterload_rt2                        0x08000139   Thumb Code    44  __scatter.o(!!!scatter)
    __scatterload_rt2_thumb_only             0x08000139   Thumb Code     0  __scatter.o(!!!scatter)
    __scatterload_null                       0x08000147   Thumb Code     0  __scatter.o(!!!scatter)
    __decompress                             0x0800016d   Thumb Code    90  __dczerorl2.o(!!dczerorl2)
    __decompress1                            0x0800016d   Thumb Code     0  __dczerorl2.o(!!dczerorl2)
    __scatterload_zeroinit                   0x080001c9   Thumb Code    28  __scatter_zi.o(!!handler_zi)
    _printf_f                                0x080001e5   Thumb Code     0  _printf_f.o(.ARM.Collect$$_printf_percent$$00000003)
    _printf_percent                          0x080001e5   Thumb Code     0  _printf_percent.o(.ARM.Collect$$_printf_percent$$00000000)
    _printf_e                                0x080001eb   Thumb Code     0  _printf_e.o(.ARM.Collect$$_printf_percent$$00000004)
    _printf_d                                0x080001f1   Thumb Code     0  _printf_d.o(.ARM.Collect$$_printf_percent$$00000009)
    _printf_x                                0x080001f7   Thumb Code     0  _printf_x.o(.ARM.Collect$$_printf_percent$$0000000C)
    _printf_s                                0x080001fd   Thumb Code     0  _printf_s.o(.ARM.Collect$$_printf_percent$$00000014)
    _printf_percent_end                      0x08000203   Thumb Code     0  _printf_percent_end.o(.ARM.Collect$$_printf_percent$$00000017)
    __rt_lib_init                            0x08000207   Thumb Code     0  libinit.o(.ARM.Collect$$libinit$$00000000)
    __rt_lib_init_fp_1                       0x08000209   Thumb Code     0  libinit2.o(.ARM.Collect$$libinit$$00000002)
    __rt_lib_init_heap_1                     0x08000209   Thumb Code     0  libinit2.o(.ARM.Collect$$libinit$$0000000A)
    __rt_lib_init_lc_common                  0x08000209   Thumb Code     0  libinit2.o(.ARM.Collect$$libinit$$0000000F)
    __rt_lib_init_preinit_1                  0x08000209   Thumb Code     0  libinit2.o(.ARM.Collect$$libinit$$00000004)
    __rt_lib_init_rand_1                     0x08000209   Thumb Code     0  libinit2.o(.ARM.Collect$$libinit$$0000000E)
    __rt_lib_init_user_alloc_1               0x08000209   Thumb Code     0  libinit2.o(.ARM.Collect$$libinit$$0000000C)
    __rt_lib_init_lc_collate_1               0x0800020f   Thumb Code     0  libinit2.o(.ARM.Collect$$libinit$$00000011)
    __rt_lib_init_lc_ctype_1                 0x0800020f   Thumb Code     0  libinit2.o(.ARM.Collect$$libinit$$00000013)
    __rt_lib_init_lc_monetary_1              0x0800020f   Thumb Code     0  libinit2.o(.ARM.Collect$$libinit$$00000015)
    __rt_lib_init_lc_numeric_2               0x0800020f   Thumb Code     0  libinit2.o(.ARM.Collect$$libinit$$00000016)
    __rt_lib_init_alloca_1                   0x08000219   Thumb Code     0  libinit2.o(.ARM.Collect$$libinit$$0000002E)
    __rt_lib_init_argv_1                     0x08000219   Thumb Code     0  libinit2.o(.ARM.Collect$$libinit$$0000002C)
    __rt_lib_init_atexit_1                   0x08000219   Thumb Code     0  libinit2.o(.ARM.Collect$$libinit$$0000001B)
    __rt_lib_init_clock_1                    0x08000219   Thumb Code     0  libinit2.o(.ARM.Collect$$libinit$$00000021)
    __rt_lib_init_cpp_1                      0x08000219   Thumb Code     0  libinit2.o(.ARM.Collect$$libinit$$00000032)
    __rt_lib_init_exceptions_1               0x08000219   Thumb Code     0  libinit2.o(.ARM.Collect$$libinit$$00000030)
    __rt_lib_init_fp_trap_1                  0x08000219   Thumb Code     0  libinit2.o(.ARM.Collect$$libinit$$0000001F)
    __rt_lib_init_getenv_1                   0x08000219   Thumb Code     0  libinit2.o(.ARM.Collect$$libinit$$00000023)
    __rt_lib_init_lc_numeric_1               0x08000219   Thumb Code     0  libinit2.o(.ARM.Collect$$libinit$$00000017)
    __rt_lib_init_lc_time_1                  0x08000219   Thumb Code     0  libinit2.o(.ARM.Collect$$libinit$$00000019)
    __rt_lib_init_return                     0x08000219   Thumb Code     0  libinit2.o(.ARM.Collect$$libinit$$00000033)
    __rt_lib_init_signal_1                   0x08000219   Thumb Code     0  libinit2.o(.ARM.Collect$$libinit$$0000001D)
    __rt_lib_init_stdio_1                    0x08000219   Thumb Code     0  libinit2.o(.ARM.Collect$$libinit$$00000025)
    __rt_lib_shutdown                        0x0800021b   Thumb Code     0  libshutdown.o(.ARM.Collect$$libshutdown$$00000000)
    __rt_lib_shutdown_cpp_1                  0x0800021d   Thumb Code     0  libshutdown2.o(.ARM.Collect$$libshutdown$$00000002)
    __rt_lib_shutdown_fp_trap_1              0x0800021d   Thumb Code     0  libshutdown2.o(.ARM.Collect$$libshutdown$$00000007)
    __rt_lib_shutdown_heap_1                 0x0800021d   Thumb Code     0  libshutdown2.o(.ARM.Collect$$libshutdown$$0000000F)
    __rt_lib_shutdown_return                 0x0800021d   Thumb Code     0  libshutdown2.o(.ARM.Collect$$libshutdown$$00000010)
    __rt_lib_shutdown_signal_1               0x0800021d   Thumb Code     0  libshutdown2.o(.ARM.Collect$$libshutdown$$0000000A)
    __rt_lib_shutdown_stdio_1                0x0800021d   Thumb Code     0  libshutdown2.o(.ARM.Collect$$libshutdown$$00000004)
    __rt_lib_shutdown_user_alloc_1           0x0800021d   Thumb Code     0  libshutdown2.o(.ARM.Collect$$libshutdown$$0000000C)
    __rt_entry                               0x0800021f   Thumb Code     0  __rtentry.o(.ARM.Collect$$rtentry$$00000000)
    __rt_entry_presh_1                       0x0800021f   Thumb Code     0  __rtentry2.o(.ARM.Collect$$rtentry$$00000002)
    __rt_entry_sh                            0x0800021f   Thumb Code     0  __rtentry4.o(.ARM.Collect$$rtentry$$00000004)
    __rt_entry_li                            0x08000225   Thumb Code     0  __rtentry2.o(.ARM.Collect$$rtentry$$0000000A)
    __rt_entry_postsh_1                      0x08000225   Thumb Code     0  __rtentry2.o(.ARM.Collect$$rtentry$$00000009)
    __rt_entry_main                          0x08000229   Thumb Code     0  __rtentry2.o(.ARM.Collect$$rtentry$$0000000D)
    __rt_entry_postli_1                      0x08000229   Thumb Code     0  __rtentry2.o(.ARM.Collect$$rtentry$$0000000C)
    __rt_exit                                0x08000231   Thumb Code     0  rtexit.o(.ARM.Collect$$rtexit$$00000000)
    __rt_exit_ls                             0x08000233   Thumb Code     0  rtexit2.o(.ARM.Collect$$rtexit$$00000003)
    __rt_exit_prels_1                        0x08000233   Thumb Code     0  rtexit2.o(.ARM.Collect$$rtexit$$00000002)
    __rt_exit_exit                           0x08000237   Thumb Code     0  rtexit2.o(.ARM.Collect$$rtexit$$00000004)
    SVC_Handler                              0x0800023d   Thumb Code    32  port.o(.emb_text)
    __asm___6_port_c_39a90d8d__prvStartFirstTask 0x08000261   Thumb Code    28  port.o(.emb_text)
    PendSV_Handler                           0x08000281   Thumb Code    72  port.o(.emb_text)
    vPortGetIPSR                             0x080002cd   Thumb Code     6  port.o(.emb_text)
    Reset_Handler                            0x080002d5   Thumb Code     8  startup_stm32f103xe.o(.text)
    ADC1_2_IRQHandler                        0x080002ef   Thumb Code     0  startup_stm32f103xe.o(.text)
    ADC3_IRQHandler                          0x080002ef   Thumb Code     0  startup_stm32f103xe.o(.text)
    CAN1_RX1_IRQHandler                      0x080002ef   Thumb Code     0  startup_stm32f103xe.o(.text)
    CAN1_SCE_IRQHandler                      0x080002ef   Thumb Code     0  startup_stm32f103xe.o(.text)
    DMA1_Channel1_IRQHandler                 0x080002ef   Thumb Code     0  startup_stm32f103xe.o(.text)
    DMA1_Channel2_IRQHandler                 0x080002ef   Thumb Code     0  startup_stm32f103xe.o(.text)
    DMA1_Channel3_IRQHandler                 0x080002ef   Thumb Code     0  startup_stm32f103xe.o(.text)
    DMA1_Channel4_IRQHandler                 0x080002ef   Thumb Code     0  startup_stm32f103xe.o(.text)
    DMA1_Channel5_IRQHandler                 0x080002ef   Thumb Code     0  startup_stm32f103xe.o(.text)
    DMA1_Channel6_IRQHandler                 0x080002ef   Thumb Code     0  startup_stm32f103xe.o(.text)
    DMA1_Channel7_IRQHandler                 0x080002ef   Thumb Code     0  startup_stm32f103xe.o(.text)
    DMA2_Channel1_IRQHandler                 0x080002ef   Thumb Code     0  startup_stm32f103xe.o(.text)
    DMA2_Channel2_IRQHandler                 0x080002ef   Thumb Code     0  startup_stm32f103xe.o(.text)
    DMA2_Channel3_IRQHandler                 0x080002ef   Thumb Code     0  startup_stm32f103xe.o(.text)
    DMA2_Channel4_5_IRQHandler               0x080002ef   Thumb Code     0  startup_stm32f103xe.o(.text)
    EXTI0_IRQHandler                         0x080002ef   Thumb Code     0  startup_stm32f103xe.o(.text)
    EXTI15_10_IRQHandler                     0x080002ef   Thumb Code     0  startup_stm32f103xe.o(.text)
    EXTI1_IRQHandler                         0x080002ef   Thumb Code     0  startup_stm32f103xe.o(.text)
    EXTI2_IRQHandler                         0x080002ef   Thumb Code     0  startup_stm32f103xe.o(.text)
    EXTI3_IRQHandler                         0x080002ef   Thumb Code     0  startup_stm32f103xe.o(.text)
    EXTI4_IRQHandler                         0x080002ef   Thumb Code     0  startup_stm32f103xe.o(.text)
    EXTI9_5_IRQHandler                       0x080002ef   Thumb Code     0  startup_stm32f103xe.o(.text)
    FLASH_IRQHandler                         0x080002ef   Thumb Code     0  startup_stm32f103xe.o(.text)
    FSMC_IRQHandler                          0x080002ef   Thumb Code     0  startup_stm32f103xe.o(.text)
    I2C1_ER_IRQHandler                       0x080002ef   Thumb Code     0  startup_stm32f103xe.o(.text)
    I2C1_EV_IRQHandler                       0x080002ef   Thumb Code     0  startup_stm32f103xe.o(.text)
    I2C2_ER_IRQHandler                       0x080002ef   Thumb Code     0  startup_stm32f103xe.o(.text)
    I2C2_EV_IRQHandler                       0x080002ef   Thumb Code     0  startup_stm32f103xe.o(.text)
    PVD_IRQHandler                           0x080002ef   Thumb Code     0  startup_stm32f103xe.o(.text)
    RCC_IRQHandler                           0x080002ef   Thumb Code     0  startup_stm32f103xe.o(.text)
    RTC_Alarm_IRQHandler                     0x080002ef   Thumb Code     0  startup_stm32f103xe.o(.text)
    RTC_IRQHandler                           0x080002ef   Thumb Code     0  startup_stm32f103xe.o(.text)
    SDIO_IRQHandler                          0x080002ef   Thumb Code     0  startup_stm32f103xe.o(.text)
    SPI1_IRQHandler                          0x080002ef   Thumb Code     0  startup_stm32f103xe.o(.text)
    SPI2_IRQHandler                          0x080002ef   Thumb Code     0  startup_stm32f103xe.o(.text)
    SPI3_IRQHandler                          0x080002ef   Thumb Code     0  startup_stm32f103xe.o(.text)
    TAMPER_IRQHandler                        0x080002ef   Thumb Code     0  startup_stm32f103xe.o(.text)
    TIM1_BRK_IRQHandler                      0x080002ef   Thumb Code     0  startup_stm32f103xe.o(.text)
    TIM1_CC_IRQHandler                       0x080002ef   Thumb Code     0  startup_stm32f103xe.o(.text)
    TIM1_TRG_COM_IRQHandler                  0x080002ef   Thumb Code     0  startup_stm32f103xe.o(.text)
    TIM1_UP_IRQHandler                       0x080002ef   Thumb Code     0  startup_stm32f103xe.o(.text)
    TIM2_IRQHandler                          0x080002ef   Thumb Code     0  startup_stm32f103xe.o(.text)
    TIM3_IRQHandler                          0x080002ef   Thumb Code     0  startup_stm32f103xe.o(.text)
    TIM4_IRQHandler                          0x080002ef   Thumb Code     0  startup_stm32f103xe.o(.text)
    TIM5_IRQHandler                          0x080002ef   Thumb Code     0  startup_stm32f103xe.o(.text)
    TIM6_IRQHandler                          0x080002ef   Thumb Code     0  startup_stm32f103xe.o(.text)
    TIM7_IRQHandler                          0x080002ef   Thumb Code     0  startup_stm32f103xe.o(.text)
    TIM8_BRK_IRQHandler                      0x080002ef   Thumb Code     0  startup_stm32f103xe.o(.text)
    TIM8_CC_IRQHandler                       0x080002ef   Thumb Code     0  startup_stm32f103xe.o(.text)
    TIM8_TRG_COM_IRQHandler                  0x080002ef   Thumb Code     0  startup_stm32f103xe.o(.text)
    TIM8_UP_IRQHandler                       0x080002ef   Thumb Code     0  startup_stm32f103xe.o(.text)
    UART4_IRQHandler                         0x080002ef   Thumb Code     0  startup_stm32f103xe.o(.text)
    UART5_IRQHandler                         0x080002ef   Thumb Code     0  startup_stm32f103xe.o(.text)
    USART3_IRQHandler                        0x080002ef   Thumb Code     0  startup_stm32f103xe.o(.text)
    USBWakeUp_IRQHandler                     0x080002ef   Thumb Code     0  startup_stm32f103xe.o(.text)
    USB_HP_CAN1_TX_IRQHandler                0x080002ef   Thumb Code     0  startup_stm32f103xe.o(.text)
    USB_LP_CAN1_RX0_IRQHandler               0x080002ef   Thumb Code     0  startup_stm32f103xe.o(.text)
    WWDG_IRQHandler                          0x080002ef   Thumb Code     0  startup_stm32f103xe.o(.text)
    __user_initial_stackheap                 0x080002f1   Thumb Code     0  startup_stm32f103xe.o(.text)
    __use_no_semihosting                     0x08000315   Thumb Code     2  use_no_semi_2.o(.text)
    __aeabi_llsr                             0x08000317   Thumb Code     0  llushr.o(.text)
    _ll_ushift_r                             0x08000317   Thumb Code    38  llushr.o(.text)
    __2printf                                0x0800033d   Thumb Code    20  noretval__2printf.o(.text)
    __2sprintf                               0x08000355   Thumb Code    34  noretval__2sprintf.o(.text)
    _printf_pre_padding                      0x0800037d   Thumb Code    44  _printf_pad.o(.text)
    _printf_post_padding                     0x080003a9   Thumb Code    34  _printf_pad.o(.text)
    _printf_str                              0x080003cb   Thumb Code    82  _printf_str.o(.text)
    _printf_int_dec                          0x0800041d   Thumb Code   104  _printf_dec.o(.text)
    _printf_int_hex                          0x08000495   Thumb Code    84  _printf_hex_int.o(.text)
    _printf_longlong_hex                     0x08000495   Thumb Code     0  _printf_hex_int.o(.text)
    __printf                                 0x080004ed   Thumb Code   308  __printf_flags_wp.o(.text)
    strchr                                   0x08000625   Thumb Code    20  strchr.o(.text)
    strstr                                   0x08000639   Thumb Code    36  strstr.o(.text)
    strcpy                                   0x0800065d   Thumb Code    72  strcpy.o(.text)
    strlen                                   0x080006a5   Thumb Code    62  strlen.o(.text)
    strcat                                   0x080006e3   Thumb Code    24  strcat.o(.text)
    __aeabi_memcpy                           0x080006fb   Thumb Code     0  rt_memcpy_v6.o(.text)
    __rt_memcpy                              0x080006fb   Thumb Code   138  rt_memcpy_v6.o(.text)
    _memcpy_lastbytes                        0x08000761   Thumb Code     0  rt_memcpy_v6.o(.text)
    __aeabi_memcpy4                          0x08000785   Thumb Code     0  rt_memcpy_w.o(.text)
    __aeabi_memcpy8                          0x08000785   Thumb Code     0  rt_memcpy_w.o(.text)
    __rt_memcpy_w                            0x08000785   Thumb Code   100  rt_memcpy_w.o(.text)
    _memcpy_lastbytes_aligned                0x080007cd   Thumb Code     0  rt_memcpy_w.o(.text)
    __aeabi_memset                           0x080007e9   Thumb Code    16  aeabi_memset.o(.text)
    __aeabi_memclr                           0x080007f9   Thumb Code     0  rt_memclr.o(.text)
    __rt_memclr                              0x080007f9   Thumb Code    68  rt_memclr.o(.text)
    _memset                                  0x080007fd   Thumb Code     0  rt_memclr.o(.text)
    __aeabi_memclr4                          0x0800083d   Thumb Code     0  rt_memclr_w.o(.text)
    __aeabi_memclr8                          0x0800083d   Thumb Code     0  rt_memclr_w.o(.text)
    __rt_memclr_w                            0x0800083d   Thumb Code    78  rt_memclr_w.o(.text)
    _memset_w                                0x08000841   Thumb Code     0  rt_memclr_w.o(.text)
    __use_two_region_memory                  0x0800088b   Thumb Code     2  heapauxi.o(.text)
    __rt_heap_escrow$2region                 0x0800088d   Thumb Code     2  heapauxi.o(.text)
    __rt_heap_expand$2region                 0x0800088f   Thumb Code     2  heapauxi.o(.text)
    __I$use$semihosting                      0x08000891   Thumb Code     0  use_no_semi.o(.text)
    __use_no_semihosting_swi                 0x08000891   Thumb Code     2  use_no_semi.o(.text)
    _printf_int_common                       0x08000893   Thumb Code   178  _printf_intcommon.o(.text)
    __lib_sel_fp_printf                      0x08000945   Thumb Code     2  _printf_fp_dec.o(.text)
    _printf_fp_dec_real                      0x08000af3   Thumb Code   620  _printf_fp_dec.o(.text)
    _printf_char_common                      0x08000d6b   Thumb Code    32  _printf_char_common.o(.text)
    _sputc                                   0x08000d91   Thumb Code    10  _sputc.o(.text)
    _printf_cs_common                        0x08000d9b   Thumb Code    20  _printf_char.o(.text)
    _printf_char                             0x08000daf   Thumb Code    16  _printf_char.o(.text)
    _printf_string                           0x08000dbf   Thumb Code     8  _printf_char.o(.text)
    _printf_char_file                        0x08000dc9   Thumb Code    32  _printf_char_file.o(.text)
    __rt_locale                              0x08000ded   Thumb Code     8  rt_locale_intlibspace.o(.text)
    _ll_udiv10                               0x08000df5   Thumb Code   138  lludiv10.o(.text)
    _printf_fp_infnan                        0x08000e81   Thumb Code   112  _printf_fp_infnan.o(.text)
    _btod_etento                             0x08000f01   Thumb Code   216  bigflt0.o(.text)
    ferror                                   0x08000fdd   Thumb Code     8  ferror.o(.text)
    __user_libspace                          0x08000fe5   Thumb Code     8  libspace.o(.text)
    __user_perproc_libspace                  0x08000fe5   Thumb Code     0  libspace.o(.text)
    __user_perthread_libspace                0x08000fe5   Thumb Code     0  libspace.o(.text)
    __user_setup_stackheap                   0x08000fed   Thumb Code    74  sys_stackheap_outer.o(.text)
    exit                                     0x08001037   Thumb Code    18  exit.o(.text)
    strcmp                                   0x08001049   Thumb Code   128  strcmpv7m.o(.text)
    _btod_d2e                                0x080010c9   Thumb Code    62  btod.o(CL$$btod_d2e)
    _d2e_denorm_low                          0x08001107   Thumb Code    70  btod.o(CL$$btod_d2e_denorm_low)
    _d2e_norm_op1                            0x0800114d   Thumb Code    96  btod.o(CL$$btod_d2e_norm_op1)
    __btod_div_common                        0x080011ad   Thumb Code   696  btod.o(CL$$btod_div_common)
    _e2e                                     0x080014e5   Thumb Code   198  btod.o(CL$$btod_e2e)
    _btod_ediv                               0x080015ab   Thumb Code    40  btod.o(CL$$btod_ediv)
    _btod_emul                               0x080015d3   Thumb Code    40  btod.o(CL$$btod_emul)
    __btod_mult_common                       0x080015fb   Thumb Code   580  btod.o(CL$$btod_mult_common)
    ActivateDevice                           0x08001841   Thumb Code   272  active.o(i.ActivateDevice)
    BusFault_Handler                         0x080019c9   Thumb Code     4  stm32f1xx_it.o(i.BusFault_Handler)
    DebugMon_Handler                         0x080019cd   Thumb Code     2  stm32f1xx_it.o(i.DebugMon_Handler)
    DecCmdConfig                             0x080019d1   Thumb Code    18  devcmd.o(i.DecCmdConfig)
    DevCmdTask                               0x080019e9   Thumb Code    98  devcmd.o(i.DevCmdTask)
    DeviceRegister                           0x08001a79   Thumb Code   352  register.o(i.DeviceRegister)
    DeviceUploadCSQ                          0x08001c85   Thumb Code   238  csq.o(i.DeviceUploadCSQ)
    FLASH_PageErase                          0x08001e01   Thumb Code    32  stm32f1xx_hal_flash_ex.o(i.FLASH_PageErase)
    FLASH_WaitForLastOperation               0x08001eb1   Thumb Code   106  stm32f1xx_hal_flash.o(i.FLASH_WaitForLastOperation)
    HAL_Delay                                0x08001f21   Thumb Code    26  stm32f1xx_hal.o(i.HAL_Delay)
    HAL_FLASHEx_Erase                        0x08001f3d   Thumb Code   168  stm32f1xx_hal_flash_ex.o(i.HAL_FLASHEx_Erase)
    HAL_FLASH_Lock                           0x08001fed   Thumb Code    16  stm32f1xx_hal_flash.o(i.HAL_FLASH_Lock)
    HAL_FLASH_Program                        0x08002001   Thumb Code   168  stm32f1xx_hal_flash.o(i.HAL_FLASH_Program)
    HAL_FLASH_Unlock                         0x080020b1   Thumb Code    30  stm32f1xx_hal_flash.o(i.HAL_FLASH_Unlock)
    HAL_GPIO_Init                            0x080020dd   Thumb Code   790  stm32f1xx_hal_gpio.o(i.HAL_GPIO_Init)
    HAL_GPIO_WritePin                        0x0800241d   Thumb Code    12  stm32f1xx_hal_gpio.o(i.HAL_GPIO_WritePin)
    HAL_GetTick                              0x08002429   Thumb Code     6  stm32f1xx_hal.o(i.HAL_GetTick)
    HAL_Init                                 0x08002435   Thumb Code    34  stm32f1xx_hal.o(i.HAL_Init)
    HAL_InitTick                             0x0800245d   Thumb Code    36  stm32f1xx_hal.o(i.HAL_InitTick)
    HAL_MspInit                              0x08002481   Thumb Code     2  stm32f1xx_hal_msp.o(i.HAL_MspInit)
    HAL_NVIC_EnableIRQ                       0x08002483   Thumb Code    26  stm32f1xx_hal_cortex.o(i.HAL_NVIC_EnableIRQ)
    HAL_NVIC_SetPriority                     0x0800249d   Thumb Code   124  stm32f1xx_hal_cortex.o(i.HAL_NVIC_SetPriority)
    HAL_NVIC_SetPriorityGrouping             0x08002519   Thumb Code    32  stm32f1xx_hal_cortex.o(i.HAL_NVIC_SetPriorityGrouping)
    HAL_RCC_ClockConfig                      0x08002541   Thumb Code   648  stm32f1xx_hal_rcc.o(i.HAL_RCC_ClockConfig)
    HAL_RCC_GetHCLKFreq                      0x080027d9   Thumb Code     6  stm32f1xx_hal_rcc.o(i.HAL_RCC_GetHCLKFreq)
    HAL_RCC_GetPCLK1Freq                     0x080027e5   Thumb Code    36  stm32f1xx_hal_rcc.o(i.HAL_RCC_GetPCLK1Freq)
    HAL_RCC_GetPCLK2Freq                     0x08002811   Thumb Code    36  stm32f1xx_hal_rcc.o(i.HAL_RCC_GetPCLK2Freq)
    HAL_RCC_GetSysClockFreq                  0x0800283d   Thumb Code   146  stm32f1xx_hal_rcc.o(i.HAL_RCC_GetSysClockFreq)
    HAL_RCC_OscConfig                        0x080028f1   Thumb Code  2164  stm32f1xx_hal_rcc.o(i.HAL_RCC_OscConfig)
    HAL_SYSTICK_CLKSourceConfig              0x08003169   Thumb Code    40  stm32f1xx_hal_cortex.o(i.HAL_SYSTICK_CLKSourceConfig)
    HAL_SYSTICK_Config                       0x08003191   Thumb Code    52  stm32f1xx_hal_cortex.o(i.HAL_SYSTICK_Config)
    HAL_UART_ErrorCallback                   0x080031c5   Thumb Code     2  stm32f1xx_hal_uart.o(i.HAL_UART_ErrorCallback)
    HAL_UART_IRQHandler                      0x080031c7   Thumb Code   218  stm32f1xx_hal_uart.o(i.HAL_UART_IRQHandler)
    HAL_UART_Init                            0x080032a1   Thumb Code   110  stm32f1xx_hal_uart.o(i.HAL_UART_Init)
    HAL_UART_MspInit                         0x0800330f   Thumb Code     2  stm32f1xx_hal_uart.o(i.HAL_UART_MspInit)
    HAL_UART_Receive_IT                      0x08003311   Thumb Code   134  stm32f1xx_hal_uart.o(i.HAL_UART_Receive_IT)
    HAL_UART_RxCpltCallback                  0x08003397   Thumb Code     2  stm32f1xx_hal_uart.o(i.HAL_UART_RxCpltCallback)
    HAL_UART_TxCpltCallback                  0x08003399   Thumb Code     2  stm32f1xx_hal_uart.o(i.HAL_UART_TxCpltCallback)
    HardFault_Handler                        0x0800339b   Thumb Code     4  stm32f1xx_it.o(i.HardFault_Handler)
    LogInit                                  0x080033a1   Thumb Code   130  usart.o(i.LogInit)
    McuPowerEnable                           0x08003435   Thumb Code    16  gpio.o(i.McuPowerEnable)
    McuPowerInit                             0x08003449   Thumb Code    60  gpio.o(i.McuPowerInit)
    MemManage_Handler                        0x0800348d   Thumb Code     4  stm32f1xx_it.o(i.MemManage_Handler)
    MessageReceiveFromISR                    0x08003491   Thumb Code    58  message.o(i.MessageReceiveFromISR)
    MessageReceiveTask                       0x080034f5   Thumb Code   616  message.o(i.MessageReceiveTask)
    MessageSend                              0x080037b9   Thumb Code   106  message.o(i.MessageSend)
    MessageSendTask                          0x08003841   Thumb Code   146  message.o(i.MessageSendTask)
    MsgInfoConfig                            0x080038e9   Thumb Code   112  message.o(i.MsgInfoConfig)
    NMI_Handler                              0x08003969   Thumb Code     2  stm32f1xx_it.o(i.NMI_Handler)
    NetCheck                                 0x080039a5   Thumb Code   170  net.o(i.NetCheck)
    ReleaseDevice                            0x08003aad   Thumb Code    92  active.o(i.ReleaseDevice)
    RepActive                                0x08003b2d   Thumb Code    86  active.o(i.RepActive)
    STMFLASH_Read                            0x08003b95   Thumb Code    32  flash.o(i.STMFLASH_Read)
    STMFLASH_ReadWord                        0x08003bb5   Thumb Code     6  flash.o(i.STMFLASH_ReadWord)
    STMFLASH_Store                           0x08003bbb   Thumb Code    88  flash.o(i.STMFLASH_Store)
    STMFLASH_Write                           0x08003c15   Thumb Code   160  flash.o(i.STMFLASH_Write)
    SetFotaIpSocket                          0x08003cb9   Thumb Code    62  fota.o(i.SetFotaIpSocket)
    SetFotaPara                              0x08003d15   Thumb Code   146  fota.o(i.SetFotaPara)
    SetFotaSoftVision                        0x08003dcd   Thumb Code    62  fota.o(i.SetFotaSoftVision)
    StartFota                                0x08003e29   Thumb Code    74  fota.o(i.StartFota)
    StartTask                                0x08003e91   Thumb Code   276  main.o(i.StartTask)
    Stm32_Clock_Init                         0x08004069   Thumb Code    86  sys.o(i.Stm32_Clock_Init)
    SysTick_Handler                          0x080040bf   Thumb Code    16  delay.o(i.SysTick_Handler)
    SystemInit                               0x080040d1   Thumb Code    70  system_stm32f1xx.o(i.SystemInit)
    USART1_IRQHandler                        0x0800444d   Thumb Code    10  usart.o(i.USART1_IRQHandler)
    USART2_IRQHandler                        0x0800445d   Thumb Code    96  usart.o(i.USART2_IRQHandler)
    UsageFault_Handler                       0x080044cd   Thumb Code     4  stm32f1xx_it.o(i.UsageFault_Handler)
    Usart2Init                               0x080044d1   Thumb Code   196  usart.o(i.Usart2Init)
    UsartWrite                               0x080045a9   Thumb Code    46  usart.o(i.UsartWrite)
    __ARM_fpclassify                         0x080045dd   Thumb Code    40  fpclassify.o(i.__ARM_fpclassify)
    _is_digit                                0x08004605   Thumb Code    14  __printf_wp.o(i._is_digit)
    _sys_exit                                0x08004613   Thumb Code     4  usart.o(i._sys_exit)
    cJSON_AddItemToArray                     0x08004617   Thumb Code    42  cjson.o(i.cJSON_AddItemToArray)
    cJSON_AddItemToObject                    0x08004641   Thumb Code    44  cjson.o(i.cJSON_AddItemToObject)
    cJSON_CreateNumber                       0x08004671   Thumb Code    36  cjson.o(i.cJSON_CreateNumber)
    cJSON_CreateObject                       0x08004695   Thumb Code    18  cjson.o(i.cJSON_CreateObject)
    cJSON_CreateString                       0x080046a7   Thumb Code    28  cjson.o(i.cJSON_CreateString)
    cJSON_Delete                             0x080046c5   Thumb Code    74  cjson.o(i.cJSON_Delete)
    cJSON_Print                              0x08004735   Thumb Code    16  cjson.o(i.cJSON_Print)
    delay_init                               0x08004771   Thumb Code    74  delay.o(i.delay_init)
    delay_us                                 0x080047cd   Thumb Code    68  delay.o(i.delay_us)
    delay_xms                                0x08004815   Thumb Code    24  delay.o(i.delay_xms)
    deviceConfig                             0x0800482d   Thumb Code   394  gprs.o(i.deviceConfig)
    deviceConnect                            0x08004a21   Thumb Code   100  gprs.o(i.deviceConnect)
    deviceSend                               0x08004af1   Thumb Code   218  message.o(i.deviceSend)
    deviceUpdateCSQ                          0x08004c15   Thumb Code    58  gprs.o(i.deviceUpdateCSQ)
    deviceUpdateIMEI                         0x08004c85   Thumb Code    58  gprs.o(i.deviceUpdateIMEI)
    deviceUpdateIMSI                         0x08004cf5   Thumb Code    58  gprs.o(i.deviceUpdateIMSI)
    floor                                    0x08004d65   Thumb Code   204  floor.o(i.floor)
    fputc                                    0x08004e41   Thumb Code    24  usart.o(i.fputc)
    main                                     0x08004e5d   Thumb Code   140  main.o(i.main)
    pvPortMalloc                             0x08006749   Thumb Code   262  heap_4.o(i.pvPortMalloc)
    pvTaskIncrementMutexHeldCount            0x0800689d   Thumb Code    26  tasks.o(i.pvTaskIncrementMutexHeldCount)
    pxPortInitialiseStack                    0x080068bd   Thumb Code    30  port.o(i.pxPortInitialiseStack)
    testTask                                 0x080068e9   Thumb Code    14  main.o(i.testTask)
    uxListRemove                             0x08006901   Thumb Code    40  list.o(i.uxListRemove)
    vListInitialise                          0x08006929   Thumb Code    26  list.o(i.vListInitialise)
    vListInitialiseItem                      0x08006943   Thumb Code     6  list.o(i.vListInitialiseItem)
    vListInsert                              0x08006949   Thumb Code    52  list.o(i.vListInsert)
    vListInsertEnd                           0x0800697d   Thumb Code    24  list.o(i.vListInsertEnd)
    vPortEnterCritical                       0x08006995   Thumb Code    68  port.o(i.vPortEnterCritical)
    vPortExitCritical                        0x08006a1d   Thumb Code    48  port.o(i.vPortExitCritical)
    vPortFree                                0x08006a8d   Thumb Code   120  heap_4.o(i.vPortFree)
    vPortSetupTimerInterrupt                 0x08006b45   Thumb Code    26  port.o(i.vPortSetupTimerInterrupt)
    vPortValidateInterruptPriority           0x08006b65   Thumb Code    86  port.o(i.vPortValidateInterruptPriority)
    vQueueAddToRegistry                      0x08006c05   Thumb Code    38  queue.o(i.vQueueAddToRegistry)
    vQueueDelete                             0x08006c31   Thumb Code    34  queue.o(i.vQueueDelete)
    vQueueUnregisterQueue                    0x08006c79   Thumb Code    44  queue.o(i.vQueueUnregisterQueue)
    vQueueWaitForMessageRestricted           0x08006ca9   Thumb Code    74  queue.o(i.vQueueWaitForMessageRestricted)
    vTaskDelay                               0x08006cf5   Thumb Code    72  tasks.o(i.vTaskDelay)
    vTaskDelete                              0x08006d69   Thumb Code   192  tasks.o(i.vTaskDelete)
    vTaskMissedYield                         0x08006e75   Thumb Code     8  tasks.o(i.vTaskMissedYield)
    vTaskPlaceOnEventList                    0x08006e81   Thumb Code    42  tasks.o(i.vTaskPlaceOnEventList)
    vTaskPlaceOnEventListRestricted          0x08006ed5   Thumb Code    50  tasks.o(i.vTaskPlaceOnEventListRestricted)
    vTaskPriorityInherit                     0x08006f31   Thumb Code   164  tasks.o(i.vTaskPriorityInherit)
    vTaskSetTimeOutState                     0x08006fe1   Thumb Code    32  tasks.o(i.vTaskSetTimeOutState)
    vTaskStartScheduler                      0x0800702d   Thumb Code   108  tasks.o(i.vTaskStartScheduler)
    vTaskSuspendAll                          0x080070d9   Thumb Code    12  tasks.o(i.vTaskSuspendAll)
    vTaskSwitchContext                       0x080070e9   Thumb Code   110  tasks.o(i.vTaskSwitchContext)
    xPortStartScheduler                      0x08007191   Thumb Code   140  port.o(i.xPortStartScheduler)
    xPortSysTickHandler                      0x08007231   Thumb Code    46  port.o(i.xPortSysTickHandler)
    xQueueGenericCreate                      0x08007265   Thumb Code    78  queue.o(i.xQueueGenericCreate)
    xQueueGenericReceive                     0x080072d9   Thumb Code   416  queue.o(i.xQueueGenericReceive)
    xQueueGenericReset                       0x080074a1   Thumb Code   136  queue.o(i.xQueueGenericReset)
    xQueueGenericSend                        0x08007551   Thumb Code   412  queue.o(i.xQueueGenericSend)
    xQueueGenericSendFromISR                 0x08007715   Thumb Code   234  queue.o(i.xQueueGenericSendFromISR)
    xTaskCheckForTimeOut                     0x08007825   Thumb Code   116  tasks.o(i.xTaskCheckForTimeOut)
    xTaskCreate                              0x080078c5   Thumb Code    96  tasks.o(i.xTaskCreate)
    xTaskGetSchedulerState                   0x08007925   Thumb Code    24  tasks.o(i.xTaskGetSchedulerState)
    xTaskGetTickCount                        0x08007945   Thumb Code     6  tasks.o(i.xTaskGetTickCount)
    xTaskIncrementTick                       0x08007951   Thumb Code   272  tasks.o(i.xTaskIncrementTick)
    xTaskPriorityDisinherit                  0x08007ab1   Thumb Code   168  tasks.o(i.xTaskPriorityDisinherit)
    xTaskRemoveFromEventList                 0x08007b89   Thumb Code   118  tasks.o(i.xTaskRemoveFromEventList)
    xTaskResumeAll                           0x08007c3d   Thumb Code   214  tasks.o(i.xTaskResumeAll)
    xTimerCreate                             0x08007d5d   Thumb Code    48  timers.o(i.xTimerCreate)
    xTimerCreateTimerTask                    0x08007d8d   Thumb Code    56  timers.o(i.xTimerCreateTimerTask)
    xTimerGenericCommand                     0x08007e01   Thumb Code   118  timers.o(i.xTimerGenericCommand)
    _get_lc_numeric                          0x08007ea5   Thumb Code    44  lc_numeric_c.o(locale$$code)
    __aeabi_dadd                             0x08007ed1   Thumb Code     0  daddsub_clz.o(x$fpl$dadd)
    _dadd                                    0x08007ed1   Thumb Code   332  daddsub_clz.o(x$fpl$dadd)
    __fpl_dcmp_Inf                           0x08008021   Thumb Code    24  dcmpi.o(x$fpl$dcmpinf)
    __aeabi_d2iz                             0x08008039   Thumb Code     0  dfix.o(x$fpl$dfix)
    _dfix                                    0x08008039   Thumb Code    94  dfix.o(x$fpl$dfix)
    __aeabi_i2d                              0x08008097   Thumb Code     0  dflt_clz.o(x$fpl$dflt)
    _dflt                                    0x08008097   Thumb Code    46  dflt_clz.o(x$fpl$dflt)
    __aeabi_cdcmple                          0x080080c5   Thumb Code     0  dleqf.o(x$fpl$dleqf)
    _dcmple                                  0x080080c5   Thumb Code   120  dleqf.o(x$fpl$dleqf)
    __fpl_dcmple_InfNaN                      0x08008127   Thumb Code     0  dleqf.o(x$fpl$dleqf)
    __fpl_dnaninf                            0x0800813d   Thumb Code   156  dnaninf.o(x$fpl$dnaninf)
    __fpl_dretinf                            0x080081d9   Thumb Code    12  dretinf.o(x$fpl$dretinf)
    __aeabi_cdrcmple                         0x080081e5   Thumb Code     0  drleqf.o(x$fpl$drleqf)
    _drcmple                                 0x080081e5   Thumb Code   108  drleqf.o(x$fpl$drleqf)
    __aeabi_drsub                            0x08008251   Thumb Code     0  daddsub_clz.o(x$fpl$drsb)
    _drsb                                    0x08008251   Thumb Code    22  daddsub_clz.o(x$fpl$drsb)
    __aeabi_dsub                             0x08008269   Thumb Code     0  daddsub_clz.o(x$fpl$dsub)
    _dsub                                    0x08008269   Thumb Code   464  daddsub_clz.o(x$fpl$dsub)
    _printf_fp_dec                           0x0800843d   Thumb Code     4  printf1.o(x$fpl$printf1)
    AHBPrescTable                            0x08008440   Data          16  system_stm32f1xx.o(.constdata)
    __I$use$fp                               0x08008440   Number         0  usenofp.o(x$fpl$usenofp)
    APBPrescTable                            0x08008450   Data           8  system_stm32f1xx.o(.constdata)
    Region$$Table$$Base                      0x0800862c   Number         0  anon$$obj.o(Region$$Table)
    Region$$Table$$Limit                     0x0800864c   Number         0  anon$$obj.o(Region$$Table)
    StartTaskHanhler                         0x20000000   Data           4  main.o(.data)
    MsgRecTaskHanhler                        0x20000004   Data           4  main.o(.data)
    MsgSendTaskHanhler                       0x20000008   Data           4  main.o(.data)
    DeviceCmdTaskHanhler                     0x2000000c   Data           4  main.o(.data)
    connectTimerHandler                      0x20000010   Data           4  main.o(.data)
    testTimerHandler                         0x20000014   Data           4  main.o(.data)
    CSQTimerHandler                          0x20000018   Data           4  main.o(.data)
    NetTimerHandler                          0x2000001c   Data           4  main.o(.data)
    SystemCoreClock                          0x20000020   Data           4  system_stm32f1xx.o(.data)
    __stdout                                 0x2000002c   Data           4  usart.o(.data)
    usart2RecLen                             0x20000030   Data           2  usart.o(.data)
    pxCurrentTCB                             0x20000034   Data           4  tasks.o(.data)
    G510                                     0x200000a8   Data         356  gprs.o(.data)
    UsartRecMsgQueue                         0x2000020c   Data           4  message.o(.data)
    ChaCmdQueue                              0x20000220   Data           4  charge.o(.data)
    RigisterBinarySemaphore                  0x20000224   Data           4  register.o(.data)
    CSQBinarySemaphore                       0x20000228   Data           4  csq.o(.data)
    DevCmdQueue                              0x2000022c   Data           4  devcmd.o(.data)
    NetBinarySemaphore                       0x20000230   Data           4  net.o(.data)
    pFlash                                   0x20000238   Data          32  stm32f1xx_hal_flash.o(.bss)
    UART2_Handler                            0x20000258   Data          64  usart.o(.bss)
    UART1_Handler                            0x20000298   Data          64  usart.o(.bss)
    xQueueRegistry                           0x20000350   Data          64  queue.o(.bss)
    STMFLASH_BUF                             0x20005830   Data        2048  flash.o(.bss)
    __libspace_start                         0x20006030   Data          96  libspace.o(.bss)
    __temporary_stack_top$libspace           0x20006090   Data           0  libspace.o(.bss)



==============================================================================

Memory Map of the image

  Image Entry point : 0x08000131

  Load Region LR_IROM1 (Base: 0x08000000, Size: 0x0000889c, Max: 0x00080000, ABSOLUTE, COMPRESSED[0x000086dc])

    Execution Region ER_IROM1 (Base: 0x08000000, Size: 0x00008668, Max: 0x00080000, ABSOLUTE)

    Base Addr    Size         Type   Attr      Idx    E Section Name        Object

    0x08000000   0x00000130   Data   RO          493    RESET               startup_stm32f103xe.o
    0x08000130   0x00000008   Code   RO         9020  * !!!main             c_w.l(__main.o)
    0x08000138   0x00000034   Code   RO         9428    !!!scatter          c_w.l(__scatter.o)
    0x0800016c   0x0000005a   Code   RO         9426    !!dczerorl2         c_w.l(__dczerorl2.o)
    0x080001c6   0x00000002   PAD
    0x080001c8   0x0000001c   Code   RO         9430    !!handler_zi        c_w.l(__scatter_zi.o)
    0x080001e4   0x00000000   Code   RO         8995    .ARM.Collect$$_printf_percent$$00000000  c_w.l(_printf_percent.o)
    0x080001e4   0x00000006   Code   RO         8993    .ARM.Collect$$_printf_percent$$00000003  c_w.l(_printf_f.o)
    0x080001ea   0x00000006   Code   RO         8994    .ARM.Collect$$_printf_percent$$00000004  c_w.l(_printf_e.o)
    0x080001f0   0x00000006   Code   RO         8991    .ARM.Collect$$_printf_percent$$00000009  c_w.l(_printf_d.o)
    0x080001f6   0x00000006   Code   RO         8990    .ARM.Collect$$_printf_percent$$0000000C  c_w.l(_printf_x.o)
    0x080001fc   0x00000006   Code   RO         8989    .ARM.Collect$$_printf_percent$$00000014  c_w.l(_printf_s.o)
    0x08000202   0x00000004   Code   RO         9107    .ARM.Collect$$_printf_percent$$00000017  c_w.l(_printf_percent_end.o)
    0x08000206   0x00000002   Code   RO         9255    .ARM.Collect$$libinit$$00000000  c_w.l(libinit.o)
    0x08000208   0x00000000   Code   RO         9257    .ARM.Collect$$libinit$$00000002  c_w.l(libinit2.o)
    0x08000208   0x00000000   Code   RO         9259    .ARM.Collect$$libinit$$00000004  c_w.l(libinit2.o)
    0x08000208   0x00000000   Code   RO         9262    .ARM.Collect$$libinit$$0000000A  c_w.l(libinit2.o)
    0x08000208   0x00000000   Code   RO         9264    .ARM.Collect$$libinit$$0000000C  c_w.l(libinit2.o)
    0x08000208   0x00000000   Code   RO         9266    .ARM.Collect$$libinit$$0000000E  c_w.l(libinit2.o)
    0x08000208   0x00000006   Code   RO         9267    .ARM.Collect$$libinit$$0000000F  c_w.l(libinit2.o)
    0x0800020e   0x00000000   Code   RO         9269    .ARM.Collect$$libinit$$00000011  c_w.l(libinit2.o)
    0x0800020e   0x00000000   Code   RO         9271    .ARM.Collect$$libinit$$00000013  c_w.l(libinit2.o)
    0x0800020e   0x00000000   Code   RO         9273    .ARM.Collect$$libinit$$00000015  c_w.l(libinit2.o)
    0x0800020e   0x0000000a   Code   RO         9274    .ARM.Collect$$libinit$$00000016  c_w.l(libinit2.o)
    0x08000218   0x00000000   Code   RO         9275    .ARM.Collect$$libinit$$00000017  c_w.l(libinit2.o)
    0x08000218   0x00000000   Code   RO         9277    .ARM.Collect$$libinit$$00000019  c_w.l(libinit2.o)
    0x08000218   0x00000000   Code   RO         9279    .ARM.Collect$$libinit$$0000001B  c_w.l(libinit2.o)
    0x08000218   0x00000000   Code   RO         9281    .ARM.Collect$$libinit$$0000001D  c_w.l(libinit2.o)
    0x08000218   0x00000000   Code   RO         9283    .ARM.Collect$$libinit$$0000001F  c_w.l(libinit2.o)
    0x08000218   0x00000000   Code   RO         9285    .ARM.Collect$$libinit$$00000021  c_w.l(libinit2.o)
    0x08000218   0x00000000   Code   RO         9287    .ARM.Collect$$libinit$$00000023  c_w.l(libinit2.o)
    0x08000218   0x00000000   Code   RO         9289    .ARM.Collect$$libinit$$00000025  c_w.l(libinit2.o)
    0x08000218   0x00000000   Code   RO         9293    .ARM.Collect$$libinit$$0000002C  c_w.l(libinit2.o)
    0x08000218   0x00000000   Code   RO         9295    .ARM.Collect$$libinit$$0000002E  c_w.l(libinit2.o)
    0x08000218   0x00000000   Code   RO         9297    .ARM.Collect$$libinit$$00000030  c_w.l(libinit2.o)
    0x08000218   0x00000000   Code   RO         9299    .ARM.Collect$$libinit$$00000032  c_w.l(libinit2.o)
    0x08000218   0x00000002   Code   RO         9300    .ARM.Collect$$libinit$$00000033  c_w.l(libinit2.o)
    0x0800021a   0x00000002   Code   RO         9378    .ARM.Collect$$libshutdown$$00000000  c_w.l(libshutdown.o)
    0x0800021c   0x00000000   Code   RO         9409    .ARM.Collect$$libshutdown$$00000002  c_w.l(libshutdown2.o)
    0x0800021c   0x00000000   Code   RO         9411    .ARM.Collect$$libshutdown$$00000004  c_w.l(libshutdown2.o)
    0x0800021c   0x00000000   Code   RO         9414    .ARM.Collect$$libshutdown$$00000007  c_w.l(libshutdown2.o)
    0x0800021c   0x00000000   Code   RO         9417    .ARM.Collect$$libshutdown$$0000000A  c_w.l(libshutdown2.o)
    0x0800021c   0x00000000   Code   RO         9419    .ARM.Collect$$libshutdown$$0000000C  c_w.l(libshutdown2.o)
    0x0800021c   0x00000000   Code   RO         9422    .ARM.Collect$$libshutdown$$0000000F  c_w.l(libshutdown2.o)
    0x0800021c   0x00000002   Code   RO         9423    .ARM.Collect$$libshutdown$$00000010  c_w.l(libshutdown2.o)
    0x0800021e   0x00000000   Code   RO         9088    .ARM.Collect$$rtentry$$00000000  c_w.l(__rtentry.o)
    0x0800021e   0x00000000   Code   RO         9157    .ARM.Collect$$rtentry$$00000002  c_w.l(__rtentry2.o)
    0x0800021e   0x00000006   Code   RO         9169    .ARM.Collect$$rtentry$$00000004  c_w.l(__rtentry4.o)
    0x08000224   0x00000000   Code   RO         9159    .ARM.Collect$$rtentry$$00000009  c_w.l(__rtentry2.o)
    0x08000224   0x00000004   Code   RO         9160    .ARM.Collect$$rtentry$$0000000A  c_w.l(__rtentry2.o)
    0x08000228   0x00000000   Code   RO         9162    .ARM.Collect$$rtentry$$0000000C  c_w.l(__rtentry2.o)
    0x08000228   0x00000008   Code   RO         9163    .ARM.Collect$$rtentry$$0000000D  c_w.l(__rtentry2.o)
    0x08000230   0x00000002   Code   RO         9303    .ARM.Collect$$rtexit$$00000000  c_w.l(rtexit.o)
    0x08000232   0x00000000   Code   RO         9336    .ARM.Collect$$rtexit$$00000002  c_w.l(rtexit2.o)
    0x08000232   0x00000004   Code   RO         9337    .ARM.Collect$$rtexit$$00000003  c_w.l(rtexit2.o)
    0x08000236   0x00000006   Code   RO         9338    .ARM.Collect$$rtexit$$00000004  c_w.l(rtexit2.o)
    0x0800023c   0x00000096   Code   RO         7694    .emb_text           port.o
    0x080002d2   0x00000002   PAD
    0x080002d4   0x00000040   Code   RO          494    .text               startup_stm32f103xe.o
    0x08000314   0x00000002   Code   RO         8925    .text               c_w.l(use_no_semi_2.o)
    0x08000316   0x00000026   Code   RO         8929    .text               c_w.l(llushr.o)
    0x0800033c   0x00000018   Code   RO         8935    .text               c_w.l(noretval__2printf.o)
    0x08000354   0x00000028   Code   RO         8937    .text               c_w.l(noretval__2sprintf.o)
    0x0800037c   0x0000004e   Code   RO         8941    .text               c_w.l(_printf_pad.o)
    0x080003ca   0x00000052   Code   RO         8943    .text               c_w.l(_printf_str.o)
    0x0800041c   0x00000078   Code   RO         8945    .text               c_w.l(_printf_dec.o)
    0x08000494   0x00000058   Code   RO         8950    .text               c_w.l(_printf_hex_int.o)
    0x080004ec   0x00000138   Code   RO         8980    .text               c_w.l(__printf_flags_wp.o)
    0x08000624   0x00000014   Code   RO         8996    .text               c_w.l(strchr.o)
    0x08000638   0x00000024   Code   RO         8998    .text               c_w.l(strstr.o)
    0x0800065c   0x00000048   Code   RO         9000    .text               c_w.l(strcpy.o)
    0x080006a4   0x0000003e   Code   RO         9002    .text               c_w.l(strlen.o)
    0x080006e2   0x00000018   Code   RO         9006    .text               c_w.l(strcat.o)
    0x080006fa   0x0000008a   Code   RO         9008    .text               c_w.l(rt_memcpy_v6.o)
    0x08000784   0x00000064   Code   RO         9010    .text               c_w.l(rt_memcpy_w.o)
    0x080007e8   0x00000010   Code   RO         9012    .text               c_w.l(aeabi_memset.o)
    0x080007f8   0x00000044   Code   RO         9014    .text               c_w.l(rt_memclr.o)
    0x0800083c   0x0000004e   Code   RO         9016    .text               c_w.l(rt_memclr_w.o)
    0x0800088a   0x00000006   Code   RO         9018    .text               c_w.l(heapauxi.o)
    0x08000890   0x00000002   Code   RO         9086    .text               c_w.l(use_no_semi.o)
    0x08000892   0x000000b2   Code   RO         9095    .text               c_w.l(_printf_intcommon.o)
    0x08000944   0x0000041a   Code   RO         9097    .text               c_w.l(_printf_fp_dec.o)
    0x08000d5e   0x00000002   PAD
    0x08000d60   0x00000030   Code   RO         9099    .text               c_w.l(_printf_char_common.o)
    0x08000d90   0x0000000a   Code   RO         9101    .text               c_w.l(_sputc.o)
    0x08000d9a   0x0000002c   Code   RO         9103    .text               c_w.l(_printf_char.o)
    0x08000dc6   0x00000002   PAD
    0x08000dc8   0x00000024   Code   RO         9105    .text               c_w.l(_printf_char_file.o)
    0x08000dec   0x00000008   Code   RO         9176    .text               c_w.l(rt_locale_intlibspace.o)
    0x08000df4   0x0000008a   Code   RO         9183    .text               c_w.l(lludiv10.o)
    0x08000e7e   0x00000002   PAD
    0x08000e80   0x00000080   Code   RO         9187    .text               c_w.l(_printf_fp_infnan.o)
    0x08000f00   0x000000dc   Code   RO         9193    .text               c_w.l(bigflt0.o)
    0x08000fdc   0x00000008   Code   RO         9218    .text               c_w.l(ferror.o)
    0x08000fe4   0x00000008   Code   RO         9233    .text               c_w.l(libspace.o)
    0x08000fec   0x0000004a   Code   RO         9236    .text               c_w.l(sys_stackheap_outer.o)
    0x08001036   0x00000012   Code   RO         9242    .text               c_w.l(exit.o)
    0x08001048   0x00000080   Code   RO         9248    .text               c_w.l(strcmpv7m.o)
    0x080010c8   0x0000003e   Code   RO         9196    CL$$btod_d2e        c_w.l(btod.o)
    0x08001106   0x00000046   Code   RO         9198    CL$$btod_d2e_denorm_low  c_w.l(btod.o)
    0x0800114c   0x00000060   Code   RO         9197    CL$$btod_d2e_norm_op1  c_w.l(btod.o)
    0x080011ac   0x00000338   Code   RO         9206    CL$$btod_div_common  c_w.l(btod.o)
    0x080014e4   0x000000c6   Code   RO         9203    CL$$btod_e2e        c_w.l(btod.o)
    0x080015aa   0x00000028   Code   RO         9200    CL$$btod_ediv       c_w.l(btod.o)
    0x080015d2   0x00000028   Code   RO         9199    CL$$btod_emul       c_w.l(btod.o)
    0x080015fa   0x00000244   Code   RO         9205    CL$$btod_mult_common  c_w.l(btod.o)
    0x0800183e   0x00000002   PAD
    0x08001840   0x00000188   Code   RO         8128    i.ActivateDevice    active.o
    0x080019c8   0x00000004   Code   RO          291    i.BusFault_Handler  stm32f1xx_it.o
    0x080019cc   0x00000002   Code   RO          292    i.DebugMon_Handler  stm32f1xx_it.o
    0x080019ce   0x00000002   PAD
    0x080019d0   0x00000018   Code   RO         8377    i.DecCmdConfig      devcmd.o
    0x080019e8   0x00000090   Code   RO         8378    i.DevCmdTask        devcmd.o
    0x08001a78   0x0000020c   Code   RO         8317    i.DeviceRegister    register.o
    0x08001c84   0x00000154   Code   RO         8349    i.DeviceUploadCSQ   csq.o
    0x08001dd8   0x00000028   Code   RO         1649    i.FLASH_MassErase   stm32f1xx_hal_flash_ex.o
    0x08001e00   0x00000028   Code   RO         1658    i.FLASH_PageErase   stm32f1xx_hal_flash_ex.o
    0x08001e28   0x00000020   Code   RO         1546    i.FLASH_Program_HalfWord  stm32f1xx_hal_flash.o
    0x08001e48   0x00000068   Code   RO         1547    i.FLASH_SetErrorCode  stm32f1xx_hal_flash.o
    0x08001eb0   0x00000070   Code   RO         1548    i.FLASH_WaitForLastOperation  stm32f1xx_hal_flash.o
    0x08001f20   0x0000001a   Code   RO          508    i.HAL_Delay         stm32f1xx_hal.o
    0x08001f3a   0x00000002   PAD
    0x08001f3c   0x000000b0   Code   RO         1659    i.HAL_FLASHEx_Erase  stm32f1xx_hal_flash_ex.o
    0x08001fec   0x00000014   Code   RO         1552    i.HAL_FLASH_Lock    stm32f1xx_hal_flash.o
    0x08002000   0x000000b0   Code   RO         1557    i.HAL_FLASH_Program  stm32f1xx_hal_flash.o
    0x080020b0   0x0000002c   Code   RO         1559    i.HAL_FLASH_Unlock  stm32f1xx_hal_flash.o
    0x080020dc   0x00000340   Code   RO         1758    i.HAL_GPIO_Init     stm32f1xx_hal_gpio.o
    0x0800241c   0x0000000c   Code   RO         1762    i.HAL_GPIO_WritePin  stm32f1xx_hal_gpio.o
    0x08002428   0x0000000c   Code   RO          512    i.HAL_GetTick       stm32f1xx_hal.o
    0x08002434   0x00000028   Code   RO          514    i.HAL_Init          stm32f1xx_hal.o
    0x0800245c   0x00000024   Code   RO          515    i.HAL_InitTick      stm32f1xx_hal.o
    0x08002480   0x00000002   Code   RO          465    i.HAL_MspInit       stm32f1xx_hal_msp.o
    0x08002482   0x0000001a   Code   RO         1061    i.HAL_NVIC_EnableIRQ  stm32f1xx_hal_cortex.o
    0x0800249c   0x0000007c   Code   RO         1067    i.HAL_NVIC_SetPriority  stm32f1xx_hal_cortex.o
    0x08002518   0x00000028   Code   RO         1068    i.HAL_NVIC_SetPriorityGrouping  stm32f1xx_hal_cortex.o
    0x08002540   0x00000298   Code   RO         3411    i.HAL_RCC_ClockConfig  stm32f1xx_hal_rcc.o
    0x080027d8   0x0000000c   Code   RO         3416    i.HAL_RCC_GetHCLKFreq  stm32f1xx_hal_rcc.o
    0x080027e4   0x0000002c   Code   RO         3418    i.HAL_RCC_GetPCLK1Freq  stm32f1xx_hal_rcc.o
    0x08002810   0x0000002c   Code   RO         3419    i.HAL_RCC_GetPCLK2Freq  stm32f1xx_hal_rcc.o
    0x0800283c   0x000000b4   Code   RO         3420    i.HAL_RCC_GetSysClockFreq  stm32f1xx_hal_rcc.o
    0x080028f0   0x00000878   Code   RO         3423    i.HAL_RCC_OscConfig  stm32f1xx_hal_rcc.o
    0x08003168   0x00000028   Code   RO         1070    i.HAL_SYSTICK_CLKSourceConfig  stm32f1xx_hal_cortex.o
    0x08003190   0x00000034   Code   RO         1072    i.HAL_SYSTICK_Config  stm32f1xx_hal_cortex.o
    0x080031c4   0x00000002   Code   RO         5531    i.HAL_UART_ErrorCallback  stm32f1xx_hal_uart.o
    0x080031c6   0x000000da   Code   RO         5534    i.HAL_UART_IRQHandler  stm32f1xx_hal_uart.o
    0x080032a0   0x0000006e   Code   RO         5535    i.HAL_UART_Init     stm32f1xx_hal_uart.o
    0x0800330e   0x00000002   Code   RO         5537    i.HAL_UART_MspInit  stm32f1xx_hal_uart.o
    0x08003310   0x00000086   Code   RO         5540    i.HAL_UART_Receive_IT  stm32f1xx_hal_uart.o
    0x08003396   0x00000002   Code   RO         5541    i.HAL_UART_RxCpltCallback  stm32f1xx_hal_uart.o
    0x08003398   0x00000002   Code   RO         5546    i.HAL_UART_TxCpltCallback  stm32f1xx_hal_uart.o
    0x0800339a   0x00000004   Code   RO          293    i.HardFault_Handler  stm32f1xx_it.o
    0x0800339e   0x00000002   PAD
    0x080033a0   0x00000094   Code   RO         6572    i.LogInit           usart.o
    0x08003434   0x00000014   Code   RO         8896    i.McuPowerEnable    gpio.o
    0x08003448   0x00000044   Code   RO         8897    i.McuPowerInit      gpio.o
    0x0800348c   0x00000004   Code   RO          294    i.MemManage_Handler  stm32f1xx_it.o
    0x08003490   0x00000064   Code   RO         7864    i.MessageReceiveFromISR  message.o
    0x080034f4   0x000002c4   Code   RO         7865    i.MessageReceiveTask  message.o
    0x080037b8   0x00000088   Code   RO         7866    i.MessageSend       message.o
    0x08003840   0x000000a8   Code   RO         7868    i.MessageSendTask   message.o
    0x080038e8   0x00000080   Code   RO         7869    i.MsgInfoConfig     message.o
    0x08003968   0x00000002   Code   RO          295    i.NMI_Handler       stm32f1xx_it.o
    0x0800396a   0x00000002   PAD
    0x0800396c   0x00000010   Code   RO         1074    i.NVIC_GetPriorityGrouping  stm32f1xx_hal_cortex.o
    0x0800397c   0x00000028   Code   RO         1075    i.NVIC_SetPriority  stm32f1xx_hal_cortex.o
    0x080039a4   0x00000108   Code   RO         8823    i.NetCheck          net.o
    0x08003aac   0x00000080   Code   RO         8129    i.ReleaseDevice     active.o
    0x08003b2c   0x00000068   Code   RO         8130    i.RepActive         active.o
    0x08003b94   0x00000020   Code   RO         8851    i.STMFLASH_Read     flash.o
    0x08003bb4   0x00000006   Code   RO         8852    i.STMFLASH_ReadWord  flash.o
    0x08003bba   0x00000058   Code   RO         8853    i.STMFLASH_Store    flash.o
    0x08003c12   0x00000002   PAD
    0x08003c14   0x000000a4   Code   RO         8854    i.STMFLASH_Write    flash.o
    0x08003cb8   0x0000005c   Code   RO         8461    i.SetFotaIpSocket   fota.o
    0x08003d14   0x000000b8   Code   RO         8462    i.SetFotaPara       fota.o
    0x08003dcc   0x0000005c   Code   RO         8463    i.SetFotaSoftVision  fota.o
    0x08003e28   0x00000068   Code   RO         8464    i.StartFota         fota.o
    0x08003e90   0x000001d8   Code   RO            4    i.StartTask         main.o
    0x08004068   0x00000056   Code   RO         6529    i.Stm32_Clock_Init  sys.o
    0x080040be   0x00000010   Code   RO         6476    i.SysTick_Handler   delay.o
    0x080040ce   0x00000002   PAD
    0x080040d0   0x00000058   Code   RO          352    i.SystemInit        system_stm32f1xx.o
    0x08004128   0x00000030   Code   RO         5553    i.UART_EndTransmit_IT  stm32f1xx_hal_uart.o
    0x08004158   0x000000bc   Code   RO         5554    i.UART_Receive_IT   stm32f1xx_hal_uart.o
    0x08004214   0x000001c8   Code   RO         5555    i.UART_SetConfig    stm32f1xx_hal_uart.o
    0x080043dc   0x00000070   Code   RO         5556    i.UART_Transmit_IT  stm32f1xx_hal_uart.o
    0x0800444c   0x00000010   Code   RO         6573    i.USART1_IRQHandler  usart.o
    0x0800445c   0x00000070   Code   RO         6574    i.USART2_IRQHandler  usart.o
    0x080044cc   0x00000004   Code   RO          296    i.UsageFault_Handler  stm32f1xx_it.o
    0x080044d0   0x000000d8   Code   RO         6575    i.Usart2Init        usart.o
    0x080045a8   0x00000034   Code   RO         6578    i.UsartWrite        usart.o
    0x080045dc   0x00000028   Code   RO         9143    i.__ARM_fpclassify  m_ws.l(fpclassify.o)
    0x08004604   0x0000000e   Code   RO         8978    i._is_digit         c_w.l(__printf_wp.o)
    0x08004612   0x00000004   Code   RO         6579    i._sys_exit         usart.o
    0x08004616   0x0000002a   Code   RO         7945    i.cJSON_AddItemToArray  cjson.o
    0x08004640   0x00000030   Code   RO         7946    i.cJSON_AddItemToObject  cjson.o
    0x08004670   0x00000024   Code   RO         7948    i.cJSON_CreateNumber  cjson.o
    0x08004694   0x00000012   Code   RO         7949    i.cJSON_CreateObject  cjson.o
    0x080046a6   0x0000001c   Code   RO         7950    i.cJSON_CreateString  cjson.o
    0x080046c2   0x00000002   PAD
    0x080046c4   0x00000050   Code   RO         7951    i.cJSON_Delete      cjson.o
    0x08004714   0x00000020   Code   RO         7952    i.cJSON_New_Item    cjson.o
    0x08004734   0x00000010   Code   RO         7955    i.cJSON_Print       cjson.o
    0x08004744   0x0000002c   Code   RO         7956    i.cJSON_strdup      cjson.o
    0x08004770   0x0000005c   Code   RO         6477    i.delay_init        delay.o
    0x080047cc   0x00000048   Code   RO         6479    i.delay_us          delay.o
    0x08004814   0x00000018   Code   RO         6480    i.delay_xms         delay.o
    0x0800482c   0x000001f4   Code   RO         7783    i.deviceConfig      gprs.o
    0x08004a20   0x000000d0   Code   RO         7784    i.deviceConnect     gprs.o
    0x08004af0   0x00000124   Code   RO         7870    i.deviceSend        message.o
    0x08004c14   0x00000070   Code   RO         7785    i.deviceUpdateCSQ   gprs.o
    0x08004c84   0x00000070   Code   RO         7786    i.deviceUpdateIMEI  gprs.o
    0x08004cf4   0x00000070   Code   RO         7787    i.deviceUpdateIMSI  gprs.o
    0x08004d64   0x000000dc   Code   RO         9073    i.floor             m_ws.l(floor.o)
    0x08004e40   0x0000001c   Code   RO         6580    i.fputc             usart.o
    0x08004e5c   0x000000c0   Code   RO            5    i.main              main.o
    0x08004f1c   0x0000016c   Code   RO         7788    i.pdeviceConnect    gprs.o
    0x08005088   0x00000194   Code   RO         7789    i.pdeviceUpdateCSQ  gprs.o
    0x0800521c   0x00000178   Code   RO         7790    i.pdeviceUpdateIMEI  gprs.o
    0x08005394   0x00000178   Code   RO         7791    i.pdeviceUpdateIMSI  gprs.o
    0x0800550c   0x0000016c   Code   RO         7963    i.print_array       cjson.o
    0x08005678   0x00000134   Code   RO         7964    i.print_number      cjson.o
    0x080057ac   0x00000274   Code   RO         7965    i.print_object      cjson.o
    0x08005a20   0x0000000c   Code   RO         7966    i.print_string      cjson.o
    0x08005a2c   0x00000128   Code   RO         7967    i.print_string_ptr  cjson.o
    0x08005b54   0x00000094   Code   RO         7968    i.print_value       cjson.o
    0x08005be8   0x00000098   Code   RO         6962    i.prvAddCurrentTaskToDelayedList  tasks.o
    0x08005c80   0x000000b8   Code   RO         6963    i.prvAddNewTaskToReadyList  tasks.o
    0x08005d38   0x00000064   Code   RO         7345    i.prvCheckForValidListAndQueue  timers.o
    0x08005d9c   0x00000064   Code   RO         6964    i.prvCheckTasksWaitingTermination  tasks.o
    0x08005e00   0x0000002a   Code   RO         6692    i.prvCopyDataFromQueue  queue.o
    0x08005e2a   0x0000007c   Code   RO         6693    i.prvCopyDataToQueue  queue.o
    0x08005ea6   0x00000012   Code   RO         6965    i.prvDeleteTCB      tasks.o
    0x08005eb8   0x00000028   Code   RO         7346    i.prvGetNextExpireTime  timers.o
    0x08005ee0   0x0000007c   Code   RO         7633    i.prvHeapInit       heap_4.o
    0x08005f5c   0x00000028   Code   RO         6966    i.prvIdleTask       tasks.o
    0x08005f84   0x0000002e   Code   RO         6695    i.prvInitialiseNewQueue  queue.o
    0x08005fb2   0x00000002   PAD
    0x08005fb4   0x000000d0   Code   RO         6967    i.prvInitialiseNewTask  tasks.o
    0x08006084   0x0000006c   Code   RO         7347    i.prvInitialiseNewTimer  timers.o
    0x080060f0   0x00000068   Code   RO         6968    i.prvInitialiseTaskLists  tasks.o
    0x08006158   0x00000068   Code   RO         7634    i.prvInsertBlockIntoFreeList  heap_4.o
    0x080061c0   0x00000058   Code   RO         7348    i.prvInsertTimerInActiveList  timers.o
    0x08006218   0x0000001a   Code   RO         6696    i.prvIsQueueEmpty   queue.o
    0x08006232   0x0000001e   Code   RO         6697    i.prvIsQueueFull    queue.o
    0x08006250   0x000000a0   Code   RO         6698    i.prvNotifyQueueSetContainer  queue.o
    0x080062f0   0x00000080   Code   RO         7349    i.prvProcessExpiredTimer  timers.o
    0x08006370   0x0000012c   Code   RO         7350    i.prvProcessReceivedCommands  timers.o
    0x0800649c   0x00000074   Code   RO         7351    i.prvProcessTimerOrBlockTask  timers.o
    0x08006510   0x00000034   Code   RO         6970    i.prvResetNextTaskUnblockTime  tasks.o
    0x08006544   0x0000002c   Code   RO         7352    i.prvSampleTimeNow  timers.o
    0x08006570   0x000000bc   Code   RO         7353    i.prvSwitchTimerLists  timers.o
    0x0800662c   0x00000070   Code   RO         7695    i.prvTaskExitError  port.o
    0x0800669c   0x0000001a   Code   RO         7354    i.prvTimerTask      timers.o
    0x080066b6   0x00000092   Code   RO         6699    i.prvUnlockQueue    queue.o
    0x08006748   0x00000154   Code   RO         7635    i.pvPortMalloc      heap_4.o
    0x0800689c   0x00000020   Code   RO         6975    i.pvTaskIncrementMutexHeldCount  tasks.o
    0x080068bc   0x00000024   Code   RO         7696    i.pxPortInitialiseStack  port.o
    0x080068e0   0x00000006   Code   RO         7970    i.suffix_object     cjson.o
    0x080068e6   0x00000002   PAD
    0x080068e8   0x00000018   Code   RO            6    i.testTask          main.o
    0x08006900   0x00000028   Code   RO         7585    i.uxListRemove      list.o
    0x08006928   0x0000001a   Code   RO         7586    i.vListInitialise   list.o
    0x08006942   0x00000006   Code   RO         7587    i.vListInitialiseItem  list.o
    0x08006948   0x00000034   Code   RO         7588    i.vListInsert       list.o
    0x0800697c   0x00000018   Code   RO         7589    i.vListInsertEnd    list.o
    0x08006994   0x00000088   Code   RO         7698    i.vPortEnterCritical  port.o
    0x08006a1c   0x00000070   Code   RO         7699    i.vPortExitCritical  port.o
    0x08006a8c   0x000000b8   Code   RO         7636    i.vPortFree         heap_4.o
    0x08006b44   0x00000020   Code   RO         7700    i.vPortSetupTimerInterrupt  port.o
    0x08006b64   0x000000a0   Code   RO         7701    i.vPortValidateInterruptPriority  port.o
    0x08006c04   0x0000002c   Code   RO         6705    i.vQueueAddToRegistry  queue.o
    0x08006c30   0x00000048   Code   RO         6706    i.vQueueDelete      queue.o
    0x08006c78   0x00000030   Code   RO         6708    i.vQueueUnregisterQueue  queue.o
    0x08006ca8   0x0000004a   Code   RO         6709    i.vQueueWaitForMessageRestricted  queue.o
    0x08006cf2   0x00000002   PAD
    0x08006cf4   0x00000074   Code   RO         6983    i.vTaskDelay        tasks.o
    0x08006d68   0x0000010c   Code   RO         6985    i.vTaskDelete       tasks.o
    0x08006e74   0x0000000c   Code   RO         6989    i.vTaskMissedYield  tasks.o
    0x08006e80   0x00000054   Code   RO         6991    i.vTaskPlaceOnEventList  tasks.o
    0x08006ed4   0x0000005c   Code   RO         6992    i.vTaskPlaceOnEventListRestricted  tasks.o
    0x08006f30   0x000000b0   Code   RO         6994    i.vTaskPriorityInherit  tasks.o
    0x08006fe0   0x0000004c   Code   RO         6998    i.vTaskSetTimeOutState  tasks.o
    0x0800702c   0x000000ac   Code   RO         6999    i.vTaskStartScheduler  tasks.o
    0x080070d8   0x00000010   Code   RO         7001    i.vTaskSuspendAll   tasks.o
    0x080070e8   0x000000a8   Code   RO         7002    i.vTaskSwitchContext  tasks.o
    0x08007190   0x000000a0   Code   RO         7702    i.xPortStartScheduler  port.o
    0x08007230   0x00000034   Code   RO         7703    i.xPortSysTickHandler  port.o
    0x08007264   0x00000074   Code   RO         6714    i.xQueueGenericCreate  queue.o
    0x080072d8   0x000001c8   Code   RO         6715    i.xQueueGenericReceive  queue.o
    0x080074a0   0x000000b0   Code   RO         6716    i.xQueueGenericReset  queue.o
    0x08007550   0x000001c4   Code   RO         6717    i.xQueueGenericSend  queue.o
    0x08007714   0x00000110   Code   RO         6718    i.xQueueGenericSendFromISR  queue.o
    0x08007824   0x000000a0   Code   RO         7003    i.xTaskCheckForTimeOut  tasks.o
    0x080078c4   0x00000060   Code   RO         7004    i.xTaskCreate       tasks.o
    0x08007924   0x00000020   Code   RO         7009    i.xTaskGetSchedulerState  tasks.o
    0x08007944   0x0000000c   Code   RO         7010    i.xTaskGetTickCount  tasks.o
    0x08007950   0x00000160   Code   RO         7012    i.xTaskIncrementTick  tasks.o
    0x08007ab0   0x000000d8   Code   RO         7015    i.xTaskPriorityDisinherit  tasks.o
    0x08007b88   0x000000b4   Code   RO         7016    i.xTaskRemoveFromEventList  tasks.o
    0x08007c3c   0x00000120   Code   RO         7018    i.xTaskResumeAll    tasks.o
    0x08007d5c   0x00000030   Code   RO         7357    i.xTimerCreate      timers.o
    0x08007d8c   0x00000074   Code   RO         7358    i.xTimerCreateTimerTask  timers.o
    0x08007e00   0x000000a4   Code   RO         7359    i.xTimerGenericCommand  timers.o
    0x08007ea4   0x0000002c   Code   RO         9223    locale$$code        c_w.l(lc_numeric_c.o)
    0x08007ed0   0x00000150   Code   RO         9024    x$fpl$dadd          fz_ws.l(daddsub_clz.o)
    0x08008020   0x00000018   Code   RO         9110    x$fpl$dcmpinf       fz_ws.l(dcmpi.o)
    0x08008038   0x0000005e   Code   RO         9030    x$fpl$dfix          fz_ws.l(dfix.o)
    0x08008096   0x0000002e   Code   RO         9035    x$fpl$dflt          fz_ws.l(dflt_clz.o)
    0x080080c4   0x00000078   Code   RO         9040    x$fpl$dleqf         fz_ws.l(dleqf.o)
    0x0800813c   0x0000009c   Code   RO         9116    x$fpl$dnaninf       fz_ws.l(dnaninf.o)
    0x080081d8   0x0000000c   Code   RO         9118    x$fpl$dretinf       fz_ws.l(dretinf.o)
    0x080081e4   0x0000006c   Code   RO         9044    x$fpl$drleqf        fz_ws.l(drleqf.o)
    0x08008250   0x00000016   Code   RO         9025    x$fpl$drsb          fz_ws.l(daddsub_clz.o)
    0x08008266   0x00000002   PAD
    0x08008268   0x000001d4   Code   RO         9026    x$fpl$dsub          fz_ws.l(daddsub_clz.o)
    0x0800843c   0x00000004   Code   RO         9066    x$fpl$printf1       fz_ws.l(printf1.o)
    0x08008440   0x00000000   Code   RO         9128    x$fpl$usenofp       fz_ws.l(usenofp.o)
    0x08008440   0x00000018   Data   RO          353    .constdata          system_stm32f1xx.o
    0x08008458   0x00000028   Data   RO         8951    .constdata          c_w.l(_printf_hex_int.o)
    0x08008480   0x00000011   Data   RO         8981    .constdata          c_w.l(__printf_flags_wp.o)
    0x08008491   0x00000003   PAD
    0x08008494   0x00000094   Data   RO         9194    .constdata          c_w.l(bigflt0.o)
    0x08008528   0x000000f9   Data   RO         7793    .conststring        gprs.o
    0x08008621   0x00000003   PAD
    0x08008624   0x00000008   Data   RO         7794    .conststrlit        gprs.o
    0x0800862c   0x00000020   Data   RO         9424    Region$$Table       anon$$obj.o
    0x0800864c   0x0000001c   Data   RO         9222    locale$$data        c_w.l(lc_numeric_c.o)


    Execution Region RW_IRAM1 (Base: 0x20000000, Size: 0x00006690, Max: 0x00010000, ABSOLUTE, COMPRESSED[0x00000074])

    Base Addr    Size         Type   Attr      Idx    E Section Name        Object

    0x20000000   0x00000020   Data   RW            7    .data               main.o
    0x20000020   0x00000004   Data   RW          354    .data               system_stm32f1xx.o
    0x20000024   0x00000004   Data   RW          520    .data               stm32f1xx_hal.o
    0x20000028   0x00000004   Data   RW         6481    .data               delay.o
    0x2000002c   0x00000006   Data   RW         6582    .data               usart.o
    0x20000032   0x00000002   PAD
    0x20000034   0x0000003c   Data   RW         7021    .data               tasks.o
    0x20000070   0x00000014   Data   RW         7367    .data               timers.o
    0x20000084   0x00000018   Data   RW         7641    .data               heap_4.o
    0x2000009c   0x0000000c   Data   RW         7704    .data               port.o
    0x200000a8   0x00000164   Data   RW         7795    .data               gprs.o
    0x2000020c   0x00000008   Data   RW         7872    .data               message.o
    0x20000214   0x0000000c   Data   RW         7972    .data               cjson.o
    0x20000220   0x00000004   Data   RW         8175    .data               charge.o
    0x20000224   0x00000004   Data   RW         8318    .data               register.o
    0x20000228   0x00000004   Data   RW         8350    .data               csq.o
    0x2000022c   0x00000004   Data   RW         8379    .data               devcmd.o
    0x20000230   0x00000004   Data   RW         8824    .data               net.o
    0x20000234   0x00000004   PAD
    0x20000238   0x00000020   Zero   RW         1560    .bss                stm32f1xx_hal_flash.o
    0x20000258   0x000000f8   Zero   RW         6581    .bss                usart.o
    0x20000350   0x00000040   Zero   RW         6729    .bss                queue.o
    0x20000390   0x000002e4   Zero   RW         7020    .bss                tasks.o
    0x20000674   0x00000028   Zero   RW         7366    .bss                timers.o
    0x2000069c   0x00005000   Zero   RW         7640    .bss                heap_4.o
    0x2000569c   0x00000140   Zero   RW         7792    .bss                gprs.o
    0x200057dc   0x00000054   Zero   RW         7871    .bss                message.o
    0x20005830   0x00000800   Zero   RW         8855    .bss                flash.o
    0x20006030   0x00000060   Zero   RW         9234    .bss                c_w.l(libspace.o)
    0x20006090   0x00000200   Zero   RW          492    HEAP                startup_stm32f103xe.o
    0x20006290   0x00000400   Zero   RW          491    STACK               startup_stm32f103xe.o


==============================================================================

Image component sizes


      Code (inc. data)   RO Data    RW Data    ZI Data      Debug   Object Name

       624        174          0          0          0       3913   active.o
         0          0          0          4          0        206   charge.o
      2106        162          0         12          0      13111   cjson.o
       340        102          0          4          0       1426   csq.o
       204         22          0          4          0       2122   delay.o
       168         52          0          4          0       1142   devcmd.o
       290          4          0          0       2048       3469   flash.o
       472        128          0          0          0       2904   fota.o
        88         12          0          0          0       1268   gpio.o
      2564        800        257        356        320       6967   gprs.o
       752        176          0         24      20480       3687   heap_4.o
       148          0          0          0          0       2882   list.o
       688        258          0         32          0     499396   main.o
      1532        276          0          8         84       4761   message.o
       264         94          0          4          0        908   net.o
       950        320          0         12          0       9849   port.o
      2284        280          0          0         64      22796   queue.o
       524        172          0          4          0      23557   register.o
        64         26        304          0       1536        776   startup_stm32f103xe.o
       114         12          0          4          0       2708   stm32f1xx_hal.o
       338         22          0          0          0      26205   stm32f1xx_hal_cortex.o
       488         52          0          0         32       3662   stm32f1xx_hal_flash.o
       256         26          0          0          0       2307   stm32f1xx_hal_flash_ex.o
       844         42          0          0          0       2616   stm32f1xx_hal_gpio.o
         2          0          0          0          0        386   stm32f1xx_hal_msp.o
      3112        100          0          0          0       5236   stm32f1xx_hal_rcc.o
      1274          6          0          0          0       6720   stm32f1xx_hal_uart.o
        20          0          0          0          0       2337   stm32f1xx_it.o
        86          0          0          0          0        655   sys.o
        88         18         24          4          0       1011   system_stm32f1xx.o
      3406        878          0         60        740      27739   tasks.o
      1466        352          0         20         40       9666   timers.o
       576         70          0          6        248       5864   usart.o

    ----------------------------------------------------------------------
     26154       4636        620        564      25596     702252   Object Totals
         0          0         32          0          0          0   (incl. Generated)
        22          0          3          2          4          0   (incl. Padding)

    ----------------------------------------------------------------------

      Code (inc. data)   RO Data    RW Data    ZI Data      Debug   Library Member Name

        90          0          0          0          0          0   __dczerorl2.o
         8          0          0          0          0         68   __main.o
       312          4         17          0          0         92   __printf_flags_wp.o
        14          0          0          0          0         68   __printf_wp.o
         0          0          0          0          0          0   __rtentry.o
        12          0          0          0          0          0   __rtentry2.o
         6          0          0          0          0          0   __rtentry4.o
        52          8          0          0          0          0   __scatter.o
        28          0          0          0          0          0   __scatter_zi.o
        44          0          0          0          0        108   _printf_char.o
        48          6          0          0          0         96   _printf_char_common.o
        36          4          0          0          0         80   _printf_char_file.o
         6          0          0          0          0          0   _printf_d.o
       120         16          0          0          0         92   _printf_dec.o
         6          0          0          0          0          0   _printf_e.o
         6          0          0          0          0          0   _printf_f.o
      1050          0          0          0          0        216   _printf_fp_dec.o
       128         16          0          0          0         84   _printf_fp_infnan.o
        88          4         40          0          0         88   _printf_hex_int.o
       178          0          0          0          0         88   _printf_intcommon.o
        78          0          0          0          0        108   _printf_pad.o
         0          0          0          0          0          0   _printf_percent.o
         4          0          0          0          0          0   _printf_percent_end.o
         6          0          0          0          0          0   _printf_s.o
        82          0          0          0          0         80   _printf_str.o
         6          0          0          0          0          0   _printf_x.o
        10          0          0          0          0         68   _sputc.o
        16          0          0          0          0         68   aeabi_memset.o
       220          4        148          0          0         96   bigflt0.o
      1910        128          0          0          0        672   btod.o
        18          0          0          0          0         80   exit.o
         8          0          0          0          0         68   ferror.o
         6          0          0          0          0        152   heapauxi.o
        44         10         28          0          0         76   lc_numeric_c.o
         2          0          0          0          0          0   libinit.o
        18          0          0          0          0          0   libinit2.o
         2          0          0          0          0          0   libshutdown.o
         2          0          0          0          0          0   libshutdown2.o
         8          4          0          0         96         68   libspace.o
       138          0          0          0          0         80   lludiv10.o
        38          0          0          0          0         68   llushr.o
        24          4          0          0          0         84   noretval__2printf.o
        40          6          0          0          0         84   noretval__2sprintf.o
         8          4          0          0          0         68   rt_locale_intlibspace.o
        68          0          0          0          0         68   rt_memclr.o
        78          0          0          0          0         80   rt_memclr_w.o
       138          0          0          0          0         68   rt_memcpy_v6.o
       100          0          0          0          0         80   rt_memcpy_w.o
         2          0          0          0          0          0   rtexit.o
        10          0          0          0          0          0   rtexit2.o
        24          0          0          0          0         68   strcat.o
        20          0          0          0          0         68   strchr.o
       128          0          0          0          0         68   strcmpv7m.o
        72          0          0          0          0         80   strcpy.o
        62          0          0          0          0         76   strlen.o
        36          0          0          0          0         80   strstr.o
        74          0          0          0          0         80   sys_stackheap_outer.o
         2          0          0          0          0         68   use_no_semi.o
         2          0          0          0          0         68   use_no_semi_2.o
       826         16          0          0          0        348   daddsub_clz.o
        24          0          0          0          0         68   dcmpi.o
        94          4          0          0          0         92   dfix.o
        46          0          0          0          0         68   dflt_clz.o
       120          4          0          0          0         92   dleqf.o
       156          4          0          0          0         92   dnaninf.o
        12          0          0          0          0         68   dretinf.o
       108          0          0          0          0         80   drleqf.o
         4          0          0          0          0         68   printf1.o
         0          0          0          0          0          0   usenofp.o
       220         16          0          0          0         84   floor.o
        40          0          0          0          0         68   fpclassify.o

    ----------------------------------------------------------------------
      7398        262        236          0         96       5080   Library Totals
        12          0          3          0          0          0   (incl. Padding)

    ----------------------------------------------------------------------

      Code (inc. data)   RO Data    RW Data    ZI Data      Debug   Library Name

      5736        218        233          0         96       3952   c_w.l
      1390         28          0          0          0        976   fz_ws.l
       260         16          0          0          0        152   m_ws.l

    ----------------------------------------------------------------------
      7398        262        236          0         96       5080   Library Totals

    ----------------------------------------------------------------------

==============================================================================


      Code (inc. data)   RO Data    RW Data    ZI Data      Debug   

     33552       4898        856        564      25692     695004   Grand Totals
     33552       4898        856        116      25692     695004   ELF Image Totals (compressed)
     33552       4898        856        116          0          0   ROM Totals

==============================================================================

    Total RO  Size (Code + RO Data)                34408 (  33.60kB)
    Total RW  Size (RW Data + ZI Data)             26256 (  25.64kB)
    Total ROM Size (Code + RO Data + RW Data)      34524 (  33.71kB)

==============================================================================

